
> architex-axis-shadcn-migration@1.0.0 build
> tsc && vite build

docs/demo/components/project-components-demo.tsx(90,5): error TS2353: Object literal may only specify known properties, and 'deliverables' does not exist in type 'Project'.
docs/demo/components/project-components-demo.tsx(117,5): error TS2353: Object literal may only specify known properties, and 'deliverables' does not exist in type 'Project'.
docs/demo/components/project-components-demo.tsx(144,5): error TS2353: Object literal may only specify known properties, and 'deliverables' does not exist in type 'Project'.
docs/demo/components/project-components-demo.tsx(171,5): error TS2353: Object literal may only specify known properties, and 'deliverables' does not exist in type 'Project'.
docs/demo/components/project-components-demo.tsx(443,11): error TS2739: Type 'Project' is missing the following properties from type 'Project': deliverables, jobCards
docs/demo/components/project-details-view-demo.tsx(30,7): error TS2322: Type '"active"' is not assignable to type 'ProjectStatus'.
docs/demo/components/project-details-view-demo.tsx(45,9): error TS2741: Property 'projectId' is missing in type '{ id: string; title: string; description: string; status: "completed"; priority: "high"; estimatedHours: number; actualHours: number; assignedTo: string; dueDate: Date; }' but required in type 'WorkflowTask'.
docs/demo/components/project-details-view-demo.tsx(56,9): error TS2741: Property 'projectId' is missing in type '{ id: string; title: string; description: string; status: "in-progress"; priority: "high"; estimatedHours: number; actualHours: number; assignedTo: string; dueDate: Date; }' but required in type 'WorkflowTask'.
docs/demo/components/project-details-view-demo.tsx(67,9): error TS2741: Property 'projectId' is missing in type '{ id: string; title: string; description: string; status: "todo"; priority: "medium"; estimatedHours: number; actualHours: number; assignedTo: string; dueDate: Date; }' but required in type 'WorkflowTask'.
docs/demo/components/project-details-view-demo.tsx(78,9): error TS2741: Property 'projectId' is missing in type '{ id: string; title: string; description: string; status: "todo"; priority: "medium"; estimatedHours: number; actualHours: number; assignedTo: string; dueDate: Date; }' but required in type 'WorkflowTask'.
docs/demo/components/project-details-view-demo.tsx(89,9): error TS2741: Property 'projectId' is missing in type '{ id: string; title: string; description: string; status: "review"; priority: "low"; estimatedHours: number; actualHours: number; assignedTo: string; dueDate: Date; }' but required in type 'WorkflowTask'.
docs/demo/components/project-details-view-demo.tsx(107,11): error TS2820: Type '"task_completion"' is not assignable to type '"task_created" | "task_completed" | "timer_started" | "timer_stopped" | "comment_added" | "file_uploaded"'. Did you mean '"task_completed"'?
docs/demo/components/project-details-view-demo.tsx(114,11): error TS2322: Type '"file_update"' is not assignable to type '"task_created" | "task_completed" | "timer_started" | "timer_stopped" | "comment_added" | "file_uploaded"'.
docs/demo/components/project-details-view-demo.tsx(121,11): error TS2322: Type '"meeting"' is not assignable to type '"task_created" | "task_completed" | "timer_started" | "timer_stopped" | "comment_added" | "file_uploaded"'.
docs/demo/components/project-details-view-demo.tsx(128,11): error TS2322: Type '"task_start"' is not assignable to type '"task_created" | "task_completed" | "timer_started" | "timer_stopped" | "comment_added" | "file_uploaded"'.
docs/demo/components/project-details-view-demo.tsx(135,11): error TS2820: Type '"file_upload"' is not assignable to type '"task_created" | "task_completed" | "timer_started" | "timer_stopped" | "comment_added" | "file_uploaded"'. Did you mean '"file_uploaded"'?
docs/demo/components/project-details-view-demo.tsx(144,7): error TS2322: Type '"planning"' is not assignable to type 'ProjectStatus'.
docs/demo/components/project-details-view-demo.tsx(158,9): error TS2741: Property 'projectId' is missing in type '{ id: string; title: string; description: string; status: "completed"; priority: "high"; estimatedHours: number; actualHours: number; assignedTo: string; dueDate: Date; }' but required in type 'WorkflowTask'.
docs/demo/components/project-details-view-demo.tsx(169,9): error TS2741: Property 'projectId' is missing in type '{ id: string; title: string; description: string; status: "in-progress"; priority: "high"; estimatedHours: number; actualHours: number; assignedTo: string; dueDate: Date; }' but required in type 'WorkflowTask'.
docs/demo/components/project-details-view-demo.tsx(187,11): error TS2322: Type '"submission"' is not assignable to type '"task_created" | "task_completed" | "timer_started" | "timer_stopped" | "comment_added" | "file_uploaded"'.
docs/demo/components/project-details-view-demo.tsx(196,7): error TS2820: Type '"on-hold"' is not assignable to type 'ProjectStatus'. Did you mean 'ProjectStatus.ON_HOLD'?
docs/demo/components/project-details-view-demo.tsx(212,9): error TS2741: Property 'projectId' is missing in type '{ id: string; title: string; description: string; status: "completed"; priority: "urgent"; estimatedHours: number; actualHours: number; assignedTo: string; dueDate: Date; }' but required in type 'WorkflowTask'.
docs/demo/components/project-details-view-demo.tsx(223,9): error TS2741: Property 'projectId' is missing in type '{ id: string; title: string; description: string; status: "in-progress"; priority: "high"; estimatedHours: number; actualHours: number; assignedTo: string; dueDate: Date; }' but required in type 'WorkflowTask'.
docs/demo/components/project-details-view-demo.tsx(241,11): error TS2322: Type '"status_change"' is not assignable to type '"task_created" | "task_completed" | "timer_started" | "timer_stopped" | "comment_added" | "file_uploaded"'.
src/components/admin/AnalyticsDashboard.tsx(192,9): error TS2451: Cannot redeclare block-scoped variable 'handleExportPDF'.
src/components/admin/AnalyticsDashboard.tsx(203,9): error TS2451: Cannot redeclare block-scoped variable 'handleExportChartPDF'.
src/components/admin/AnalyticsDashboard.tsx(214,9): error TS2451: Cannot redeclare block-scoped variable 'handleExportPDF'.
src/components/admin/AnalyticsDashboard.tsx(225,9): error TS2451: Cannot redeclare block-scoped variable 'handleExportChartPDF'.
src/components/admin/ShadcnFileManagementDashboard.tsx(5,33): error TS2307: Cannot find module '../../utils/advancedFileManager' or its corresponding type declarations.
src/components/admin/ShadcnFileManagementDashboard.tsx(7,45): error TS2307: Cannot find module '../../utils/filePermissions' or its corresponding type declarations.
src/components/admin/ShadcnFileManagementDashboard.tsx(8,36): error TS2307: Cannot find module '../../utils/bulkFileOperations' or its corresponding type declarations.
src/components/admin/ShadcnFileManagementDashboard.tsx(110,48): error TS2339: Property 'isDeleted' does not exist on type 'ProjectFile'.
src/components/admin/ShadcnFileManagementDashboard.tsx(116,13): error TS2339: Property 'description' does not exist on type 'ProjectFile'.
src/components/admin/ShadcnFileManagementDashboard.tsx(248,14): error TS2339: Property 'isDeleted' does not exist on type 'ProjectFile'.
src/components/admin/ShadcnFileManagementDashboard.tsx(249,14): error TS2339: Property 'shareLinks' does not exist on type 'ProjectFile'.
src/components/admin/ShadcnFileManagementDashboard.tsx(250,14): error TS2551: Property 'versions' does not exist on type 'ProjectFile'. Did you mean 'version'?
src/components/admin/ShadcnFileManagementDashboard.tsx(250,31): error TS2551: Property 'versions' does not exist on type 'ProjectFile'. Did you mean 'version'?
src/components/admin/ShadcnFileManagementDashboard.tsx(255,14): error TS2339: Property 'isDeleted' does not exist on type 'ProjectFile'.
src/components/admin/ShadcnFileManagementDashboard.tsx(256,14): error TS2339: Property 'shareLinks' does not exist on type 'ProjectFile'.
src/components/admin/ShadcnFileManagementDashboard.tsx(257,14): error TS2551: Property 'versions' does not exist on type 'ProjectFile'. Did you mean 'version'?
src/components/admin/ShadcnFileManagementDashboard.tsx(257,31): error TS2551: Property 'versions' does not exist on type 'ProjectFile'. Did you mean 'version'?
src/components/admin/ShadcnFileManagementDashboard.tsx(257,68): error TS2339: Property 'currentVersion' does not exist on type 'ProjectFile'.
src/components/admin/ShadcnFileManagementDashboard.tsx(396,49): error TS2339: Property 'isDeleted' does not exist on type 'ProjectFile'.
src/components/admin/ShadcnFileManagementDashboard.tsx(433,57): error TS2345: Argument of type 'string' is not assignable to parameter of type 'FileCategory'.
src/components/admin/ShadcnFileManagementDashboard.tsx(455,35): error TS2339: Property 'description' does not exist on type 'ProjectFile'.
src/components/admin/ShadcnFileManagementDashboard.tsx(456,84): error TS2339: Property 'description' does not exist on type 'ProjectFile'.
src/components/admin/ShadcnFileManagementDashboard.tsx(616,11): error TS2322: Type '{ id: string; name: string; parentId?: string; }[]' is not assignable to type 'FileFolder[]'.
  Type '{ id: string; name: string; parentId?: string; }' is missing the following properties from type 'FileFolder': projectId, createdAt, createdBy
src/components/admin/ShadcnUserManagementPage.tsx(9,37): error TS2307: Cannot find module '../../utils/rateCalculationUtils' or its corresponding type declarations.
src/components/admin/ShadcnUserManagementPage.tsx(77,34): error TS2339: Property 'deleteUser' does not exist on type 'AppContextType'.
src/components/admin/ShadcnUserManagementPage.tsx(146,17): error TS2339: Property 'skills' does not exist on type 'User'.
src/components/admin/ShadcnUserManagementPage.tsx(165,25): error TS2339: Property 'tempPassword' does not exist on type 'User'.
src/components/admin/ShadcnUserManagementPage.tsx(172,87): error TS2339: Property 'tempPassword' does not exist on type 'User'.
src/components/admin/ShadcnUserManagementPage.tsx(286,30): error TS2339: Property 'onboarding' does not exist on type 'User'.
src/components/admin/ShadcnUserManagementPage.tsx(287,27): error TS2339: Property 'onboarding' does not exist on type 'User'.
src/components/admin/ShadcnUserManagementPage.tsx(371,24): error TS2339: Property 'lastSeen' does not exist on type 'User'.
src/components/admin/ShadcnUserManagementPage.tsx(371,57): error TS2339: Property 'lastSeen' does not exist on type 'User'.
src/components/charts/AccessibleChart.tsx(275,34): error TS2741: Property 'payload' is missing in type '{}' but required in type 'Pick<Props, "payload" | "verticalAlign">'.
src/components/charts/AccessibleChart.tsx(327,32): error TS2741: Property 'payload' is missing in type '{}' but required in type 'Pick<Props, "payload" | "verticalAlign">'.
src/components/charts/ChartZoomPanSystem.tsx(301,39): error TS2345: Argument of type 'React.TouchList' is not assignable to parameter of type 'TouchList'.
  Property '[Symbol.iterator]' is missing in type 'React.TouchList' but required in type 'TouchList'.
src/components/charts/ChartZoomPanSystem.tsx(302,35): error TS2345: Argument of type 'React.TouchList' is not assignable to parameter of type 'TouchList'.
  Property '[Symbol.iterator]' is missing in type 'React.TouchList' but required in type 'TouchList'.
src/components/charts/ChartZoomPanSystem.tsx(311,39): error TS2345: Argument of type 'React.TouchList' is not assignable to parameter of type 'TouchList'.
  Property '[Symbol.iterator]' is missing in type 'React.TouchList' but required in type 'TouchList'.
src/components/charts/EnhancedShadcnChart.tsx(161,12): error TS2322: Type '{ children: (Element | Element[])[]; data: any; onClick: (data: any, index: number) => void; }' is not assignable to type 'CartesianChartProps'.
  Types of property 'onClick' are incompatible.
    Type '(data: any, index: number) => void' is not assignable to type 'CategoricalChartFunc'.
      Types of parameters 'index' and 'event' are incompatible.
        Type 'SyntheticEvent<Element, Event>' is not assignable to type 'number'.
src/components/charts/EnhancedShadcnChart.tsx(185,51): error TS2741: Property 'payload' is missing in type '{}' but required in type 'Pick<Props, "payload" | "verticalAlign">'.
src/components/charts/EnhancedShadcnChart.tsx(203,12): error TS2322: Type '{ children: (Element | Element[])[]; data: any; onClick: (data: any, index: number) => void; }' is not assignable to type 'CartesianChartProps'.
  Types of property 'onClick' are incompatible.
    Type '(data: any, index: number) => void' is not assignable to type 'CategoricalChartFunc'.
      Types of parameters 'index' and 'event' are incompatible.
        Type 'SyntheticEvent<Element, Event>' is not assignable to type 'number'.
src/components/charts/EnhancedShadcnChart.tsx(227,51): error TS2741: Property 'payload' is missing in type '{}' but required in type 'Pick<Props, "payload" | "verticalAlign">'.
src/components/charts/EnhancedShadcnChart.tsx(287,51): error TS2741: Property 'payload' is missing in type '{}' but required in type 'Pick<Props, "payload" | "verticalAlign">'.
src/components/charts/InteractiveChart.tsx(184,10): error TS2322: Type '{ children: (Element | Element[])[]; data: any; onClick: (data: any, index: number) => void; }' is not assignable to type 'CartesianChartProps'.
  Types of property 'onClick' are incompatible.
    Type '(data: any, index: number) => void' is not assignable to type 'CategoricalChartFunc'.
      Types of parameters 'index' and 'event' are incompatible.
        Type 'SyntheticEvent<Element, Event>' is not assignable to type 'number'.
src/components/charts/InteractiveChart.tsx(211,34): error TS2741: Property 'payload' is missing in type '{}' but required in type 'Pick<Props, "payload" | "verticalAlign">'.
src/components/charts/InteractiveChart.tsx(260,8): error TS2322: Type '{ children: (Element | Element[])[]; data: any; onClick: (data: any, index: number) => void; }' is not assignable to type 'CartesianChartProps'.
  Types of property 'onClick' are incompatible.
    Type '(data: any, index: number) => void' is not assignable to type 'CategoricalChartFunc'.
      Types of parameters 'index' and 'event' are incompatible.
        Type 'SyntheticEvent<Element, Event>' is not assignable to type 'number'.
src/components/charts/InteractiveChart.tsx(287,32): error TS2741: Property 'payload' is missing in type '{}' but required in type 'Pick<Props, "payload" | "verticalAlign">'.
src/components/charts/ShadcnAnalyticsCharts.tsx(176,36): error TS2741: Property 'payload' is missing in type '{}' but required in type 'Pick<Props, "payload" | "verticalAlign">'.
src/components/charts/ShadcnAnalyticsCharts.tsx(217,36): error TS2741: Property 'payload' is missing in type '{}' but required in type 'Pick<Props, "payload" | "verticalAlign">'.
src/components/charts/ShadcnAnalyticsCharts.tsx(270,36): error TS2741: Property 'payload' is missing in type '{}' but required in type 'Pick<Props, "payload" | "verticalAlign">'.
src/components/ChatInterfaceDemo.tsx(4,10): error TS2305: Module '"../types"' has no exported member 'Message'.
src/components/dashboard/DashboardCustomization.tsx(242,78): error TS2339: Property 'description' does not exist on type 'DashboardWidget'.
src/components/dashboard/DashboardWidgets.tsx(20,41): error TS2322: Type 'Promise<typeof import("D:/a7.1/a.7.1-s/src/components/dashboard/widgets/RecentActivityWidget")>' is not assignable to type 'Promise<{ default: ComponentType<any>; }>'.
  Property 'default' is missing in type 'typeof import("D:/a7.1/a.7.1-s/src/components/dashboard/widgets/RecentActivityWidget")' but required in type '{ default: ComponentType<any>; }'.
src/components/dashboard/EnhancedDashboardGrid.tsx(110,38): error TS2339: Property 'minW' does not exist on type 'DashboardWidget'.
src/components/dashboard/EnhancedDashboardGrid.tsx(110,65): error TS2339: Property 'maxW' does not exist on type 'DashboardWidget'.
src/components/dashboard/EnhancedDashboardGrid.tsx(111,38): error TS2339: Property 'minH' does not exist on type 'DashboardWidget'.
src/components/dashboard/EnhancedDashboardGrid.tsx(111,65): error TS2339: Property 'maxH' does not exist on type 'DashboardWidget'.
src/components/dashboard/EnhancedDashboardGrid.tsx(134,17): error TS2339: Property 'defaultW' does not exist on type 'DashboardWidget'.
src/components/dashboard/EnhancedDashboardGrid.tsx(135,17): error TS2339: Property 'defaultH' does not exist on type 'DashboardWidget'.
src/components/dashboard/EnhancedDashboardGrid.tsx(136,20): error TS2339: Property 'minW' does not exist on type 'DashboardWidget'.
src/components/dashboard/EnhancedDashboardGrid.tsx(137,20): error TS2339: Property 'minH' does not exist on type 'DashboardWidget'.
src/components/dashboard/EnhancedDashboardGrid.tsx(138,20): error TS2339: Property 'maxW' does not exist on type 'DashboardWidget'.
src/components/dashboard/EnhancedDashboardGrid.tsx(139,20): error TS2339: Property 'maxH' does not exist on type 'DashboardWidget'.
src/components/dashboard/EnhancedDashboardGrid.tsx(187,19): error TS2339: Property 'description' does not exist on type 'DashboardWidget'.
src/components/dashboard/EnhancedDashboardGrid.tsx(188,58): error TS2339: Property 'description' does not exist on type 'DashboardWidget'.
src/components/dashboard/EnhancedDashboardGrid.tsx(194,21): error TS2339: Property 'type' does not exist on type 'DashboardWidget'.
src/components/dashboard/EnhancedDashboardGrid.tsx(398,57): error TS2339: Property 'name' does not exist on type 'DashboardWidget'.
src/components/dashboard/EnhancedDashboardGrid.tsx(439,52): error TS2339: Property 'name' does not exist on type 'DashboardWidget'.
src/components/dashboard/EnhancedDashboardGrid.tsx(457,48): error TS2339: Property 'minW' does not exist on type 'DashboardWidget'.
src/components/dashboard/EnhancedDashboardGrid.tsx(458,48): error TS2339: Property 'minH' does not exist on type 'DashboardWidget'.
src/components/dashboard/EnhancedDashboardGrid.tsx(507,34): error TS2339: Property 'type' does not exist on type 'DashboardWidget'.
src/components/dashboards/admin/app-sidebar.tsx(20,8): error TS2307: Cannot find module '@tabler/icons-react' or its corresponding type declarations.
src/components/dashboards/admin/app-sidebar.tsx(23,25): error TS2307: Cannot find module '@/components/dashboards/admin/nav-main' or its corresponding type declarations.
src/components/dashboards/admin/app-sidebar.tsx(24,30): error TS2307: Cannot find module '@/components/dashboards/admin/nav-secondary' or its corresponding type declarations.
src/components/dashboards/admin/app-sidebar.tsx(25,25): error TS2307: Cannot find module '@/components/dashboards/admin/nav-user' or its corresponding type declarations.
src/components/dashboards/admin/nav-documents.tsx(9,8): error TS2307: Cannot find module '@tabler/icons-react' or its corresponding type declarations.
src/components/dashboards/admin/nav-documents.tsx(75,35): error TS2322: Type '{ children: Element[]; variant: string; }' is not assignable to type 'IntrinsicAttributes & Omit<DropdownMenuItemProps & RefAttributes<HTMLDivElement>, "ref"> & { ...; } & RefAttributes<...>'.
  Property 'variant' does not exist on type 'IntrinsicAttributes & Omit<DropdownMenuItemProps & RefAttributes<HTMLDivElement>, "ref"> & { ...; } & RefAttributes<...>'.
src/components/dashboards/app-sidebar.tsx(20,8): error TS2307: Cannot find module '@tabler/icons-react' or its corresponding type declarations.
src/components/dashboards/app-sidebar.tsx(22,30): error TS2307: Cannot find module '@/components/dashboards/nav-documents' or its corresponding type declarations.
src/components/dashboards/app-sidebar.tsx(23,25): error TS2307: Cannot find module '@/components/dashboards/nav-main' or its corresponding type declarations.
src/components/dashboards/app-sidebar.tsx(24,30): error TS2307: Cannot find module '@/components/dashboards/nav-secondary' or its corresponding type declarations.
src/components/dashboards/app-sidebar.tsx(25,25): error TS2307: Cannot find module '@/components/dashboards/nav-user' or its corresponding type declarations.
src/components/demos/FormEnhancementsDemo.tsx(126,7): error TS2322: Type 'string' is not assignable to type 'boolean'.
src/components/demos/FormEnhancementsDemo.tsx(156,7): error TS2322: Type 'string' is not assignable to type 'boolean'.
src/components/file/EnhancedFileSearch.tsx(9,8): error TS2307: Cannot find module '@/lib/shadcn/command' or its corresponding type declarations.
src/components/file/EnhancedFileSearch.tsx(14,8): error TS2307: Cannot find module '@/lib/shadcn/popover' or its corresponding type declarations.
src/components/file/EnhancedFileSearch.tsx(15,24): error TS2307: Cannot find module '@/lib/shadcn/button' or its corresponding type declarations.
src/components/file/EnhancedFileSearch.tsx(16,23): error TS2307: Cannot find module '@/lib/shadcn/badge' or its corresponding type declarations.
src/components/file/EnhancedFileSearch.tsx(17,23): error TS2307: Cannot find module '@/lib/shadcn/input' or its corresponding type declarations.
src/components/file/EnhancedFileSearch.tsx(18,35): error TS2307: Cannot find module '@/lib/shadcn/card' or its corresponding type declarations.
src/components/file/EnhancedFileSearch.tsx(19,27): error TS2307: Cannot find module '@/lib/shadcn/separator' or its corresponding type declarations.
src/components/file/EnhancedFileSearch.tsx(26,8): error TS2307: Cannot find module '@/lib/shadcn/select' or its corresponding type declarations.
src/components/file/EnhancedFileSearch.tsx(155,41): error TS2339: Property 'description' does not exist on type 'ProjectFile'.
src/components/file/EnhancedFileSearch.tsx(177,51): error TS2367: This comparison appears to be unintentional because the types '"TODAY" | "WEEK" | "MONTH" | "YEAR"' and '"OLDER"' have no overlap.
src/components/file/EnhancedFileSearch.tsx(199,44): error TS2551: Property 'folderId' does not exist on type 'ProjectFile'. Did you mean 'folder'?
src/components/file/EnhancedFileSearch.tsx(316,66): error TS2339: Property 'OTHER' does not exist on type 'typeof FileCategory'.
src/components/file/EnhancedFileUploadModal.tsx(107,5): error TS2322: Type 'Resolver<{ category: "DOCUMENTS" | "IMAGES" | "ARCHIVES" | "OTHER"; permissions: { level: FilePermissionLevel; allowDownload?: boolean; allowShare?: boolean; allowDelete?: boolean; allowVersioning?: boolean; allowComments?: boolean; }; description?: string; tags?: string[]; }, any, { ...; }>' is not assignable to type 'Resolver<{ category: "DOCUMENTS" | "IMAGES" | "ARCHIVES" | "OTHER"; tags: string[]; permissions: { level: FilePermissionLevel; allowDownload: boolean; allowShare: boolean; allowDelete: boolean; allowVersioning: boolean; allowComments: boolean; }; description?: string; }, any, { ...; }>'.
  Types of parameters 'options' and 'options' are incompatible.
    Type 'ResolverOptions<{ category: "DOCUMENTS" | "IMAGES" | "ARCHIVES" | "OTHER"; tags: string[]; permissions: { level: FilePermissionLevel; allowDownload: boolean; allowShare: boolean; allowDelete: boolean; allowVersioning: boolean; allowComments: boolean; }; description?: string; }>' is not assignable to type 'ResolverOptions<{ category: "DOCUMENTS" | "IMAGES" | "ARCHIVES" | "OTHER"; permissions: { level: FilePermissionLevel; allowDownload?: boolean; allowShare?: boolean; allowDelete?: boolean; allowVersioning?: boolean; allowComments?: boolean; }; description?: string; tags?: string[]; }>'.
      Type '{ category: "DOCUMENTS" | "IMAGES" | "ARCHIVES" | "OTHER"; permissions: { level: FilePermissionLevel; allowDownload?: boolean; allowShare?: boolean; allowDelete?: boolean; allowVersioning?: boolean; allowComments?: boolean; }; description?: string; tags?: string[]; }' is not assignable to type '{ category: "DOCUMENTS" | "IMAGES" | "ARCHIVES" | "OTHER"; tags: string[]; permissions: { level: FilePermissionLevel; allowDownload: boolean; allowShare: boolean; allowDelete: boolean; allowVersioning: boolean; allowComments: boolean; }; description?: string; }'.
        Property 'tags' is optional in type '{ category: "DOCUMENTS" | "IMAGES" | "ARCHIVES" | "OTHER"; permissions: { level: FilePermissionLevel; allowDownload?: boolean; allowShare?: boolean; allowDelete?: boolean; allowVersioning?: boolean; allowComments?: boolean; }; description?: string; tags?: string[]; }' but required in type '{ category: "DOCUMENTS" | "IMAGES" | "ARCHIVES" | "OTHER"; tags: string[]; permissions: { level: FilePermissionLevel; allowDownload: boolean; allowShare: boolean; allowDelete: boolean; allowVersioning: boolean; allowComments: boolean; }; description?: string; }'.
src/components/file/EnhancedFileUploadModal.tsx(113,36): error TS2339: Property 'PROJECT_MEMBERS' does not exist on type 'typeof FilePermissionLevel'.
src/components/file/EnhancedFileUploadModal.tsx(187,34): error TS2554: Expected 3-5 arguments, but got 2.
src/components/file/EnhancedFileUploadModal.tsx(193,26): error TS2339: Property 'public_id' does not exist on type 'ProjectFile'.
src/components/file/EnhancedFileUploadModal.tsx(195,27): error TS2339: Property 'secure_url' does not exist on type 'ProjectFile'.
src/components/file/EnhancedFileUploadModal.tsx(200,9): error TS2322: Type 'string' is not assignable to type 'Timestamp'.
src/components/file/EnhancedFileUploadModal.tsx(234,36): error TS2345: Argument of type '(data: FileUploadFormData) => Promise<void>' is not assignable to parameter of type 'SubmitHandler<TFieldValues>'.
  Types of parameters 'data' and 'data' are incompatible.
    Type 'TFieldValues' is not assignable to type '{ category: "DOCUMENTS" | "IMAGES" | "ARCHIVES" | "OTHER"; tags: string[]; permissions: { level: FilePermissionLevel; allowDownload: boolean; allowShare: boolean; allowDelete: boolean; allowVersioning: boolean; allowComments: boolean; }; description?: string; }'.
      Type 'FieldValues' is missing the following properties from type '{ category: "DOCUMENTS" | "IMAGES" | "ARCHIVES" | "OTHER"; tags: string[]; permissions: { level: FilePermissionLevel; allowDownload: boolean; allowShare: boolean; allowDelete: boolean; allowVersioning: boolean; allowComments: boolean; }; description?: string; }': category, tags, permissions
src/components/file/EnhancedFileUploadModal.tsx(267,43): error TS2345: Argument of type '(data: FileUploadFormData) => Promise<void>' is not assignable to parameter of type 'SubmitHandler<TFieldValues>'.
  Types of parameters 'data' and 'data' are incompatible.
    Type 'TFieldValues' is not assignable to type '{ category: "DOCUMENTS" | "IMAGES" | "ARCHIVES" | "OTHER"; tags: string[]; permissions: { level: FilePermissionLevel; allowDownload: boolean; allowShare: boolean; allowDelete: boolean; allowVersioning: boolean; allowComments: boolean; }; description?: string; }'.
      Type 'FieldValues' is missing the following properties from type '{ category: "DOCUMENTS" | "IMAGES" | "ARCHIVES" | "OTHER"; tags: string[]; permissions: { level: FilePermissionLevel; allowDownload: boolean; allowShare: boolean; allowDelete: boolean; allowVersioning: boolean; allowComments: boolean; }; description?: string; }': category, tags, permissions
src/components/file/EnhancedFileUploadModal.tsx(337,27): error TS2322: Type 'Record<string, FileUploadProgress>' is not assignable to type 'ReactNode'.
  Type 'Record<string, FileUploadProgress>' is missing the following properties from type 'ReactPortal': children, type, props, key
src/components/file/EnhancedFileUploadModal.tsx(339,29): error TS2322: Type 'Record<string, FileUploadProgress>' is not assignable to type 'number'.
src/components/file/EnhancedFileUploadModal.tsx(357,17): error TS2322: Type 'Control<{ category: "DOCUMENTS" | "IMAGES" | "ARCHIVES" | "OTHER"; tags: string[]; permissions: { level: FilePermissionLevel; allowDownload: boolean; allowShare: boolean; allowDelete: boolean; allowVersioning: boolean; allowComments: boolean; }; description?: string; }, any, TFieldValues>' is not assignable to type 'Control<{ category: "DOCUMENTS" | "IMAGES" | "ARCHIVES" | "OTHER"; tags: string[]; permissions: { level: FilePermissionLevel; allowDownload: boolean; allowShare: boolean; allowDelete: boolean; allowVersioning: boolean; allowComments: boolean; }; description?: string; }, any, { ...; }>'.
  The types of '_options.formControl.handleSubmit' are incompatible between these types.
    Type 'UseFormHandleSubmit<{ category: "DOCUMENTS" | "IMAGES" | "ARCHIVES" | "OTHER"; tags: string[]; permissions: { level: FilePermissionLevel; allowDownload: boolean; allowShare: boolean; allowDelete: boolean; allowVersioning: boolean; allowComments: boolean; }; description?: string; }, TFieldValues>' is not assignable to type 'UseFormHandleSubmit<{ category: "DOCUMENTS" | "IMAGES" | "ARCHIVES" | "OTHER"; tags: string[]; permissions: { level: FilePermissionLevel; allowDownload: boolean; allowShare: boolean; allowDelete: boolean; allowVersioning: boolean; allowComments: boolean; }; description?: string; }, { ...; }>'.
      Types of parameters 'onValid' and 'onValid' are incompatible.
        Types of parameters 'data' and 'data' are incompatible.
          Type 'TFieldValues' is not assignable to type '{ category: "DOCUMENTS" | "IMAGES" | "ARCHIVES" | "OTHER"; tags: string[]; permissions: { level: FilePermissionLevel; allowDownload: boolean; allowShare: boolean; allowDelete: boolean; allowVersioning: boolean; allowComments: boolean; }; description?: string; }'.
            Type 'FieldValues' is missing the following properties from type '{ category: "DOCUMENTS" | "IMAGES" | "ARCHIVES" | "OTHER"; tags: string[]; permissions: { level: FilePermissionLevel; allowDownload: boolean; allowShare: boolean; allowDelete: boolean; allowVersioning: boolean; allowComments: boolean; }; description?: string; }': category, tags, permissions
src/components/file/EnhancedFileUploadModal.tsx(376,17): error TS2322: Type 'Control<{ category: "DOCUMENTS" | "IMAGES" | "ARCHIVES" | "OTHER"; tags: string[]; permissions: { level: FilePermissionLevel; allowDownload: boolean; allowShare: boolean; allowDelete: boolean; allowVersioning: boolean; allowComments: boolean; }; description?: string; }, any, TFieldValues>' is not assignable to type 'Control<{ category: "DOCUMENTS" | "IMAGES" | "ARCHIVES" | "OTHER"; tags: string[]; permissions: { level: FilePermissionLevel; allowDownload: boolean; allowShare: boolean; allowDelete: boolean; allowVersioning: boolean; allowComments: boolean; }; description?: string; }, any, { ...; }>'.
  The types of '_options.formControl.handleSubmit' are incompatible between these types.
    Type 'UseFormHandleSubmit<{ category: "DOCUMENTS" | "IMAGES" | "ARCHIVES" | "OTHER"; tags: string[]; permissions: { level: FilePermissionLevel; allowDownload: boolean; allowShare: boolean; allowDelete: boolean; allowVersioning: boolean; allowComments: boolean; }; description?: string; }, TFieldValues>' is not assignable to type 'UseFormHandleSubmit<{ category: "DOCUMENTS" | "IMAGES" | "ARCHIVES" | "OTHER"; tags: string[]; permissions: { level: FilePermissionLevel; allowDownload: boolean; allowShare: boolean; allowDelete: boolean; allowVersioning: boolean; allowComments: boolean; }; description?: string; }, { ...; }>'.
      Types of parameters 'onValid' and 'onValid' are incompatible.
        Types of parameters 'data' and 'data' are incompatible.
          Type 'TFieldValues' is not assignable to type '{ category: "DOCUMENTS" | "IMAGES" | "ARCHIVES" | "OTHER"; tags: string[]; permissions: { level: FilePermissionLevel; allowDownload: boolean; allowShare: boolean; allowDelete: boolean; allowVersioning: boolean; allowComments: boolean; }; description?: string; }'.
            Type 'FieldValues' is missing the following properties from type '{ category: "DOCUMENTS" | "IMAGES" | "ARCHIVES" | "OTHER"; tags: string[]; permissions: { level: FilePermissionLevel; allowDownload: boolean; allowShare: boolean; allowDelete: boolean; allowVersioning: boolean; allowComments: boolean; }; description?: string; }': category, tags, permissions
src/components/file/EnhancedFileUploadModal.tsx(428,17): error TS2322: Type 'Control<{ category: "DOCUMENTS" | "IMAGES" | "ARCHIVES" | "OTHER"; tags: string[]; permissions: { level: FilePermissionLevel; allowDownload: boolean; allowShare: boolean; allowDelete: boolean; allowVersioning: boolean; allowComments: boolean; }; description?: string; }, any, TFieldValues>' is not assignable to type 'Control<{ category: "DOCUMENTS" | "IMAGES" | "ARCHIVES" | "OTHER"; tags: string[]; permissions: { level: FilePermissionLevel; allowDownload: boolean; allowShare: boolean; allowDelete: boolean; allowVersioning: boolean; allowComments: boolean; }; description?: string; }, any, { ...; }>'.
  The types of '_options.formControl.handleSubmit' are incompatible between these types.
    Type 'UseFormHandleSubmit<{ category: "DOCUMENTS" | "IMAGES" | "ARCHIVES" | "OTHER"; tags: string[]; permissions: { level: FilePermissionLevel; allowDownload: boolean; allowShare: boolean; allowDelete: boolean; allowVersioning: boolean; allowComments: boolean; }; description?: string; }, TFieldValues>' is not assignable to type 'UseFormHandleSubmit<{ category: "DOCUMENTS" | "IMAGES" | "ARCHIVES" | "OTHER"; tags: string[]; permissions: { level: FilePermissionLevel; allowDownload: boolean; allowShare: boolean; allowDelete: boolean; allowVersioning: boolean; allowComments: boolean; }; description?: string; }, { ...; }>'.
      Types of parameters 'onValid' and 'onValid' are incompatible.
        Types of parameters 'data' and 'data' are incompatible.
          Type 'TFieldValues' is not assignable to type '{ category: "DOCUMENTS" | "IMAGES" | "ARCHIVES" | "OTHER"; tags: string[]; permissions: { level: FilePermissionLevel; allowDownload: boolean; allowShare: boolean; allowDelete: boolean; allowVersioning: boolean; allowComments: boolean; }; description?: string; }'.
            Type 'FieldValues' is missing the following properties from type '{ category: "DOCUMENTS" | "IMAGES" | "ARCHIVES" | "OTHER"; tags: string[]; permissions: { level: FilePermissionLevel; allowDownload: boolean; allowShare: boolean; allowDelete: boolean; allowVersioning: boolean; allowComments: boolean; }; description?: string; }': category, tags, permissions
src/components/file/EnhancedFileUploadModal.tsx(440,64): error TS2339: Property 'PUBLIC' does not exist on type 'typeof FilePermissionLevel'.
src/components/file/EnhancedFileUploadModal.tsx(441,64): error TS2339: Property 'PROJECT_MEMBERS' does not exist on type 'typeof FilePermissionLevel'.
src/components/file/EnhancedFileUploadModal.tsx(442,64): error TS2339: Property 'TEAM_ONLY' does not exist on type 'typeof FilePermissionLevel'.
src/components/file/EnhancedFileUploadModal.tsx(443,64): error TS2339: Property 'PRIVATE' does not exist on type 'typeof FilePermissionLevel'.
src/components/file/EnhancedFileUploadModal.tsx(453,19): error TS2322: Type 'Control<{ category: "DOCUMENTS" | "IMAGES" | "ARCHIVES" | "OTHER"; tags: string[]; permissions: { level: FilePermissionLevel; allowDownload: boolean; allowShare: boolean; allowDelete: boolean; allowVersioning: boolean; allowComments: boolean; }; description?: string; }, any, TFieldValues>' is not assignable to type 'Control<{ category: "DOCUMENTS" | "IMAGES" | "ARCHIVES" | "OTHER"; tags: string[]; permissions: { level: FilePermissionLevel; allowDownload: boolean; allowShare: boolean; allowDelete: boolean; allowVersioning: boolean; allowComments: boolean; }; description?: string; }, any, { ...; }>'.
  The types of '_options.formControl.handleSubmit' are incompatible between these types.
    Type 'UseFormHandleSubmit<{ category: "DOCUMENTS" | "IMAGES" | "ARCHIVES" | "OTHER"; tags: string[]; permissions: { level: FilePermissionLevel; allowDownload: boolean; allowShare: boolean; allowDelete: boolean; allowVersioning: boolean; allowComments: boolean; }; description?: string; }, TFieldValues>' is not assignable to type 'UseFormHandleSubmit<{ category: "DOCUMENTS" | "IMAGES" | "ARCHIVES" | "OTHER"; tags: string[]; permissions: { level: FilePermissionLevel; allowDownload: boolean; allowShare: boolean; allowDelete: boolean; allowVersioning: boolean; allowComments: boolean; }; description?: string; }, { ...; }>'.
      Types of parameters 'onValid' and 'onValid' are incompatible.
        Types of parameters 'data' and 'data' are incompatible.
          Type 'TFieldValues' is not assignable to type '{ category: "DOCUMENTS" | "IMAGES" | "ARCHIVES" | "OTHER"; tags: string[]; permissions: { level: FilePermissionLevel; allowDownload: boolean; allowShare: boolean; allowDelete: boolean; allowVersioning: boolean; allowComments: boolean; }; description?: string; }'.
            Type 'FieldValues' is missing the following properties from type '{ category: "DOCUMENTS" | "IMAGES" | "ARCHIVES" | "OTHER"; tags: string[]; permissions: { level: FilePermissionLevel; allowDownload: boolean; allowShare: boolean; allowDelete: boolean; allowVersioning: boolean; allowComments: boolean; }; description?: string; }': category, tags, permissions
src/components/file/EnhancedFileUploadModal.tsx(471,19): error TS2322: Type 'Control<{ category: "DOCUMENTS" | "IMAGES" | "ARCHIVES" | "OTHER"; tags: string[]; permissions: { level: FilePermissionLevel; allowDownload: boolean; allowShare: boolean; allowDelete: boolean; allowVersioning: boolean; allowComments: boolean; }; description?: string; }, any, TFieldValues>' is not assignable to type 'Control<{ category: "DOCUMENTS" | "IMAGES" | "ARCHIVES" | "OTHER"; tags: string[]; permissions: { level: FilePermissionLevel; allowDownload: boolean; allowShare: boolean; allowDelete: boolean; allowVersioning: boolean; allowComments: boolean; }; description?: string; }, any, { ...; }>'.
  The types of '_options.formControl.handleSubmit' are incompatible between these types.
    Type 'UseFormHandleSubmit<{ category: "DOCUMENTS" | "IMAGES" | "ARCHIVES" | "OTHER"; tags: string[]; permissions: { level: FilePermissionLevel; allowDownload: boolean; allowShare: boolean; allowDelete: boolean; allowVersioning: boolean; allowComments: boolean; }; description?: string; }, TFieldValues>' is not assignable to type 'UseFormHandleSubmit<{ category: "DOCUMENTS" | "IMAGES" | "ARCHIVES" | "OTHER"; tags: string[]; permissions: { level: FilePermissionLevel; allowDownload: boolean; allowShare: boolean; allowDelete: boolean; allowVersioning: boolean; allowComments: boolean; }; description?: string; }, { ...; }>'.
      Types of parameters 'onValid' and 'onValid' are incompatible.
        Types of parameters 'data' and 'data' are incompatible.
          Type 'TFieldValues' is not assignable to type '{ category: "DOCUMENTS" | "IMAGES" | "ARCHIVES" | "OTHER"; tags: string[]; permissions: { level: FilePermissionLevel; allowDownload: boolean; allowShare: boolean; allowDelete: boolean; allowVersioning: boolean; allowComments: boolean; }; description?: string; }'.
            Type 'FieldValues' is missing the following properties from type '{ category: "DOCUMENTS" | "IMAGES" | "ARCHIVES" | "OTHER"; tags: string[]; permissions: { level: FilePermissionLevel; allowDownload: boolean; allowShare: boolean; allowDelete: boolean; allowVersioning: boolean; allowComments: boolean; }; description?: string; }': category, tags, permissions
src/components/file/FileMetadataEditor.tsx(61,23): error TS2305: Module '"@/types"' has no exported member 'FileCategory'.
src/components/file/FileMetadataEditor.tsx(78,21): error TS2554: Expected 2-3 arguments, but got 1.
src/components/file/FileMetadataEditor.tsx(145,5): error TS2322: Type 'Resolver<{ name: string; category: any; permissions: { level: FilePermissionLevel; allowDownload: boolean; allowShare: boolean; allowDelete: boolean; allowVersioning: boolean; allowComments: boolean; }; description?: string; tags?: string[]; customMetadata?: Record<...>; }, any, { ...; }>' is not assignable to type 'Resolver<{ name: string; category: any; tags: string[]; permissions: { level: FilePermissionLevel; allowDownload: boolean; allowShare: boolean; allowDelete: boolean; allowVersioning: boolean; allowComments: boolean; }; description?: string; customMetadata?: Record<...>; }, any, { ...; }>'.
  Types of parameters 'options' and 'options' are incompatible.
    Type 'ResolverOptions<{ name: string; category: any; tags: string[]; permissions: { level: FilePermissionLevel; allowDownload: boolean; allowShare: boolean; allowDelete: boolean; allowVersioning: boolean; allowComments: boolean; }; description?: string; customMetadata?: Record<...>; }>' is not assignable to type 'ResolverOptions<{ name: string; category: any; permissions: { level: FilePermissionLevel; allowDownload: boolean; allowShare: boolean; allowDelete: boolean; allowVersioning: boolean; allowComments: boolean; }; description?: string; tags?: string[]; customMetadata?: Record<...>; }>'.
      Type '{ name: string; category: any; permissions: { level: FilePermissionLevel; allowDownload: boolean; allowShare: boolean; allowDelete: boolean; allowVersioning: boolean; allowComments: boolean; }; description?: string; tags?: string[]; customMetadata?: Record<...>; }' is not assignable to type '{ name: string; category: any; tags: string[]; permissions: { level: FilePermissionLevel; allowDownload: boolean; allowShare: boolean; allowDelete: boolean; allowVersioning: boolean; allowComments: boolean; }; description?: string; customMetadata?: Record<...>; }'.
        Property 'tags' is optional in type '{ name: string; category: any; permissions: { level: FilePermissionLevel; allowDownload: boolean; allowShare: boolean; allowDelete: boolean; allowVersioning: boolean; allowComments: boolean; }; description?: string; tags?: string[]; customMetadata?: Record<...>; }' but required in type '{ name: string; category: any; tags: string[]; permissions: { level: FilePermissionLevel; allowDownload: boolean; allowShare: boolean; allowDelete: boolean; allowVersioning: boolean; allowComments: boolean; }; description?: string; customMetadata?: Record<...>; }'.
src/components/file/FileMetadataEditor.tsx(148,25): error TS2339: Property 'description' does not exist on type 'ProjectFile'.
src/components/file/FileMetadataEditor.tsx(159,28): error TS2339: Property 'customMetadata' does not exist on type 'ProjectFile'.
src/components/file/FileMetadataEditor.tsx(167,27): error TS2339: Property 'description' does not exist on type 'ProjectFile'.
src/components/file/FileMetadataEditor.tsx(178,30): error TS2339: Property 'customMetadata' does not exist on type 'ProjectFile'.
src/components/file/FileMetadataEditor.tsx(192,50): error TS2339: Property 'includes' does not exist on type 'never'.
src/components/file/FileMetadataEditor.tsx(194,29): error TS2345: Argument of type 'string[]' is not assignable to parameter of type 'never'.
src/components/file/FileMetadataEditor.tsx(201,27): error TS2345: Argument of type 'any' is not assignable to parameter of type 'never'.
src/components/file/FileMetadataEditor.tsx(201,39): error TS2339: Property 'filter' does not exist on type 'never'.
src/components/file/FileMetadataEditor.tsx(207,39): error TS2345: Argument of type 'any' is not assignable to parameter of type 'never'.
src/components/file/FileMetadataEditor.tsx(208,9): error TS2698: Spread types may only be created from object types.
src/components/file/FileMetadataEditor.tsx(218,32): error TS2700: Rest types may only be created from object types.
src/components/file/FileMetadataEditor.tsx(219,37): error TS2345: Argument of type 'any' is not assignable to parameter of type 'never'.
src/components/file/FileMetadataEditor.tsx(235,9): error TS2739: Type 'Date' is missing the following properties from type 'Timestamp': seconds, nanoseconds, toDate, toMillis, isEqual
src/components/file/FileMetadataEditor.tsx(281,47): error TS2345: Argument of type '(data: FileMetadataFormData) => Promise<void>' is not assignable to parameter of type 'SubmitHandler<TFieldValues>'.
  Types of parameters 'data' and 'data' are incompatible.
    Type 'TFieldValues' is not assignable to type '{ name: string; category: any; tags: string[]; permissions: { level: FilePermissionLevel; allowDownload: boolean; allowShare: boolean; allowDelete: boolean; allowVersioning: boolean; allowComments: boolean; }; description?: string; customMetadata?: Record<...>; }'.
      Type 'FieldValues' is missing the following properties from type '{ name: string; category: any; tags: string[]; permissions: { level: FilePermissionLevel; allowDownload: boolean; allowShare: boolean; allowDelete: boolean; allowVersioning: boolean; allowComments: boolean; }; description?: string; customMetadata?: Record<...>; }': name, category, tags, permissions
src/components/file/FileMetadataEditor.tsx(285,19): error TS2322: Type 'Control<{ name: string; category: any; tags: string[]; permissions: { level: FilePermissionLevel; allowDownload: boolean; allowShare: boolean; allowDelete: boolean; allowVersioning: boolean; allowComments: boolean; }; description?: string; customMetadata?: Record<...>; }, any, TFieldValues>' is not assignable to type 'Control<{ name: string; category: any; tags: string[]; permissions: { level: FilePermissionLevel; allowDownload: boolean; allowShare: boolean; allowDelete: boolean; allowVersioning: boolean; allowComments: boolean; }; description?: string; customMetadata?: Record<...>; }, any, { ...; }>'.
  The types of '_options.formControl.handleSubmit' are incompatible between these types.
    Type 'UseFormHandleSubmit<{ name: string; category: any; tags: string[]; permissions: { level: FilePermissionLevel; allowDownload: boolean; allowShare: boolean; allowDelete: boolean; allowVersioning: boolean; allowComments: boolean; }; description?: string; customMetadata?: Record<...>; }, TFieldValues>' is not assignable to type 'UseFormHandleSubmit<{ name: string; category: any; tags: string[]; permissions: { level: FilePermissionLevel; allowDownload: boolean; allowShare: boolean; allowDelete: boolean; allowVersioning: boolean; allowComments: boolean; }; description?: string; customMetadata?: Record<...>; }, { ...; }>'.
      Types of parameters 'onValid' and 'onValid' are incompatible.
        Types of parameters 'data' and 'data' are incompatible.
          Type 'TFieldValues' is not assignable to type '{ name: string; category: any; tags: string[]; permissions: { level: FilePermissionLevel; allowDownload: boolean; allowShare: boolean; allowDelete: boolean; allowVersioning: boolean; allowComments: boolean; }; description?: string; customMetadata?: Record<...>; }'.
            Type 'FieldValues' is missing the following properties from type '{ name: string; category: any; tags: string[]; permissions: { level: FilePermissionLevel; allowDownload: boolean; allowShare: boolean; allowDelete: boolean; allowVersioning: boolean; allowComments: boolean; }; description?: string; customMetadata?: Record<...>; }': name, category, tags, permissions
src/components/file/FileMetadataEditor.tsx(300,19): error TS2322: Type 'Control<{ name: string; category: any; tags: string[]; permissions: { level: FilePermissionLevel; allowDownload: boolean; allowShare: boolean; allowDelete: boolean; allowVersioning: boolean; allowComments: boolean; }; description?: string; customMetadata?: Record<...>; }, any, TFieldValues>' is not assignable to type 'Control<{ name: string; category: any; tags: string[]; permissions: { level: FilePermissionLevel; allowDownload: boolean; allowShare: boolean; allowDelete: boolean; allowVersioning: boolean; allowComments: boolean; }; description?: string; customMetadata?: Record<...>; }, any, { ...; }>'.
  The types of '_options.formControl.handleSubmit' are incompatible between these types.
    Type 'UseFormHandleSubmit<{ name: string; category: any; tags: string[]; permissions: { level: FilePermissionLevel; allowDownload: boolean; allowShare: boolean; allowDelete: boolean; allowVersioning: boolean; allowComments: boolean; }; description?: string; customMetadata?: Record<...>; }, TFieldValues>' is not assignable to type 'UseFormHandleSubmit<{ name: string; category: any; tags: string[]; permissions: { level: FilePermissionLevel; allowDownload: boolean; allowShare: boolean; allowDelete: boolean; allowVersioning: boolean; allowComments: boolean; }; description?: string; customMetadata?: Record<...>; }, { ...; }>'.
      Types of parameters 'onValid' and 'onValid' are incompatible.
        Types of parameters 'data' and 'data' are incompatible.
          Type 'TFieldValues' is not assignable to type '{ name: string; category: any; tags: string[]; permissions: { level: FilePermissionLevel; allowDownload: boolean; allowShare: boolean; allowDelete: boolean; allowVersioning: boolean; allowComments: boolean; }; description?: string; customMetadata?: Record<...>; }'.
            Type 'FieldValues' is missing the following properties from type '{ name: string; category: any; tags: string[]; permissions: { level: FilePermissionLevel; allowDownload: boolean; allowShare: boolean; allowDelete: boolean; allowVersioning: boolean; allowComments: boolean; }; description?: string; customMetadata?: Record<...>; }': name, category, tags, permissions
src/components/file/FileMetadataEditor.tsx(323,19): error TS2322: Type 'Control<{ name: string; category: any; tags: string[]; permissions: { level: FilePermissionLevel; allowDownload: boolean; allowShare: boolean; allowDelete: boolean; allowVersioning: boolean; allowComments: boolean; }; description?: string; customMetadata?: Record<...>; }, any, TFieldValues>' is not assignable to type 'Control<{ name: string; category: any; tags: string[]; permissions: { level: FilePermissionLevel; allowDownload: boolean; allowShare: boolean; allowDelete: boolean; allowVersioning: boolean; allowComments: boolean; }; description?: string; customMetadata?: Record<...>; }, any, { ...; }>'.
  The types of '_options.formControl.handleSubmit' are incompatible between these types.
    Type 'UseFormHandleSubmit<{ name: string; category: any; tags: string[]; permissions: { level: FilePermissionLevel; allowDownload: boolean; allowShare: boolean; allowDelete: boolean; allowVersioning: boolean; allowComments: boolean; }; description?: string; customMetadata?: Record<...>; }, TFieldValues>' is not assignable to type 'UseFormHandleSubmit<{ name: string; category: any; tags: string[]; permissions: { level: FilePermissionLevel; allowDownload: boolean; allowShare: boolean; allowDelete: boolean; allowVersioning: boolean; allowComments: boolean; }; description?: string; customMetadata?: Record<...>; }, { ...; }>'.
      Types of parameters 'onValid' and 'onValid' are incompatible.
        Types of parameters 'data' and 'data' are incompatible.
          Type 'TFieldValues' is not assignable to type '{ name: string; category: any; tags: string[]; permissions: { level: FilePermissionLevel; allowDownload: boolean; allowShare: boolean; allowDelete: boolean; allowVersioning: boolean; allowComments: boolean; }; description?: string; customMetadata?: Record<...>; }'.
            Type 'FieldValues' is missing the following properties from type '{ name: string; category: any; tags: string[]; permissions: { level: FilePermissionLevel; allowDownload: boolean; allowShare: boolean; allowDelete: boolean; allowVersioning: boolean; allowComments: boolean; }; description?: string; customMetadata?: Record<...>; }': name, category, tags, permissions
src/components/file/FileMetadataEditor.tsx(336,41): error TS2322: Type 'unknown' is not assignable to type 'Key'.
src/components/file/FileMetadataEditor.tsx(336,56): error TS2322: Type 'unknown' is not assignable to type 'string'.
src/components/file/FileMetadataEditor.tsx(337,41): error TS2339: Property 'replace' does not exist on type 'unknown'.
src/components/file/FileMetadataEditor.tsx(377,43): error TS2339: Property 'map' does not exist on type 'never'.
src/components/file/FileMetadataEditor.tsx(388,43): error TS2339: Property 'length' does not exist on type 'never'.
src/components/file/FileMetadataEditor.tsx(400,62): error TS2339: Property 'includes' does not exist on type 'never'.
src/components/file/FileMetadataEditor.tsx(408,55): error TS2345: Argument of type 'string[]' is not assignable to parameter of type 'never'.
src/components/file/FileMetadataEditor.tsx(431,19): error TS2322: Type 'Control<{ name: string; category: any; tags: string[]; permissions: { level: FilePermissionLevel; allowDownload: boolean; allowShare: boolean; allowDelete: boolean; allowVersioning: boolean; allowComments: boolean; }; description?: string; customMetadata?: Record<...>; }, any, TFieldValues>' is not assignable to type 'Control<{ name: string; category: any; tags: string[]; permissions: { level: FilePermissionLevel; allowDownload: boolean; allowShare: boolean; allowDelete: boolean; allowVersioning: boolean; allowComments: boolean; }; description?: string; customMetadata?: Record<...>; }, any, { ...; }>'.
  The types of '_options.formControl.handleSubmit' are incompatible between these types.
    Type 'UseFormHandleSubmit<{ name: string; category: any; tags: string[]; permissions: { level: FilePermissionLevel; allowDownload: boolean; allowShare: boolean; allowDelete: boolean; allowVersioning: boolean; allowComments: boolean; }; description?: string; customMetadata?: Record<...>; }, TFieldValues>' is not assignable to type 'UseFormHandleSubmit<{ name: string; category: any; tags: string[]; permissions: { level: FilePermissionLevel; allowDownload: boolean; allowShare: boolean; allowDelete: boolean; allowVersioning: boolean; allowComments: boolean; }; description?: string; customMetadata?: Record<...>; }, { ...; }>'.
      Types of parameters 'onValid' and 'onValid' are incompatible.
        Types of parameters 'data' and 'data' are incompatible.
          Type 'TFieldValues' is not assignable to type '{ name: string; category: any; tags: string[]; permissions: { level: FilePermissionLevel; allowDownload: boolean; allowShare: boolean; allowDelete: boolean; allowVersioning: boolean; allowComments: boolean; }; description?: string; customMetadata?: Record<...>; }'.
            Type 'FieldValues' is missing the following properties from type '{ name: string; category: any; tags: string[]; permissions: { level: FilePermissionLevel; allowDownload: boolean; allowShare: boolean; allowDelete: boolean; allowVersioning: boolean; allowComments: boolean; }; description?: string; customMetadata?: Record<...>; }': name, category, tags, permissions
src/components/file/FileMetadataEditor.tsx(475,25): error TS2322: Type 'Control<{ name: string; category: any; tags: string[]; permissions: { level: FilePermissionLevel; allowDownload: boolean; allowShare: boolean; allowDelete: boolean; allowVersioning: boolean; allowComments: boolean; }; description?: string; customMetadata?: Record<...>; }, any, TFieldValues>' is not assignable to type 'Control<{ name: string; category: any; tags: string[]; permissions: { level: FilePermissionLevel; allowDownload: boolean; allowShare: boolean; allowDelete: boolean; allowVersioning: boolean; allowComments: boolean; }; description?: string; customMetadata?: Record<...>; }, any, { ...; }>'.
  The types of '_options.formControl.handleSubmit' are incompatible between these types.
    Type 'UseFormHandleSubmit<{ name: string; category: any; tags: string[]; permissions: { level: FilePermissionLevel; allowDownload: boolean; allowShare: boolean; allowDelete: boolean; allowVersioning: boolean; allowComments: boolean; }; description?: string; customMetadata?: Record<...>; }, TFieldValues>' is not assignable to type 'UseFormHandleSubmit<{ name: string; category: any; tags: string[]; permissions: { level: FilePermissionLevel; allowDownload: boolean; allowShare: boolean; allowDelete: boolean; allowVersioning: boolean; allowComments: boolean; }; description?: string; customMetadata?: Record<...>; }, { ...; }>'.
      Types of parameters 'onValid' and 'onValid' are incompatible.
        Types of parameters 'data' and 'data' are incompatible.
          Type 'TFieldValues' is not assignable to type '{ name: string; category: any; tags: string[]; permissions: { level: FilePermissionLevel; allowDownload: boolean; allowShare: boolean; allowDelete: boolean; allowVersioning: boolean; allowComments: boolean; }; description?: string; customMetadata?: Record<...>; }'.
            Type 'FieldValues' is missing the following properties from type '{ name: string; category: any; tags: string[]; permissions: { level: FilePermissionLevel; allowDownload: boolean; allowShare: boolean; allowDelete: boolean; allowVersioning: boolean; allowComments: boolean; }; description?: string; customMetadata?: Record<...>; }': name, category, tags, permissions
src/components/file/FileMetadataEditor.tsx(567,74): error TS2322: Type 'unknown' is not assignable to type 'ReactNode'.
src/components/file/FileOrganizationDashboard.tsx(57,5): error TS2739: Type '{ DOCUMENTS: number; IMAGES: number; ARCHIVES: number; SUBSTANTIATION: number; DELIVERABLES: number; PROFILE: number; SYSTEM: number; }' is missing the following properties from type 'Record<FileCategory, number>': DRAWINGS, PRESENTATIONS, SPREADSHEETS, VIDEOS, AUDIO
src/components/file/FileOrganizationModal.tsx(12,8): error TS2307: Cannot find module '@/lib/shadcn/dialog' or its corresponding type declarations.
src/components/file/FileOrganizationModal.tsx(20,8): error TS2307: Cannot find module '@/lib/shadcn/form' or its corresponding type declarations.
src/components/file/FileOrganizationModal.tsx(21,24): error TS2307: Cannot find module '@/lib/shadcn/button' or its corresponding type declarations.
src/components/file/FileOrganizationModal.tsx(22,23): error TS2307: Cannot find module '@/lib/shadcn/input' or its corresponding type declarations.
src/components/file/FileOrganizationModal.tsx(23,26): error TS2307: Cannot find module '@/lib/shadcn/textarea' or its corresponding type declarations.
src/components/file/FileOrganizationModal.tsx(24,23): error TS2307: Cannot find module '@/lib/shadcn/badge' or its corresponding type declarations.
src/components/file/FileOrganizationModal.tsx(26,27): error TS2307: Cannot find module '@/lib/shadcn/separator' or its corresponding type declarations.
src/components/file/FileOrganizationModal.tsx(27,79): error TS2307: Cannot find module '@/lib/shadcn/select' or its corresponding type declarations.
src/components/file/FileOrganizationModal.tsx(38,23): error TS2305: Module '"@/types"' has no exported member 'FileCategory'.
src/components/file/FileOrganizationModal.tsx(86,5): error TS2322: Type 'Resolver<{ name: string; category: any; description?: string; tags?: string[]; folder?: string; }, any, { name: string; category: any; tags: string[]; description?: string; folder?: string; }>' is not assignable to type 'Resolver<{ name: string; category: any; tags: string[]; description?: string; folder?: string; }, any, { name: string; category: any; tags: string[]; description?: string; folder?: string; }>'.
  Types of parameters 'options' and 'options' are incompatible.
    Type 'ResolverOptions<{ name: string; category: any; tags: string[]; description?: string; folder?: string; }>' is not assignable to type 'ResolverOptions<{ name: string; category: any; description?: string; tags?: string[]; folder?: string; }>'.
      Type '{ name: string; category: any; description?: string; tags?: string[]; folder?: string; }' is not assignable to type '{ name: string; category: any; tags: string[]; description?: string; folder?: string; }'.
        Property 'tags' is optional in type '{ name: string; category: any; description?: string; tags?: string[]; folder?: string; }' but required in type '{ name: string; category: any; tags: string[]; description?: string; folder?: string; }'.
src/components/file/FileOrganizationModal.tsx(89,25): error TS2339: Property 'description' does not exist on type 'ProjectFile'.
src/components/file/FileOrganizationModal.tsx(92,20): error TS2551: Property 'folderId' does not exist on type 'ProjectFile'. Did you mean 'folder'?
src/components/file/FileOrganizationModal.tsx(100,27): error TS2339: Property 'description' does not exist on type 'ProjectFile'.
src/components/file/FileOrganizationModal.tsx(103,22): error TS2551: Property 'folderId' does not exist on type 'ProjectFile'. Did you mean 'folder'?
src/components/file/FileOrganizationModal.tsx(117,50): error TS2339: Property 'includes' does not exist on type 'never'.
src/components/file/FileOrganizationModal.tsx(119,29): error TS2345: Argument of type 'string[]' is not assignable to parameter of type 'never'.
src/components/file/FileOrganizationModal.tsx(126,27): error TS2345: Argument of type 'any' is not assignable to parameter of type 'never'.
src/components/file/FileOrganizationModal.tsx(126,39): error TS2339: Property 'filter' does not exist on type 'never'.
src/components/file/FileOrganizationModal.tsx(140,31): error TS2345: Argument of type 'string' is not assignable to parameter of type 'never'.
src/components/file/FileOrganizationModal.tsx(160,9): error TS2739: Type 'Date' is missing the following properties from type 'Timestamp': seconds, nanoseconds, toDate, toMillis, isEqual
src/components/file/FileOrganizationModal.tsx(202,45): error TS2345: Argument of type '(data: FileOrganizationFormData) => Promise<void>' is not assignable to parameter of type 'SubmitHandler<TFieldValues>'.
  Types of parameters 'data' and 'data' are incompatible.
    Type 'TFieldValues' is not assignable to type '{ name: string; category: any; tags: string[]; description?: string; folder?: string; }'.
      Type 'FieldValues' is missing the following properties from type '{ name: string; category: any; tags: string[]; description?: string; folder?: string; }': name, category, tags
src/components/file/FileOrganizationModal.tsx(254,39): error TS2339: Property 'replace' does not exist on type 'unknown'.
src/components/file/FileOrganizationModal.tsx(376,39): error TS2339: Property 'map' does not exist on type 'never'.
src/components/file/FileOrganizationModal.tsx(385,39): error TS2339: Property 'length' does not exist on type 'never'.
src/components/file/FileOrganizationModal.tsx(397,58): error TS2339: Property 'includes' does not exist on type 'never'.
src/components/file/FileOrganizationModal.tsx(405,51): error TS2345: Argument of type 'string[]' is not assignable to parameter of type 'never'.
src/components/file/FileShareModal.tsx(99,5): error TS2322: Type 'Resolver<{ recipients: string[]; message?: string; allowDownload?: boolean; expiresAt?: string; notifyByEmail?: boolean; requireLogin?: boolean; }, any, { recipients: string[]; allowDownload: boolean; notifyByEmail: boolean; requireLogin: boolean; message?: string; expiresAt?: string; }>' is not assignable to type 'Resolver<{ recipients: string[]; allowDownload: boolean; notifyByEmail: boolean; requireLogin: boolean; message?: string; expiresAt?: string; }, any, { recipients: string[]; allowDownload: boolean; notifyByEmail: boolean; requireLogin: boolean; message?: string; expiresAt?: string; }>'.
  Types of parameters 'options' and 'options' are incompatible.
    Type 'ResolverOptions<{ recipients: string[]; allowDownload: boolean; notifyByEmail: boolean; requireLogin: boolean; message?: string; expiresAt?: string; }>' is not assignable to type 'ResolverOptions<{ recipients: string[]; message?: string; allowDownload?: boolean; expiresAt?: string; notifyByEmail?: boolean; requireLogin?: boolean; }>'.
      Type '{ recipients: string[]; message?: string; allowDownload?: boolean; expiresAt?: string; notifyByEmail?: boolean; requireLogin?: boolean; }' is not assignable to type '{ recipients: string[]; allowDownload: boolean; notifyByEmail: boolean; requireLogin: boolean; message?: string; expiresAt?: string; }'.
        Property 'allowDownload' is optional in type '{ recipients: string[]; message?: string; allowDownload?: boolean; expiresAt?: string; notifyByEmail?: boolean; requireLogin?: boolean; }' but required in type '{ recipients: string[]; allowDownload: boolean; notifyByEmail: boolean; requireLogin: boolean; message?: string; expiresAt?: string; }'.
src/components/file/FileShareModal.tsx(213,47): error TS2345: Argument of type '(data: FileSharingFormData) => Promise<void>' is not assignable to parameter of type 'SubmitHandler<TFieldValues>'.
  Types of parameters 'data' and 'data' are incompatible.
    Type 'TFieldValues' is not assignable to type '{ recipients: string[]; allowDownload: boolean; notifyByEmail: boolean; requireLogin: boolean; message?: string; expiresAt?: string; }'.
      Type 'FieldValues' is missing the following properties from type '{ recipients: string[]; allowDownload: boolean; notifyByEmail: boolean; requireLogin: boolean; message?: string; expiresAt?: string; }': recipients, allowDownload, notifyByEmail, requireLogin
src/components/file/FileShareModal.tsx(224,21): error TS2322: Type 'Control<{ recipients: string[]; allowDownload: boolean; notifyByEmail: boolean; requireLogin: boolean; message?: string; expiresAt?: string; }, any, TFieldValues>' is not assignable to type 'Control<{ recipients: string[]; allowDownload: boolean; notifyByEmail: boolean; requireLogin: boolean; message?: string; expiresAt?: string; }, any, { recipients: string[]; allowDownload: boolean; notifyByEmail: boolean; requireLogin: boolean; message?: string; expiresAt?: string; }>'.
  The types of '_options.formControl.handleSubmit' are incompatible between these types.
    Type 'UseFormHandleSubmit<{ recipients: string[]; allowDownload: boolean; notifyByEmail: boolean; requireLogin: boolean; message?: string; expiresAt?: string; }, TFieldValues>' is not assignable to type 'UseFormHandleSubmit<{ recipients: string[]; allowDownload: boolean; notifyByEmail: boolean; requireLogin: boolean; message?: string; expiresAt?: string; }, { recipients: string[]; allowDownload: boolean; notifyByEmail: boolean; requireLogin: boolean; message?: string; expiresAt?: string; }>'.
      Types of parameters 'onValid' and 'onValid' are incompatible.
        Types of parameters 'data' and 'data' are incompatible.
          Type 'TFieldValues' is not assignable to type '{ recipients: string[]; allowDownload: boolean; notifyByEmail: boolean; requireLogin: boolean; message?: string; expiresAt?: string; }'.
            Type 'FieldValues' is missing the following properties from type '{ recipients: string[]; allowDownload: boolean; notifyByEmail: boolean; requireLogin: boolean; message?: string; expiresAt?: string; }': recipients, allowDownload, notifyByEmail, requireLogin
src/components/file/FileShareModal.tsx(235,35): error TS2322: Type 'Control<{ recipients: string[]; allowDownload: boolean; notifyByEmail: boolean; requireLogin: boolean; message?: string; expiresAt?: string; }, any, TFieldValues>' is not assignable to type 'Control<{ recipients: string[]; allowDownload: boolean; notifyByEmail: boolean; requireLogin: boolean; message?: string; expiresAt?: string; }, any, { recipients: string[]; allowDownload: boolean; notifyByEmail: boolean; requireLogin: boolean; message?: string; expiresAt?: string; }>'.
  The types of '_options.formControl.handleSubmit' are incompatible between these types.
    Type 'UseFormHandleSubmit<{ recipients: string[]; allowDownload: boolean; notifyByEmail: boolean; requireLogin: boolean; message?: string; expiresAt?: string; }, TFieldValues>' is not assignable to type 'UseFormHandleSubmit<{ recipients: string[]; allowDownload: boolean; notifyByEmail: boolean; requireLogin: boolean; message?: string; expiresAt?: string; }, { recipients: string[]; allowDownload: boolean; notifyByEmail: boolean; requireLogin: boolean; message?: string; expiresAt?: string; }>'.
      Types of parameters 'onValid' and 'onValid' are incompatible.
        Types of parameters 'data' and 'data' are incompatible.
          Type 'TFieldValues' is not assignable to type '{ recipients: string[]; allowDownload: boolean; notifyByEmail: boolean; requireLogin: boolean; message?: string; expiresAt?: string; }'.
            Type 'FieldValues' is missing the following properties from type '{ recipients: string[]; allowDownload: boolean; notifyByEmail: boolean; requireLogin: boolean; message?: string; expiresAt?: string; }': recipients, allowDownload, notifyByEmail, requireLogin
src/components/file/FileShareModal.tsx(307,21): error TS2322: Type 'Control<{ recipients: string[]; allowDownload: boolean; notifyByEmail: boolean; requireLogin: boolean; message?: string; expiresAt?: string; }, any, TFieldValues>' is not assignable to type 'Control<{ recipients: string[]; allowDownload: boolean; notifyByEmail: boolean; requireLogin: boolean; message?: string; expiresAt?: string; }, any, { recipients: string[]; allowDownload: boolean; notifyByEmail: boolean; requireLogin: boolean; message?: string; expiresAt?: string; }>'.
  The types of '_options.formControl.handleSubmit' are incompatible between these types.
    Type 'UseFormHandleSubmit<{ recipients: string[]; allowDownload: boolean; notifyByEmail: boolean; requireLogin: boolean; message?: string; expiresAt?: string; }, TFieldValues>' is not assignable to type 'UseFormHandleSubmit<{ recipients: string[]; allowDownload: boolean; notifyByEmail: boolean; requireLogin: boolean; message?: string; expiresAt?: string; }, { recipients: string[]; allowDownload: boolean; notifyByEmail: boolean; requireLogin: boolean; message?: string; expiresAt?: string; }>'.
      Types of parameters 'onValid' and 'onValid' are incompatible.
        Types of parameters 'data' and 'data' are incompatible.
          Type 'TFieldValues' is not assignable to type '{ recipients: string[]; allowDownload: boolean; notifyByEmail: boolean; requireLogin: boolean; message?: string; expiresAt?: string; }'.
            Type 'FieldValues' is missing the following properties from type '{ recipients: string[]; allowDownload: boolean; notifyByEmail: boolean; requireLogin: boolean; message?: string; expiresAt?: string; }': recipients, allowDownload, notifyByEmail, requireLogin
src/components/file/FileShareModal.tsx(327,23): error TS2322: Type 'Control<{ recipients: string[]; allowDownload: boolean; notifyByEmail: boolean; requireLogin: boolean; message?: string; expiresAt?: string; }, any, TFieldValues>' is not assignable to type 'Control<{ recipients: string[]; allowDownload: boolean; notifyByEmail: boolean; requireLogin: boolean; message?: string; expiresAt?: string; }, any, { recipients: string[]; allowDownload: boolean; notifyByEmail: boolean; requireLogin: boolean; message?: string; expiresAt?: string; }>'.
  The types of '_options.formControl.handleSubmit' are incompatible between these types.
    Type 'UseFormHandleSubmit<{ recipients: string[]; allowDownload: boolean; notifyByEmail: boolean; requireLogin: boolean; message?: string; expiresAt?: string; }, TFieldValues>' is not assignable to type 'UseFormHandleSubmit<{ recipients: string[]; allowDownload: boolean; notifyByEmail: boolean; requireLogin: boolean; message?: string; expiresAt?: string; }, { recipients: string[]; allowDownload: boolean; notifyByEmail: boolean; requireLogin: boolean; message?: string; expiresAt?: string; }>'.
      Types of parameters 'onValid' and 'onValid' are incompatible.
        Types of parameters 'data' and 'data' are incompatible.
          Type 'TFieldValues' is not assignable to type '{ recipients: string[]; allowDownload: boolean; notifyByEmail: boolean; requireLogin: boolean; message?: string; expiresAt?: string; }'.
            Type 'FieldValues' is missing the following properties from type '{ recipients: string[]; allowDownload: boolean; notifyByEmail: boolean; requireLogin: boolean; message?: string; expiresAt?: string; }': recipients, allowDownload, notifyByEmail, requireLogin
src/components/file/FileShareModal.tsx(348,23): error TS2322: Type 'Control<{ recipients: string[]; allowDownload: boolean; notifyByEmail: boolean; requireLogin: boolean; message?: string; expiresAt?: string; }, any, TFieldValues>' is not assignable to type 'Control<{ recipients: string[]; allowDownload: boolean; notifyByEmail: boolean; requireLogin: boolean; message?: string; expiresAt?: string; }, any, { recipients: string[]; allowDownload: boolean; notifyByEmail: boolean; requireLogin: boolean; message?: string; expiresAt?: string; }>'.
  The types of '_options.formControl.handleSubmit' are incompatible between these types.
    Type 'UseFormHandleSubmit<{ recipients: string[]; allowDownload: boolean; notifyByEmail: boolean; requireLogin: boolean; message?: string; expiresAt?: string; }, TFieldValues>' is not assignable to type 'UseFormHandleSubmit<{ recipients: string[]; allowDownload: boolean; notifyByEmail: boolean; requireLogin: boolean; message?: string; expiresAt?: string; }, { recipients: string[]; allowDownload: boolean; notifyByEmail: boolean; requireLogin: boolean; message?: string; expiresAt?: string; }>'.
      Types of parameters 'onValid' and 'onValid' are incompatible.
        Types of parameters 'data' and 'data' are incompatible.
          Type 'TFieldValues' is not assignable to type '{ recipients: string[]; allowDownload: boolean; notifyByEmail: boolean; requireLogin: boolean; message?: string; expiresAt?: string; }'.
            Type 'FieldValues' is missing the following properties from type '{ recipients: string[]; allowDownload: boolean; notifyByEmail: boolean; requireLogin: boolean; message?: string; expiresAt?: string; }': recipients, allowDownload, notifyByEmail, requireLogin
src/components/file/FileShareModal.tsx(370,21): error TS2322: Type 'Control<{ recipients: string[]; allowDownload: boolean; notifyByEmail: boolean; requireLogin: boolean; message?: string; expiresAt?: string; }, any, TFieldValues>' is not assignable to type 'Control<{ recipients: string[]; allowDownload: boolean; notifyByEmail: boolean; requireLogin: boolean; message?: string; expiresAt?: string; }, any, { recipients: string[]; allowDownload: boolean; notifyByEmail: boolean; requireLogin: boolean; message?: string; expiresAt?: string; }>'.
  The types of '_options.formControl.handleSubmit' are incompatible between these types.
    Type 'UseFormHandleSubmit<{ recipients: string[]; allowDownload: boolean; notifyByEmail: boolean; requireLogin: boolean; message?: string; expiresAt?: string; }, TFieldValues>' is not assignable to type 'UseFormHandleSubmit<{ recipients: string[]; allowDownload: boolean; notifyByEmail: boolean; requireLogin: boolean; message?: string; expiresAt?: string; }, { recipients: string[]; allowDownload: boolean; notifyByEmail: boolean; requireLogin: boolean; message?: string; expiresAt?: string; }>'.
      Types of parameters 'onValid' and 'onValid' are incompatible.
        Types of parameters 'data' and 'data' are incompatible.
          Type 'TFieldValues' is not assignable to type '{ recipients: string[]; allowDownload: boolean; notifyByEmail: boolean; requireLogin: boolean; message?: string; expiresAt?: string; }'.
            Type 'FieldValues' is missing the following properties from type '{ recipients: string[]; allowDownload: boolean; notifyByEmail: boolean; requireLogin: boolean; message?: string; expiresAt?: string; }': recipients, allowDownload, notifyByEmail, requireLogin
src/components/file/FolderAccessControl.tsx(160,50): error TS2322: Type '{ className: string; title: string; }' is not assignable to type 'IntrinsicAttributes & LucideProps'.
  Property 'title' does not exist on type 'IntrinsicAttributes & LucideProps'.
src/components/file/FolderAccessControl.tsx(163,56): error TS2322: Type '{ className: string; title: string; }' is not assignable to type 'IntrinsicAttributes & LucideProps'.
  Property 'title' does not exist on type 'IntrinsicAttributes & LucideProps'.
src/components/file/FolderAccessControl.tsx(166,52): error TS2322: Type '{ className: string; title: string; }' is not assignable to type 'IntrinsicAttributes & LucideProps'.
  Property 'title' does not exist on type 'IntrinsicAttributes & LucideProps'.
src/components/files/EnhancedFileManager.tsx(83,9): error TS2741: Property 'uploaderName' is missing in type '{ id: string; name: string; size: number; type: string; uploaderId: string; uploadedAt: any; projectId: string; permissions: { level: any; allowDownload: true; allowShare: false; allowDelete: false; allowVersioning: true; allowComments: true; }; url: string; thumbnailUrl: string; }' but required in type 'ProjectFile'.
src/components/files/EnhancedFileManager.tsx(102,9): error TS2741: Property 'uploaderName' is missing in type '{ id: string; name: string; size: number; type: string; uploaderId: string; uploadedAt: any; projectId: string; permissions: { level: any; allowDownload: true; allowShare: true; allowDelete: true; allowVersioning: true; allowComments: true; }; url: string; }' but required in type 'ProjectFile'.
src/components/files/EnhancedFileManager.tsx(211,15): error TS2741: Property 'uploaderName' is missing in type '{ id: string; name: string; size: number; type: string; uploaderId: string; uploadedAt: any; projectId: string; permissions: FilePermissions; url: string; }' but required in type 'ProjectFile'.
src/components/loading/ComponentSkeletons.tsx(85,6): error TS2322: Type '{ children: Element; showImage: false; headerHeight: string; bodyLines: number; showFooter: true; footerHeight: string; stagger: true; variant: "shimmer"; }' is not assignable to type 'IntrinsicAttributes & { headerHeight?: string | number; bodyLines?: number; footerHeight?: string | number; className?: string; imageHeight?: string | number; showImage?: boolean; showFooter?: boolean; variant?: "default" | ... 2 more ... | "pulse"; stagger?: boolean; }'.
  Property 'children' does not exist on type 'IntrinsicAttributes & { headerHeight?: string | number; bodyLines?: number; footerHeight?: string | number; className?: string; imageHeight?: string | number; showImage?: boolean; showFooter?: boolean; variant?: "default" | ... 2 more ... | "pulse"; stagger?: boolean; }'.
src/components/loading/ComponentSkeletons.tsx(176,6): error TS2322: Type '{ children: Element; showImage: false; headerHeight: string; bodyLines: number; showFooter: false; }' is not assignable to type 'IntrinsicAttributes & { headerHeight?: string | number; bodyLines?: number; footerHeight?: string | number; className?: string; imageHeight?: string | number; showImage?: boolean; showFooter?: boolean; variant?: "default" | ... 2 more ... | "pulse"; stagger?: boolean; }'.
  Property 'children' does not exist on type 'IntrinsicAttributes & { headerHeight?: string | number; bodyLines?: number; footerHeight?: string | number; className?: string; imageHeight?: string | number; showImage?: boolean; showFooter?: boolean; variant?: "default" | ... 2 more ... | "pulse"; stagger?: boolean; }'.
src/components/loading/ComponentSkeletons.tsx(317,6): error TS2322: Type '{ children: Element; showImage: false; headerHeight: string; bodyLines: number; showFooter: false; }' is not assignable to type 'IntrinsicAttributes & { headerHeight?: string | number; bodyLines?: number; footerHeight?: string | number; className?: string; imageHeight?: string | number; showImage?: boolean; showFooter?: boolean; variant?: "default" | ... 2 more ... | "pulse"; stagger?: boolean; }'.
  Property 'children' does not exist on type 'IntrinsicAttributes & { headerHeight?: string | number; bodyLines?: number; footerHeight?: string | number; className?: string; imageHeight?: string | number; showImage?: boolean; showFooter?: boolean; variant?: "default" | ... 2 more ... | "pulse"; stagger?: boolean; }'.
src/components/loading/ComponentSkeletons.tsx(362,12): error TS2322: Type '{ children: Element; key: number; headerHeight: string; bodyLines: number; showFooter: false; }' is not assignable to type 'IntrinsicAttributes & { headerHeight?: string | number; bodyLines?: number; footerHeight?: string | number; className?: string; imageHeight?: string | number; showImage?: boolean; showFooter?: boolean; variant?: "default" | ... 2 more ... | "pulse"; stagger?: boolean; }'.
  Property 'children' does not exist on type 'IntrinsicAttributes & { headerHeight?: string | number; bodyLines?: number; footerHeight?: string | number; className?: string; imageHeight?: string | number; showImage?: boolean; showFooter?: boolean; variant?: "default" | ... 2 more ... | "pulse"; stagger?: boolean; }'.
src/components/loading/DashboardSkeleton.tsx(61,6): error TS2322: Type '{ children: Element; headerHeight: string; bodyLines: number; showFooter: false; className: string; }' is not assignable to type 'IntrinsicAttributes & { headerHeight?: string | number; bodyLines?: number; footerHeight?: string | number; className?: string; imageHeight?: string | number; showImage?: boolean; showFooter?: boolean; variant?: "default" | ... 2 more ... | "pulse"; stagger?: boolean; }'.
  Property 'children' does not exist on type 'IntrinsicAttributes & { headerHeight?: string | number; bodyLines?: number; footerHeight?: string | number; className?: string; imageHeight?: string | number; showImage?: boolean; showFooter?: boolean; variant?: "default" | ... 2 more ... | "pulse"; stagger?: boolean; }'.
src/components/loading/DashboardSkeleton.tsx(93,6): error TS2322: Type '{ children: Element; headerHeight: string; bodyLines: number; showFooter: false; className: string; }' is not assignable to type 'IntrinsicAttributes & { headerHeight?: string | number; bodyLines?: number; footerHeight?: string | number; className?: string; imageHeight?: string | number; showImage?: boolean; showFooter?: boolean; variant?: "default" | ... 2 more ... | "pulse"; stagger?: boolean; }'.
  Property 'children' does not exist on type 'IntrinsicAttributes & { headerHeight?: string | number; bodyLines?: number; footerHeight?: string | number; className?: string; imageHeight?: string | number; showImage?: boolean; showFooter?: boolean; variant?: "default" | ... 2 more ... | "pulse"; stagger?: boolean; }'.
src/components/loading/DashboardSkeleton.tsx(132,6): error TS2322: Type '{ children: Element; headerHeight: string; bodyLines: number; showFooter: false; }' is not assignable to type 'IntrinsicAttributes & { headerHeight?: string | number; bodyLines?: number; footerHeight?: string | number; className?: string; imageHeight?: string | number; showImage?: boolean; showFooter?: boolean; variant?: "default" | ... 2 more ... | "pulse"; stagger?: boolean; }'.
  Property 'children' does not exist on type 'IntrinsicAttributes & { headerHeight?: string | number; bodyLines?: number; footerHeight?: string | number; className?: string; imageHeight?: string | number; showImage?: boolean; showFooter?: boolean; variant?: "default" | ... 2 more ... | "pulse"; stagger?: boolean; }'.
src/components/loading/DashboardSkeleton.tsx(165,6): error TS2322: Type '{ children: Element; headerHeight: string; bodyLines: number; showFooter: false; className: string; }' is not assignable to type 'IntrinsicAttributes & { headerHeight?: string | number; bodyLines?: number; footerHeight?: string | number; className?: string; imageHeight?: string | number; showImage?: boolean; showFooter?: boolean; variant?: "default" | ... 2 more ... | "pulse"; stagger?: boolean; }'.
  Property 'children' does not exist on type 'IntrinsicAttributes & { headerHeight?: string | number; bodyLines?: number; footerHeight?: string | number; className?: string; imageHeight?: string | number; showImage?: boolean; showFooter?: boolean; variant?: "default" | ... 2 more ... | "pulse"; stagger?: boolean; }'.
src/components/loading/DashboardSkeleton.tsx(271,13): error TS2322: Type '{ key: number; height: string; className: string; style: { animationDelay: string; }; }' is not assignable to type 'IntrinsicAttributes & { className?: string; height?: string | number; showHeader?: boolean; }'.
  Property 'style' does not exist on type 'IntrinsicAttributes & { className?: string; height?: string | number; showHeader?: boolean; }'.
src/components/MigrationManager.tsx(2,95): error TS2307: Cannot find module '../../utils/projectMigrationService' or its corresponding type declarations.
src/components/performance/OptimizedImage.tsx(7,10): error TS2305: Module '"@/utils/performance"' has no exported member 'useProgressiveImage'.
src/components/performance/OptimizedImage.tsx(7,31): error TS2305: Module '"@/utils/performance"' has no exported member 'useLazyImage'.
src/components/performance/OptimizedImage.tsx(7,45): error TS2305: Module '"@/utils/performance"' has no exported member 'CLOUDINARY_CONFIG'.
src/components/performance/PerformanceOptimizedCard.tsx(33,44): error TS2345: Argument of type '"content" | "layout" | "paint" | "strict" | "layout paint"' is not assignable to parameter of type 'ContainmentType'.
  Type '"layout paint"' is not assignable to type 'ContainmentType'.
src/components/PresenceAndTypingDemo.tsx(50,34): error TS2554: Expected 2 arguments, but got 1.
src/components/PresenceAndTypingDemo.tsx(51,22): error TS2345: Argument of type 'string[]' is not assignable to parameter of type 'SetStateAction<TypingIndicator[]>'.
  Type 'string[]' is not assignable to type 'TypingIndicator[]'.
    Type 'string' is not assignable to type 'TypingIndicator'.
src/components/profile/AvatarUploadSystem.tsx(232,42): error TS2339: Property 'USER_PRIVATE' does not exist on type 'typeof FilePermissionLevel'.
src/components/profile/EnhancedProfileEditor.tsx(9,10): error TS2300: Duplicate identifier 'Label'.
src/components/profile/EnhancedProfileEditor.tsx(10,10): error TS2300: Duplicate identifier 'Textarea'.
src/components/profile/EnhancedProfileEditor.tsx(11,10): error TS2300: Duplicate identifier 'Select'.
src/components/profile/EnhancedProfileEditor.tsx(11,18): error TS2300: Duplicate identifier 'SelectContent'.
src/components/profile/EnhancedProfileEditor.tsx(11,33): error TS2300: Duplicate identifier 'SelectItem'.
src/components/profile/EnhancedProfileEditor.tsx(11,45): error TS2300: Duplicate identifier 'SelectTrigger'.
src/components/profile/EnhancedProfileEditor.tsx(11,60): error TS2300: Duplicate identifier 'SelectValue'.
src/components/profile/EnhancedProfileEditor.tsx(12,10): error TS2300: Duplicate identifier 'Switch'.
src/components/profile/EnhancedProfileEditor.tsx(13,10): error TS2300: Duplicate identifier 'Separator'.
src/components/profile/EnhancedProfileEditor.tsx(14,10): error TS2300: Duplicate identifier 'Badge'.
src/components/profile/EnhancedProfileEditor.tsx(15,10): error TS2300: Duplicate identifier 'Alert'.
src/components/profile/EnhancedProfileEditor.tsx(15,17): error TS2300: Duplicate identifier 'AlertDescription'.
src/components/profile/EnhancedProfileEditor.tsx(16,10): error TS2300: Duplicate identifier 'Progress'.
src/components/profile/EnhancedProfileEditor.tsx(17,10): error TS2300: Duplicate identifier 'Tabs'.
src/components/profile/EnhancedProfileEditor.tsx(17,16): error TS2300: Duplicate identifier 'TabsContent'.
src/components/profile/EnhancedProfileEditor.tsx(17,29): error TS2300: Duplicate identifier 'TabsList'.
src/components/profile/EnhancedProfileEditor.tsx(17,39): error TS2300: Duplicate identifier 'TabsTrigger'.
src/components/profile/EnhancedProfileEditor.tsx(19,3): error TS2300: Duplicate identifier 'Form'.
src/components/profile/EnhancedProfileEditor.tsx(20,3): error TS2300: Duplicate identifier 'FormControl'.
src/components/profile/EnhancedProfileEditor.tsx(21,3): error TS2300: Duplicate identifier 'FormDescription'.
src/components/profile/EnhancedProfileEditor.tsx(22,3): error TS2300: Duplicate identifier 'FormField'.
src/components/profile/EnhancedProfileEditor.tsx(23,3): error TS2300: Duplicate identifier 'FormItem'.
src/components/profile/EnhancedProfileEditor.tsx(24,3): error TS2300: Duplicate identifier 'FormLabel'.
src/components/profile/EnhancedProfileEditor.tsx(25,3): error TS2300: Duplicate identifier 'FormMessage'.
src/components/profile/EnhancedProfileEditor.tsx(28,11): error TS2300: Duplicate identifier 'UserIcon'.
src/components/profile/EnhancedProfileEditor.tsx(29,3): error TS2300: Duplicate identifier 'Mail'.
src/components/profile/EnhancedProfileEditor.tsx(30,3): error TS2300: Duplicate identifier 'Phone'.
src/components/profile/EnhancedProfileEditor.tsx(31,3): error TS2300: Duplicate identifier 'Building'.
src/components/profile/EnhancedProfileEditor.tsx(32,3): error TS2300: Duplicate identifier 'DollarSign'.
src/components/profile/EnhancedProfileEditor.tsx(33,3): error TS2300: Duplicate identifier 'Globe'.
src/components/profile/EnhancedProfileEditor.tsx(34,3): error TS2300: Duplicate identifier 'Bell'.
src/components/profile/EnhancedProfileEditor.tsx(35,3): error TS2300: Duplicate identifier 'Save'.
src/components/profile/EnhancedProfileEditor.tsx(36,3): error TS2300: Duplicate identifier 'AlertCircle'.
src/components/profile/EnhancedProfileEditor.tsx(37,3): error TS2300: Duplicate identifier 'CheckCircle'.
src/components/profile/EnhancedProfileEditor.tsx(38,3): error TS2300: Duplicate identifier 'Eye'.
src/components/profile/EnhancedProfileEditor.tsx(39,3): error TS2300: Duplicate identifier 'EyeOff'.
src/components/profile/EnhancedProfileEditor.tsx(40,3): error TS2300: Duplicate identifier 'Shield'.
src/components/profile/EnhancedProfileEditor.tsx(41,3): error TS2300: Duplicate identifier 'Settings'.
src/components/profile/EnhancedProfileEditor.tsx(42,3): error TS2300: Duplicate identifier 'Camera'.
src/components/profile/EnhancedProfileEditor.tsx(44,10): error TS2300: Duplicate identifier 'toast'.
src/components/profile/EnhancedProfileEditor.tsx(48,3): error TS2300: Duplicate identifier 'validateProfileField'.
src/components/profile/EnhancedProfileEditor.tsx(49,3): error TS2300: Duplicate identifier 'calculateProfileCompleteness'.
src/components/profile/EnhancedProfileEditor.tsx(50,3): error TS2300: Duplicate identifier 'ProfileValidationResult'.
src/components/profile/EnhancedProfileEditor.tsx(51,3): error TS2300: Duplicate identifier 'ProfileCompletenessReport'.
src/components/profile/EnhancedProfileEditor.tsx(55,10): error TS2300: Duplicate identifier 'IntegratedAvatarUpload'.
src/components/profile/EnhancedProfileEditor.tsx(58,7): error TS2451: Cannot redeclare block-scoped variable 'createProfileSchema'.
src/components/profile/EnhancedProfileEditor.tsx(139,7): error TS2451: Cannot redeclare block-scoped variable 'TIMEZONE_OPTIONS'.
src/components/profile/EnhancedProfileEditor.tsx(151,7): error TS2451: Cannot redeclare block-scoped variable 'LANGUAGE_OPTIONS'.
src/components/profile/EnhancedProfileEditor.tsx(163,17): error TS2323: Cannot redeclare exported variable 'EnhancedProfileEditor'.
src/components/profile/EnhancedProfileEditor.tsx(163,17): error TS2393: Duplicate function implementation.
src/components/profile/EnhancedProfileEditor.tsx(190,5): error TS2322: Type 'Resolver<{ emailNotifications: { projectUpdates?: boolean; messageReceived?: boolean; weeklyReports?: boolean; systemAnnouncements?: boolean; }; profileSettings: { isPublic?: boolean; showEmail?: boolean; showPhone?: boolean; allowDirectMessages?: boolean; }; ... 5 more ...; language?: string; }, any, { ...; }>' is not assignable to type 'Resolver<{ emailNotifications: { projectUpdates: boolean; messageReceived: boolean; weeklyReports: boolean; systemAnnouncements: boolean; }; profileSettings: { isPublic: boolean; showEmail: boolean; showPhone: boolean; allowDirectMessages: boolean; }; ... 5 more ...; phone?: string; }, any, { ...; }>'.
  Types of parameters 'options' and 'options' are incompatible.
    Type 'ResolverOptions<{ emailNotifications: { projectUpdates: boolean; messageReceived: boolean; weeklyReports: boolean; systemAnnouncements: boolean; }; profileSettings: { isPublic: boolean; showEmail: boolean; showPhone: boolean; allowDirectMessages: boolean; }; ... 5 more ...; phone?: string; }>' is not assignable to type 'ResolverOptions<{ emailNotifications: { projectUpdates?: boolean; messageReceived?: boolean; weeklyReports?: boolean; systemAnnouncements?: boolean; }; profileSettings: { isPublic?: boolean; showEmail?: boolean; showPhone?: boolean; allowDirectMessages?: boolean; }; ... 5 more ...; language?: string; }>'.
      Type '{ projectUpdates?: boolean; messageReceived?: boolean; weeklyReports?: boolean; systemAnnouncements?: boolean; }' is not assignable to type '{ projectUpdates: boolean; messageReceived: boolean; weeklyReports: boolean; systemAnnouncements: boolean; }'.
        Property 'projectUpdates' is optional in type '{ projectUpdates?: boolean; messageReceived?: boolean; weeklyReports?: boolean; systemAnnouncements?: boolean; }' but required in type '{ projectUpdates: boolean; messageReceived: boolean; weeklyReports: boolean; systemAnnouncements: boolean; }'.
src/components/profile/EnhancedProfileEditor.tsx(288,9): error TS2322: Type 'unknown' is not assignable to type 'string'.
src/components/profile/EnhancedProfileEditor.tsx(292,9): error TS2322: Type 'unknown' is not assignable to type 'number'.
src/components/profile/EnhancedProfileEditor.tsx(428,43): error TS2345: Argument of type '(data: { emailNotifications: { projectUpdates: boolean; messageReceived: boolean; weeklyReports: boolean; systemAnnouncements: boolean; }; profileSettings: { isPublic: boolean; showEmail: boolean; showPhone: boolean; allowDirectMessages: boolean; }; ... 5 more ...; phone?: string; }) => Promise<...>' is not assignable to parameter of type 'SubmitHandler<TFieldValues>'.
  Types of parameters 'data' and 'data' are incompatible.
    Type 'TFieldValues' is not assignable to type '{ emailNotifications: { projectUpdates: boolean; messageReceived: boolean; weeklyReports: boolean; systemAnnouncements: boolean; }; profileSettings: { isPublic: boolean; showEmail: boolean; showPhone: boolean; allowDirectMessages: boolean; }; ... 5 more ...; phone?: string; }'.
      Type 'FieldValues' is missing the following properties from type '{ emailNotifications: { projectUpdates: boolean; messageReceived: boolean; weeklyReports: boolean; systemAnnouncements: boolean; }; profileSettings: { isPublic: boolean; showEmail: boolean; showPhone: boolean; allowDirectMessages: boolean; }; ... 5 more ...; phone?: string; }': emailNotifications, profileSettings, name, email, and 3 more.
src/components/profile/EnhancedProfileEditor.tsx(464,21): error TS2322: Type 'Control<{ emailNotifications: { projectUpdates: boolean; messageReceived: boolean; weeklyReports: boolean; systemAnnouncements: boolean; }; profileSettings: { isPublic: boolean; showEmail: boolean; showPhone: boolean; allowDirectMessages: boolean; }; ... 5 more ...; phone?: string; }, any, TFieldValues>' is not assignable to type 'Control<{ emailNotifications: { projectUpdates: boolean; messageReceived: boolean; weeklyReports: boolean; systemAnnouncements: boolean; }; profileSettings: { isPublic: boolean; showEmail: boolean; showPhone: boolean; allowDirectMessages: boolean; }; ... 5 more ...; phone?: string; }, any, { ...; }>'.
  The types of '_options.formControl.handleSubmit' are incompatible between these types.
    Type 'UseFormHandleSubmit<{ emailNotifications: { projectUpdates: boolean; messageReceived: boolean; weeklyReports: boolean; systemAnnouncements: boolean; }; profileSettings: { isPublic: boolean; showEmail: boolean; showPhone: boolean; allowDirectMessages: boolean; }; ... 5 more ...; phone?: string; }, TFieldValues>' is not assignable to type 'UseFormHandleSubmit<{ emailNotifications: { projectUpdates: boolean; messageReceived: boolean; weeklyReports: boolean; systemAnnouncements: boolean; }; profileSettings: { isPublic: boolean; showEmail: boolean; showPhone: boolean; allowDirectMessages: boolean; }; ... 5 more ...; phone?: string; }, { ...; }>'.
      Types of parameters 'onValid' and 'onValid' are incompatible.
        Types of parameters 'data' and 'data' are incompatible.
          Type 'TFieldValues' is not assignable to type '{ emailNotifications: { projectUpdates: boolean; messageReceived: boolean; weeklyReports: boolean; systemAnnouncements: boolean; }; profileSettings: { isPublic: boolean; showEmail: boolean; showPhone: boolean; allowDirectMessages: boolean; }; ... 5 more ...; phone?: string; }'.
            Type 'FieldValues' is missing the following properties from type '{ emailNotifications: { projectUpdates: boolean; messageReceived: boolean; weeklyReports: boolean; systemAnnouncements: boolean; }; profileSettings: { isPublic: boolean; showEmail: boolean; showPhone: boolean; allowDirectMessages: boolean; }; ... 5 more ...; phone?: string; }': emailNotifications, profileSettings, name, email, and 3 more.
src/components/profile/EnhancedProfileEditor.tsx(487,21): error TS2322: Type 'Control<{ emailNotifications: { projectUpdates: boolean; messageReceived: boolean; weeklyReports: boolean; systemAnnouncements: boolean; }; profileSettings: { isPublic: boolean; showEmail: boolean; showPhone: boolean; allowDirectMessages: boolean; }; ... 5 more ...; phone?: string; }, any, TFieldValues>' is not assignable to type 'Control<{ emailNotifications: { projectUpdates: boolean; messageReceived: boolean; weeklyReports: boolean; systemAnnouncements: boolean; }; profileSettings: { isPublic: boolean; showEmail: boolean; showPhone: boolean; allowDirectMessages: boolean; }; ... 5 more ...; phone?: string; }, any, { ...; }>'.
  The types of '_options.formControl.handleSubmit' are incompatible between these types.
    Type 'UseFormHandleSubmit<{ emailNotifications: { projectUpdates: boolean; messageReceived: boolean; weeklyReports: boolean; systemAnnouncements: boolean; }; profileSettings: { isPublic: boolean; showEmail: boolean; showPhone: boolean; allowDirectMessages: boolean; }; ... 5 more ...; phone?: string; }, TFieldValues>' is not assignable to type 'UseFormHandleSubmit<{ emailNotifications: { projectUpdates: boolean; messageReceived: boolean; weeklyReports: boolean; systemAnnouncements: boolean; }; profileSettings: { isPublic: boolean; showEmail: boolean; showPhone: boolean; allowDirectMessages: boolean; }; ... 5 more ...; phone?: string; }, { ...; }>'.
      Types of parameters 'onValid' and 'onValid' are incompatible.
        Types of parameters 'data' and 'data' are incompatible.
          Type 'TFieldValues' is not assignable to type '{ emailNotifications: { projectUpdates: boolean; messageReceived: boolean; weeklyReports: boolean; systemAnnouncements: boolean; }; profileSettings: { isPublic: boolean; showEmail: boolean; showPhone: boolean; allowDirectMessages: boolean; }; ... 5 more ...; phone?: string; }'.
            Type 'FieldValues' is missing the following properties from type '{ emailNotifications: { projectUpdates: boolean; messageReceived: boolean; weeklyReports: boolean; systemAnnouncements: boolean; }; profileSettings: { isPublic: boolean; showEmail: boolean; showPhone: boolean; allowDirectMessages: boolean; }; ... 5 more ...; phone?: string; }': emailNotifications, profileSettings, name, email, and 3 more.
src/components/profile/EnhancedProfileEditor.tsx(516,21): error TS2322: Type 'Control<{ emailNotifications: { projectUpdates: boolean; messageReceived: boolean; weeklyReports: boolean; systemAnnouncements: boolean; }; profileSettings: { isPublic: boolean; showEmail: boolean; showPhone: boolean; allowDirectMessages: boolean; }; ... 5 more ...; phone?: string; }, any, TFieldValues>' is not assignable to type 'Control<{ emailNotifications: { projectUpdates: boolean; messageReceived: boolean; weeklyReports: boolean; systemAnnouncements: boolean; }; profileSettings: { isPublic: boolean; showEmail: boolean; showPhone: boolean; allowDirectMessages: boolean; }; ... 5 more ...; phone?: string; }, any, { ...; }>'.
  The types of '_options.formControl.handleSubmit' are incompatible between these types.
    Type 'UseFormHandleSubmit<{ emailNotifications: { projectUpdates: boolean; messageReceived: boolean; weeklyReports: boolean; systemAnnouncements: boolean; }; profileSettings: { isPublic: boolean; showEmail: boolean; showPhone: boolean; allowDirectMessages: boolean; }; ... 5 more ...; phone?: string; }, TFieldValues>' is not assignable to type 'UseFormHandleSubmit<{ emailNotifications: { projectUpdates: boolean; messageReceived: boolean; weeklyReports: boolean; systemAnnouncements: boolean; }; profileSettings: { isPublic: boolean; showEmail: boolean; showPhone: boolean; allowDirectMessages: boolean; }; ... 5 more ...; phone?: string; }, { ...; }>'.
      Types of parameters 'onValid' and 'onValid' are incompatible.
        Types of parameters 'data' and 'data' are incompatible.
          Type 'TFieldValues' is not assignable to type '{ emailNotifications: { projectUpdates: boolean; messageReceived: boolean; weeklyReports: boolean; systemAnnouncements: boolean; }; profileSettings: { isPublic: boolean; showEmail: boolean; showPhone: boolean; allowDirectMessages: boolean; }; ... 5 more ...; phone?: string; }'.
            Type 'FieldValues' is missing the following properties from type '{ emailNotifications: { projectUpdates: boolean; messageReceived: boolean; weeklyReports: boolean; systemAnnouncements: boolean; }; profileSettings: { isPublic: boolean; showEmail: boolean; showPhone: boolean; allowDirectMessages: boolean; }; ... 5 more ...; phone?: string; }': emailNotifications, profileSettings, name, email, and 3 more.
src/components/profile/EnhancedProfileEditor.tsx(539,21): error TS2322: Type 'Control<{ emailNotifications: { projectUpdates: boolean; messageReceived: boolean; weeklyReports: boolean; systemAnnouncements: boolean; }; profileSettings: { isPublic: boolean; showEmail: boolean; showPhone: boolean; allowDirectMessages: boolean; }; ... 5 more ...; phone?: string; }, any, TFieldValues>' is not assignable to type 'Control<{ emailNotifications: { projectUpdates: boolean; messageReceived: boolean; weeklyReports: boolean; systemAnnouncements: boolean; }; profileSettings: { isPublic: boolean; showEmail: boolean; showPhone: boolean; allowDirectMessages: boolean; }; ... 5 more ...; phone?: string; }, any, { ...; }>'.
  The types of '_options.formControl.handleSubmit' are incompatible between these types.
    Type 'UseFormHandleSubmit<{ emailNotifications: { projectUpdates: boolean; messageReceived: boolean; weeklyReports: boolean; systemAnnouncements: boolean; }; profileSettings: { isPublic: boolean; showEmail: boolean; showPhone: boolean; allowDirectMessages: boolean; }; ... 5 more ...; phone?: string; }, TFieldValues>' is not assignable to type 'UseFormHandleSubmit<{ emailNotifications: { projectUpdates: boolean; messageReceived: boolean; weeklyReports: boolean; systemAnnouncements: boolean; }; profileSettings: { isPublic: boolean; showEmail: boolean; showPhone: boolean; allowDirectMessages: boolean; }; ... 5 more ...; phone?: string; }, { ...; }>'.
      Types of parameters 'onValid' and 'onValid' are incompatible.
        Types of parameters 'data' and 'data' are incompatible.
          Type 'TFieldValues' is not assignable to type '{ emailNotifications: { projectUpdates: boolean; messageReceived: boolean; weeklyReports: boolean; systemAnnouncements: boolean; }; profileSettings: { isPublic: boolean; showEmail: boolean; showPhone: boolean; allowDirectMessages: boolean; }; ... 5 more ...; phone?: string; }'.
            Type 'FieldValues' is missing the following properties from type '{ emailNotifications: { projectUpdates: boolean; messageReceived: boolean; weeklyReports: boolean; systemAnnouncements: boolean; }; profileSettings: { isPublic: boolean; showEmail: boolean; showPhone: boolean; allowDirectMessages: boolean; }; ... 5 more ...; phone?: string; }': emailNotifications, profileSettings, name, email, and 3 more.
src/components/profile/EnhancedProfileEditor.tsx(568,23): error TS2322: Type 'Control<{ emailNotifications: { projectUpdates: boolean; messageReceived: boolean; weeklyReports: boolean; systemAnnouncements: boolean; }; profileSettings: { isPublic: boolean; showEmail: boolean; showPhone: boolean; allowDirectMessages: boolean; }; ... 5 more ...; phone?: string; }, any, TFieldValues>' is not assignable to type 'Control<{ emailNotifications: { projectUpdates: boolean; messageReceived: boolean; weeklyReports: boolean; systemAnnouncements: boolean; }; profileSettings: { isPublic: boolean; showEmail: boolean; showPhone: boolean; allowDirectMessages: boolean; }; ... 5 more ...; phone?: string; }, any, { ...; }>'.
  The types of '_options.formControl.handleSubmit' are incompatible between these types.
    Type 'UseFormHandleSubmit<{ emailNotifications: { projectUpdates: boolean; messageReceived: boolean; weeklyReports: boolean; systemAnnouncements: boolean; }; profileSettings: { isPublic: boolean; showEmail: boolean; showPhone: boolean; allowDirectMessages: boolean; }; ... 5 more ...; phone?: string; }, TFieldValues>' is not assignable to type 'UseFormHandleSubmit<{ emailNotifications: { projectUpdates: boolean; messageReceived: boolean; weeklyReports: boolean; systemAnnouncements: boolean; }; profileSettings: { isPublic: boolean; showEmail: boolean; showPhone: boolean; allowDirectMessages: boolean; }; ... 5 more ...; phone?: string; }, { ...; }>'.
      Types of parameters 'onValid' and 'onValid' are incompatible.
        Types of parameters 'data' and 'data' are incompatible.
          Type 'TFieldValues' is not assignable to type '{ emailNotifications: { projectUpdates: boolean; messageReceived: boolean; weeklyReports: boolean; systemAnnouncements: boolean; }; profileSettings: { isPublic: boolean; showEmail: boolean; showPhone: boolean; allowDirectMessages: boolean; }; ... 5 more ...; phone?: string; }'.
            Type 'FieldValues' is missing the following properties from type '{ emailNotifications: { projectUpdates: boolean; messageReceived: boolean; weeklyReports: boolean; systemAnnouncements: boolean; }; profileSettings: { isPublic: boolean; showEmail: boolean; showPhone: boolean; allowDirectMessages: boolean; }; ... 5 more ...; phone?: string; }': emailNotifications, profileSettings, name, email, and 3 more.
src/components/profile/EnhancedProfileEditor.tsx(569,23): error TS2322: Type '"company"' is not assignable to type '"title" | "name" | "email" | "phone" | "timezone" | "emailNotifications" | "profileSettings" | "language" | "emailNotifications.projectUpdates" | "emailNotifications.messageReceived" | ... 5 more ... | "profileSettings.allowDirectMessages"'.
src/components/profile/EnhancedProfileEditor.tsx(578,30): error TS2322: Type '{ placeholder: string; onBlur: () => Promise<boolean>; onChange: (...event: any[]) => void; value: string | boolean | { projectUpdates: boolean; messageReceived: boolean; weeklyReports: boolean; systemAnnouncements: boolean; } | { ...; }; disabled?: boolean; name: "title" | ... 14 more ... | "profileSettings.allowDi...' is not assignable to type 'Omit<InputProps, "ref">'.
  Types of property 'value' are incompatible.
    Type 'string | boolean | { projectUpdates: boolean; messageReceived: boolean; weeklyReports: boolean; systemAnnouncements: boolean; } | { isPublic: boolean; showEmail: boolean; showPhone: boolean; allowDirectMessages: boolean; }' is not assignable to type 'string | number | readonly string[]'.
      Type 'boolean' is not assignable to type 'string | number | readonly string[]'.
src/components/profile/EnhancedProfileEditor.tsx(594,23): error TS2322: Type 'Control<{ emailNotifications: { projectUpdates: boolean; messageReceived: boolean; weeklyReports: boolean; systemAnnouncements: boolean; }; profileSettings: { isPublic: boolean; showEmail: boolean; showPhone: boolean; allowDirectMessages: boolean; }; ... 5 more ...; phone?: string; }, any, TFieldValues>' is not assignable to type 'Control<{ emailNotifications: { projectUpdates: boolean; messageReceived: boolean; weeklyReports: boolean; systemAnnouncements: boolean; }; profileSettings: { isPublic: boolean; showEmail: boolean; showPhone: boolean; allowDirectMessages: boolean; }; ... 5 more ...; phone?: string; }, any, { ...; }>'.
  The types of '_options.formControl.handleSubmit' are incompatible between these types.
    Type 'UseFormHandleSubmit<{ emailNotifications: { projectUpdates: boolean; messageReceived: boolean; weeklyReports: boolean; systemAnnouncements: boolean; }; profileSettings: { isPublic: boolean; showEmail: boolean; showPhone: boolean; allowDirectMessages: boolean; }; ... 5 more ...; phone?: string; }, TFieldValues>' is not assignable to type 'UseFormHandleSubmit<{ emailNotifications: { projectUpdates: boolean; messageReceived: boolean; weeklyReports: boolean; systemAnnouncements: boolean; }; profileSettings: { isPublic: boolean; showEmail: boolean; showPhone: boolean; allowDirectMessages: boolean; }; ... 5 more ...; phone?: string; }, { ...; }>'.
      Types of parameters 'onValid' and 'onValid' are incompatible.
        Types of parameters 'data' and 'data' are incompatible.
          Type 'TFieldValues' is not assignable to type '{ emailNotifications: { projectUpdates: boolean; messageReceived: boolean; weeklyReports: boolean; systemAnnouncements: boolean; }; profileSettings: { isPublic: boolean; showEmail: boolean; showPhone: boolean; allowDirectMessages: boolean; }; ... 5 more ...; phone?: string; }'.
            Type 'FieldValues' is missing the following properties from type '{ emailNotifications: { projectUpdates: boolean; messageReceived: boolean; weeklyReports: boolean; systemAnnouncements: boolean; }; profileSettings: { isPublic: boolean; showEmail: boolean; showPhone: boolean; allowDirectMessages: boolean; }; ... 5 more ...; phone?: string; }': emailNotifications, profileSettings, name, email, and 3 more.
src/components/profile/EnhancedProfileEditor.tsx(595,23): error TS2322: Type '"hourlyRate"' is not assignable to type '"title" | "name" | "email" | "phone" | "timezone" | "emailNotifications" | "profileSettings" | "language" | "emailNotifications.projectUpdates" | "emailNotifications.messageReceived" | ... 5 more ... | "profileSettings.allowDirectMessages"'.
src/components/profile/EnhancedProfileEditor.tsx(609,32): error TS2322: Type '{ type: "number"; min: string; step: string; placeholder: string; className: string; disabled: boolean; onChange: (e: ChangeEvent<HTMLInputElement>) => void; onBlur: () => Promise<...>; value: string | ... 2 more ... | { ...; }; name: "title" | ... 14 more ... | "profileSettings.allowDirectMessages"; ref: RefCallBac...' is not assignable to type 'Omit<InputProps, "ref">'.
  Types of property 'value' are incompatible.
    Type 'string | boolean | { projectUpdates: boolean; messageReceived: boolean; weeklyReports: boolean; systemAnnouncements: boolean; } | { isPublic: boolean; showEmail: boolean; showPhone: boolean; allowDirectMessages: boolean; }' is not assignable to type 'string | number | readonly string[]'.
      Type 'boolean' is not assignable to type 'string | number | readonly string[]'.
src/components/profile/EnhancedProfileEditor.tsx(636,25): error TS2322: Type 'Control<{ emailNotifications: { projectUpdates: boolean; messageReceived: boolean; weeklyReports: boolean; systemAnnouncements: boolean; }; profileSettings: { isPublic: boolean; showEmail: boolean; showPhone: boolean; allowDirectMessages: boolean; }; ... 5 more ...; phone?: string; }, any, TFieldValues>' is not assignable to type 'Control<{ emailNotifications: { projectUpdates: boolean; messageReceived: boolean; weeklyReports: boolean; systemAnnouncements: boolean; }; profileSettings: { isPublic: boolean; showEmail: boolean; showPhone: boolean; allowDirectMessages: boolean; }; ... 5 more ...; phone?: string; }, any, { ...; }>'.
  The types of '_options.formControl.handleSubmit' are incompatible between these types.
    Type 'UseFormHandleSubmit<{ emailNotifications: { projectUpdates: boolean; messageReceived: boolean; weeklyReports: boolean; systemAnnouncements: boolean; }; profileSettings: { isPublic: boolean; showEmail: boolean; showPhone: boolean; allowDirectMessages: boolean; }; ... 5 more ...; phone?: string; }, TFieldValues>' is not assignable to type 'UseFormHandleSubmit<{ emailNotifications: { projectUpdates: boolean; messageReceived: boolean; weeklyReports: boolean; systemAnnouncements: boolean; }; profileSettings: { isPublic: boolean; showEmail: boolean; showPhone: boolean; allowDirectMessages: boolean; }; ... 5 more ...; phone?: string; }, { ...; }>'.
      Types of parameters 'onValid' and 'onValid' are incompatible.
        Types of parameters 'data' and 'data' are incompatible.
          Type 'TFieldValues' is not assignable to type '{ emailNotifications: { projectUpdates: boolean; messageReceived: boolean; weeklyReports: boolean; systemAnnouncements: boolean; }; profileSettings: { isPublic: boolean; showEmail: boolean; showPhone: boolean; allowDirectMessages: boolean; }; ... 5 more ...; phone?: string; }'.
            Type 'FieldValues' is missing the following properties from type '{ emailNotifications: { projectUpdates: boolean; messageReceived: boolean; weeklyReports: boolean; systemAnnouncements: boolean; }; profileSettings: { isPublic: boolean; showEmail: boolean; showPhone: boolean; allowDirectMessages: boolean; }; ... 5 more ...; phone?: string; }': emailNotifications, profileSettings, name, email, and 3 more.
src/components/profile/EnhancedProfileEditor.tsx(637,25): error TS2322: Type '"bio"' is not assignable to type '"title" | "name" | "email" | "phone" | "timezone" | "emailNotifications" | "profileSettings" | "language" | "emailNotifications.projectUpdates" | "emailNotifications.messageReceived" | ... 5 more ... | "profileSettings.allowDirectMessages"'.
src/components/profile/EnhancedProfileEditor.tsx(642,32): error TS2322: Type '{ placeholder: string; rows: number; onChange: (...event: any[]) => void; onBlur: Noop; value: string | boolean | { projectUpdates: boolean; messageReceived: boolean; weeklyReports: boolean; systemAnnouncements: boolean; } | { ...; }; disabled?: boolean; name: "title" | ... 14 more ... | "profileSettings.allowDirect...' is not assignable to type 'TextareaHTMLAttributes<HTMLTextAreaElement>'.
  Types of property 'value' are incompatible.
    Type 'string | boolean | { projectUpdates: boolean; messageReceived: boolean; weeklyReports: boolean; systemAnnouncements: boolean; } | { isPublic: boolean; showEmail: boolean; showPhone: boolean; allowDirectMessages: boolean; }' is not assignable to type 'string | number | readonly string[]'.
      Type 'boolean' is not assignable to type 'string | number | readonly string[]'.
src/components/profile/EnhancedProfileEditor.tsx(657,25): error TS2322: Type 'Control<{ emailNotifications: { projectUpdates: boolean; messageReceived: boolean; weeklyReports: boolean; systemAnnouncements: boolean; }; profileSettings: { isPublic: boolean; showEmail: boolean; showPhone: boolean; allowDirectMessages: boolean; }; ... 5 more ...; phone?: string; }, any, TFieldValues>' is not assignable to type 'Control<{ emailNotifications: { projectUpdates: boolean; messageReceived: boolean; weeklyReports: boolean; systemAnnouncements: boolean; }; profileSettings: { isPublic: boolean; showEmail: boolean; showPhone: boolean; allowDirectMessages: boolean; }; ... 5 more ...; phone?: string; }, any, { ...; }>'.
  The types of '_options.formControl.handleSubmit' are incompatible between these types.
    Type 'UseFormHandleSubmit<{ emailNotifications: { projectUpdates: boolean; messageReceived: boolean; weeklyReports: boolean; systemAnnouncements: boolean; }; profileSettings: { isPublic: boolean; showEmail: boolean; showPhone: boolean; allowDirectMessages: boolean; }; ... 5 more ...; phone?: string; }, TFieldValues>' is not assignable to type 'UseFormHandleSubmit<{ emailNotifications: { projectUpdates: boolean; messageReceived: boolean; weeklyReports: boolean; systemAnnouncements: boolean; }; profileSettings: { isPublic: boolean; showEmail: boolean; showPhone: boolean; allowDirectMessages: boolean; }; ... 5 more ...; phone?: string; }, { ...; }>'.
      Types of parameters 'onValid' and 'onValid' are incompatible.
        Types of parameters 'data' and 'data' are incompatible.
          Type 'TFieldValues' is not assignable to type '{ emailNotifications: { projectUpdates: boolean; messageReceived: boolean; weeklyReports: boolean; systemAnnouncements: boolean; }; profileSettings: { isPublic: boolean; showEmail: boolean; showPhone: boolean; allowDirectMessages: boolean; }; ... 5 more ...; phone?: string; }'.
            Type 'FieldValues' is missing the following properties from type '{ emailNotifications: { projectUpdates: boolean; messageReceived: boolean; weeklyReports: boolean; systemAnnouncements: boolean; }; profileSettings: { isPublic: boolean; showEmail: boolean; showPhone: boolean; allowDirectMessages: boolean; }; ... 5 more ...; phone?: string; }': emailNotifications, profileSettings, name, email, and 3 more.
src/components/profile/EnhancedProfileEditor.tsx(658,25): error TS2322: Type '"portfolio"' is not assignable to type '"title" | "name" | "email" | "phone" | "timezone" | "emailNotifications" | "profileSettings" | "language" | "emailNotifications.projectUpdates" | "emailNotifications.messageReceived" | ... 5 more ... | "profileSettings.allowDirectMessages"'.
src/components/profile/EnhancedProfileEditor.tsx(663,32): error TS2322: Type '{ type: "url"; placeholder: string; onChange: (...event: any[]) => void; onBlur: Noop; value: string | boolean | { projectUpdates: boolean; messageReceived: boolean; weeklyReports: boolean; systemAnnouncements: boolean; } | { ...; }; disabled?: boolean; name: "title" | ... 14 more ... | "profileSettings.allowDirectM...' is not assignable to type 'Omit<InputProps, "ref">'.
  Types of property 'value' are incompatible.
    Type 'string | boolean | { projectUpdates: boolean; messageReceived: boolean; weeklyReports: boolean; systemAnnouncements: boolean; } | { isPublic: boolean; showEmail: boolean; showPhone: boolean; allowDirectMessages: boolean; }' is not assignable to type 'string | number | readonly string[]'.
      Type 'boolean' is not assignable to type 'string | number | readonly string[]'.
src/components/profile/EnhancedProfileEditor.tsx(729,21): error TS2322: Type 'Control<{ emailNotifications: { projectUpdates: boolean; messageReceived: boolean; weeklyReports: boolean; systemAnnouncements: boolean; }; profileSettings: { isPublic: boolean; showEmail: boolean; showPhone: boolean; allowDirectMessages: boolean; }; ... 5 more ...; phone?: string; }, any, TFieldValues>' is not assignable to type 'Control<{ emailNotifications: { projectUpdates: boolean; messageReceived: boolean; weeklyReports: boolean; systemAnnouncements: boolean; }; profileSettings: { isPublic: boolean; showEmail: boolean; showPhone: boolean; allowDirectMessages: boolean; }; ... 5 more ...; phone?: string; }, any, { ...; }>'.
  The types of '_options.formControl.handleSubmit' are incompatible between these types.
    Type 'UseFormHandleSubmit<{ emailNotifications: { projectUpdates: boolean; messageReceived: boolean; weeklyReports: boolean; systemAnnouncements: boolean; }; profileSettings: { isPublic: boolean; showEmail: boolean; showPhone: boolean; allowDirectMessages: boolean; }; ... 5 more ...; phone?: string; }, TFieldValues>' is not assignable to type 'UseFormHandleSubmit<{ emailNotifications: { projectUpdates: boolean; messageReceived: boolean; weeklyReports: boolean; systemAnnouncements: boolean; }; profileSettings: { isPublic: boolean; showEmail: boolean; showPhone: boolean; allowDirectMessages: boolean; }; ... 5 more ...; phone?: string; }, { ...; }>'.
      Types of parameters 'onValid' and 'onValid' are incompatible.
        Types of parameters 'data' and 'data' are incompatible.
          Type 'TFieldValues' is not assignable to type '{ emailNotifications: { projectUpdates: boolean; messageReceived: boolean; weeklyReports: boolean; systemAnnouncements: boolean; }; profileSettings: { isPublic: boolean; showEmail: boolean; showPhone: boolean; allowDirectMessages: boolean; }; ... 5 more ...; phone?: string; }'.
            Type 'FieldValues' is missing the following properties from type '{ emailNotifications: { projectUpdates: boolean; messageReceived: boolean; weeklyReports: boolean; systemAnnouncements: boolean; }; profileSettings: { isPublic: boolean; showEmail: boolean; showPhone: boolean; allowDirectMessages: boolean; }; ... 5 more ...; phone?: string; }': emailNotifications, profileSettings, name, email, and 3 more.
src/components/profile/EnhancedProfileEditor.tsx(758,21): error TS2322: Type 'Control<{ emailNotifications: { projectUpdates: boolean; messageReceived: boolean; weeklyReports: boolean; systemAnnouncements: boolean; }; profileSettings: { isPublic: boolean; showEmail: boolean; showPhone: boolean; allowDirectMessages: boolean; }; ... 5 more ...; phone?: string; }, any, TFieldValues>' is not assignable to type 'Control<{ emailNotifications: { projectUpdates: boolean; messageReceived: boolean; weeklyReports: boolean; systemAnnouncements: boolean; }; profileSettings: { isPublic: boolean; showEmail: boolean; showPhone: boolean; allowDirectMessages: boolean; }; ... 5 more ...; phone?: string; }, any, { ...; }>'.
  The types of '_options.formControl.handleSubmit' are incompatible between these types.
    Type 'UseFormHandleSubmit<{ emailNotifications: { projectUpdates: boolean; messageReceived: boolean; weeklyReports: boolean; systemAnnouncements: boolean; }; profileSettings: { isPublic: boolean; showEmail: boolean; showPhone: boolean; allowDirectMessages: boolean; }; ... 5 more ...; phone?: string; }, TFieldValues>' is not assignable to type 'UseFormHandleSubmit<{ emailNotifications: { projectUpdates: boolean; messageReceived: boolean; weeklyReports: boolean; systemAnnouncements: boolean; }; profileSettings: { isPublic: boolean; showEmail: boolean; showPhone: boolean; allowDirectMessages: boolean; }; ... 5 more ...; phone?: string; }, { ...; }>'.
      Types of parameters 'onValid' and 'onValid' are incompatible.
        Types of parameters 'data' and 'data' are incompatible.
          Type 'TFieldValues' is not assignable to type '{ emailNotifications: { projectUpdates: boolean; messageReceived: boolean; weeklyReports: boolean; systemAnnouncements: boolean; }; profileSettings: { isPublic: boolean; showEmail: boolean; showPhone: boolean; allowDirectMessages: boolean; }; ... 5 more ...; phone?: string; }'.
            Type 'FieldValues' is missing the following properties from type '{ emailNotifications: { projectUpdates: boolean; messageReceived: boolean; weeklyReports: boolean; systemAnnouncements: boolean; }; profileSettings: { isPublic: boolean; showEmail: boolean; showPhone: boolean; allowDirectMessages: boolean; }; ... 5 more ...; phone?: string; }': emailNotifications, profileSettings, name, email, and 3 more.
src/components/profile/EnhancedProfileEditor.tsx(803,23): error TS2322: Type 'Control<{ emailNotifications: { projectUpdates: boolean; messageReceived: boolean; weeklyReports: boolean; systemAnnouncements: boolean; }; profileSettings: { isPublic: boolean; showEmail: boolean; showPhone: boolean; allowDirectMessages: boolean; }; ... 5 more ...; phone?: string; }, any, TFieldValues>' is not assignable to type 'Control<{ emailNotifications: { projectUpdates: boolean; messageReceived: boolean; weeklyReports: boolean; systemAnnouncements: boolean; }; profileSettings: { isPublic: boolean; showEmail: boolean; showPhone: boolean; allowDirectMessages: boolean; }; ... 5 more ...; phone?: string; }, any, { ...; }>'.
  The types of '_options.formControl.handleSubmit' are incompatible between these types.
    Type 'UseFormHandleSubmit<{ emailNotifications: { projectUpdates: boolean; messageReceived: boolean; weeklyReports: boolean; systemAnnouncements: boolean; }; profileSettings: { isPublic: boolean; showEmail: boolean; showPhone: boolean; allowDirectMessages: boolean; }; ... 5 more ...; phone?: string; }, TFieldValues>' is not assignable to type 'UseFormHandleSubmit<{ emailNotifications: { projectUpdates: boolean; messageReceived: boolean; weeklyReports: boolean; systemAnnouncements: boolean; }; profileSettings: { isPublic: boolean; showEmail: boolean; showPhone: boolean; allowDirectMessages: boolean; }; ... 5 more ...; phone?: string; }, { ...; }>'.
      Types of parameters 'onValid' and 'onValid' are incompatible.
        Types of parameters 'data' and 'data' are incompatible.
          Type 'TFieldValues' is not assignable to type '{ emailNotifications: { projectUpdates: boolean; messageReceived: boolean; weeklyReports: boolean; systemAnnouncements: boolean; }; profileSettings: { isPublic: boolean; showEmail: boolean; showPhone: boolean; allowDirectMessages: boolean; }; ... 5 more ...; phone?: string; }'.
            Type 'FieldValues' is missing the following properties from type '{ emailNotifications: { projectUpdates: boolean; messageReceived: boolean; weeklyReports: boolean; systemAnnouncements: boolean; }; profileSettings: { isPublic: boolean; showEmail: boolean; showPhone: boolean; allowDirectMessages: boolean; }; ... 5 more ...; phone?: string; }': emailNotifications, profileSettings, name, email, and 3 more.
src/components/profile/EnhancedProfileEditor.tsx(826,23): error TS2322: Type 'Control<{ emailNotifications: { projectUpdates: boolean; messageReceived: boolean; weeklyReports: boolean; systemAnnouncements: boolean; }; profileSettings: { isPublic: boolean; showEmail: boolean; showPhone: boolean; allowDirectMessages: boolean; }; ... 5 more ...; phone?: string; }, any, TFieldValues>' is not assignable to type 'Control<{ emailNotifications: { projectUpdates: boolean; messageReceived: boolean; weeklyReports: boolean; systemAnnouncements: boolean; }; profileSettings: { isPublic: boolean; showEmail: boolean; showPhone: boolean; allowDirectMessages: boolean; }; ... 5 more ...; phone?: string; }, any, { ...; }>'.
  The types of '_options.formControl.handleSubmit' are incompatible between these types.
    Type 'UseFormHandleSubmit<{ emailNotifications: { projectUpdates: boolean; messageReceived: boolean; weeklyReports: boolean; systemAnnouncements: boolean; }; profileSettings: { isPublic: boolean; showEmail: boolean; showPhone: boolean; allowDirectMessages: boolean; }; ... 5 more ...; phone?: string; }, TFieldValues>' is not assignable to type 'UseFormHandleSubmit<{ emailNotifications: { projectUpdates: boolean; messageReceived: boolean; weeklyReports: boolean; systemAnnouncements: boolean; }; profileSettings: { isPublic: boolean; showEmail: boolean; showPhone: boolean; allowDirectMessages: boolean; }; ... 5 more ...; phone?: string; }, { ...; }>'.
      Types of parameters 'onValid' and 'onValid' are incompatible.
        Types of parameters 'data' and 'data' are incompatible.
          Type 'TFieldValues' is not assignable to type '{ emailNotifications: { projectUpdates: boolean; messageReceived: boolean; weeklyReports: boolean; systemAnnouncements: boolean; }; profileSettings: { isPublic: boolean; showEmail: boolean; showPhone: boolean; allowDirectMessages: boolean; }; ... 5 more ...; phone?: string; }'.
            Type 'FieldValues' is missing the following properties from type '{ emailNotifications: { projectUpdates: boolean; messageReceived: boolean; weeklyReports: boolean; systemAnnouncements: boolean; }; profileSettings: { isPublic: boolean; showEmail: boolean; showPhone: boolean; allowDirectMessages: boolean; }; ... 5 more ...; phone?: string; }': emailNotifications, profileSettings, name, email, and 3 more.
src/components/profile/EnhancedProfileEditor.tsx(850,25): error TS2322: Type 'Control<{ emailNotifications: { projectUpdates: boolean; messageReceived: boolean; weeklyReports: boolean; systemAnnouncements: boolean; }; profileSettings: { isPublic: boolean; showEmail: boolean; showPhone: boolean; allowDirectMessages: boolean; }; ... 5 more ...; phone?: string; }, any, TFieldValues>' is not assignable to type 'Control<{ emailNotifications: { projectUpdates: boolean; messageReceived: boolean; weeklyReports: boolean; systemAnnouncements: boolean; }; profileSettings: { isPublic: boolean; showEmail: boolean; showPhone: boolean; allowDirectMessages: boolean; }; ... 5 more ...; phone?: string; }, any, { ...; }>'.
  The types of '_options.formControl.handleSubmit' are incompatible between these types.
    Type 'UseFormHandleSubmit<{ emailNotifications: { projectUpdates: boolean; messageReceived: boolean; weeklyReports: boolean; systemAnnouncements: boolean; }; profileSettings: { isPublic: boolean; showEmail: boolean; showPhone: boolean; allowDirectMessages: boolean; }; ... 5 more ...; phone?: string; }, TFieldValues>' is not assignable to type 'UseFormHandleSubmit<{ emailNotifications: { projectUpdates: boolean; messageReceived: boolean; weeklyReports: boolean; systemAnnouncements: boolean; }; profileSettings: { isPublic: boolean; showEmail: boolean; showPhone: boolean; allowDirectMessages: boolean; }; ... 5 more ...; phone?: string; }, { ...; }>'.
      Types of parameters 'onValid' and 'onValid' are incompatible.
        Types of parameters 'data' and 'data' are incompatible.
          Type 'TFieldValues' is not assignable to type '{ emailNotifications: { projectUpdates: boolean; messageReceived: boolean; weeklyReports: boolean; systemAnnouncements: boolean; }; profileSettings: { isPublic: boolean; showEmail: boolean; showPhone: boolean; allowDirectMessages: boolean; }; ... 5 more ...; phone?: string; }'.
            Type 'FieldValues' is missing the following properties from type '{ emailNotifications: { projectUpdates: boolean; messageReceived: boolean; weeklyReports: boolean; systemAnnouncements: boolean; }; profileSettings: { isPublic: boolean; showEmail: boolean; showPhone: boolean; allowDirectMessages: boolean; }; ... 5 more ...; phone?: string; }': emailNotifications, profileSettings, name, email, and 3 more.
src/components/profile/EnhancedProfileEditor.tsx(851,25): error TS2322: Type '"emailNotifications.timerReminders"' is not assignable to type '"title" | "name" | "email" | "phone" | "timezone" | "emailNotifications" | "profileSettings" | "language" | "emailNotifications.projectUpdates" | "emailNotifications.messageReceived" | ... 5 more ... | "profileSettings.allowDirectMessages"'.
src/components/profile/EnhancedProfileEditor.tsx(864,33): error TS2322: Type 'string | boolean | { projectUpdates: boolean; messageReceived: boolean; weeklyReports: boolean; systemAnnouncements: boolean; } | { isPublic: boolean; showEmail: boolean; showPhone: boolean; allowDirectMessages: boolean; }' is not assignable to type 'boolean'.
  Type 'string' is not assignable to type 'boolean'.
src/components/profile/EnhancedProfileEditor.tsx(874,23): error TS2322: Type 'Control<{ emailNotifications: { projectUpdates: boolean; messageReceived: boolean; weeklyReports: boolean; systemAnnouncements: boolean; }; profileSettings: { isPublic: boolean; showEmail: boolean; showPhone: boolean; allowDirectMessages: boolean; }; ... 5 more ...; phone?: string; }, any, TFieldValues>' is not assignable to type 'Control<{ emailNotifications: { projectUpdates: boolean; messageReceived: boolean; weeklyReports: boolean; systemAnnouncements: boolean; }; profileSettings: { isPublic: boolean; showEmail: boolean; showPhone: boolean; allowDirectMessages: boolean; }; ... 5 more ...; phone?: string; }, any, { ...; }>'.
  The types of '_options.formControl.handleSubmit' are incompatible between these types.
    Type 'UseFormHandleSubmit<{ emailNotifications: { projectUpdates: boolean; messageReceived: boolean; weeklyReports: boolean; systemAnnouncements: boolean; }; profileSettings: { isPublic: boolean; showEmail: boolean; showPhone: boolean; allowDirectMessages: boolean; }; ... 5 more ...; phone?: string; }, TFieldValues>' is not assignable to type 'UseFormHandleSubmit<{ emailNotifications: { projectUpdates: boolean; messageReceived: boolean; weeklyReports: boolean; systemAnnouncements: boolean; }; profileSettings: { isPublic: boolean; showEmail: boolean; showPhone: boolean; allowDirectMessages: boolean; }; ... 5 more ...; phone?: string; }, { ...; }>'.
      Types of parameters 'onValid' and 'onValid' are incompatible.
        Types of parameters 'data' and 'data' are incompatible.
          Type 'TFieldValues' is not assignable to type '{ emailNotifications: { projectUpdates: boolean; messageReceived: boolean; weeklyReports: boolean; systemAnnouncements: boolean; }; profileSettings: { isPublic: boolean; showEmail: boolean; showPhone: boolean; allowDirectMessages: boolean; }; ... 5 more ...; phone?: string; }'.
            Type 'FieldValues' is missing the following properties from type '{ emailNotifications: { projectUpdates: boolean; messageReceived: boolean; weeklyReports: boolean; systemAnnouncements: boolean; }; profileSettings: { isPublic: boolean; showEmail: boolean; showPhone: boolean; allowDirectMessages: boolean; }; ... 5 more ...; phone?: string; }': emailNotifications, profileSettings, name, email, and 3 more.
src/components/profile/EnhancedProfileEditor.tsx(949,10): error TS2300: Duplicate identifier 'Label'.
src/components/profile/EnhancedProfileEditor.tsx(950,10): error TS2300: Duplicate identifier 'Textarea'.
src/components/profile/EnhancedProfileEditor.tsx(951,10): error TS2300: Duplicate identifier 'Select'.
src/components/profile/EnhancedProfileEditor.tsx(951,18): error TS2300: Duplicate identifier 'SelectContent'.
src/components/profile/EnhancedProfileEditor.tsx(951,33): error TS2300: Duplicate identifier 'SelectItem'.
src/components/profile/EnhancedProfileEditor.tsx(951,45): error TS2300: Duplicate identifier 'SelectTrigger'.
src/components/profile/EnhancedProfileEditor.tsx(951,60): error TS2300: Duplicate identifier 'SelectValue'.
src/components/profile/EnhancedProfileEditor.tsx(952,10): error TS2300: Duplicate identifier 'Switch'.
src/components/profile/EnhancedProfileEditor.tsx(953,10): error TS2300: Duplicate identifier 'Separator'.
src/components/profile/EnhancedProfileEditor.tsx(954,10): error TS2300: Duplicate identifier 'Badge'.
src/components/profile/EnhancedProfileEditor.tsx(955,10): error TS2300: Duplicate identifier 'Alert'.
src/components/profile/EnhancedProfileEditor.tsx(955,17): error TS2300: Duplicate identifier 'AlertDescription'.
src/components/profile/EnhancedProfileEditor.tsx(956,10): error TS2300: Duplicate identifier 'Progress'.
src/components/profile/EnhancedProfileEditor.tsx(957,10): error TS2300: Duplicate identifier 'Tabs'.
src/components/profile/EnhancedProfileEditor.tsx(957,16): error TS2300: Duplicate identifier 'TabsContent'.
src/components/profile/EnhancedProfileEditor.tsx(957,29): error TS2300: Duplicate identifier 'TabsList'.
src/components/profile/EnhancedProfileEditor.tsx(957,39): error TS2300: Duplicate identifier 'TabsTrigger'.
src/components/profile/EnhancedProfileEditor.tsx(959,3): error TS2300: Duplicate identifier 'Form'.
src/components/profile/EnhancedProfileEditor.tsx(960,3): error TS2300: Duplicate identifier 'FormControl'.
src/components/profile/EnhancedProfileEditor.tsx(961,3): error TS2300: Duplicate identifier 'FormDescription'.
src/components/profile/EnhancedProfileEditor.tsx(962,3): error TS2300: Duplicate identifier 'FormField'.
src/components/profile/EnhancedProfileEditor.tsx(963,3): error TS2300: Duplicate identifier 'FormItem'.
src/components/profile/EnhancedProfileEditor.tsx(964,3): error TS2300: Duplicate identifier 'FormLabel'.
src/components/profile/EnhancedProfileEditor.tsx(965,3): error TS2300: Duplicate identifier 'FormMessage'.
src/components/profile/EnhancedProfileEditor.tsx(968,11): error TS2300: Duplicate identifier 'UserIcon'.
src/components/profile/EnhancedProfileEditor.tsx(969,3): error TS2300: Duplicate identifier 'Mail'.
src/components/profile/EnhancedProfileEditor.tsx(970,3): error TS2300: Duplicate identifier 'Phone'.
src/components/profile/EnhancedProfileEditor.tsx(971,3): error TS2300: Duplicate identifier 'Building'.
src/components/profile/EnhancedProfileEditor.tsx(972,3): error TS2300: Duplicate identifier 'DollarSign'.
src/components/profile/EnhancedProfileEditor.tsx(973,3): error TS2300: Duplicate identifier 'Globe'.
src/components/profile/EnhancedProfileEditor.tsx(974,3): error TS2300: Duplicate identifier 'Bell'.
src/components/profile/EnhancedProfileEditor.tsx(975,3): error TS2300: Duplicate identifier 'Save'.
src/components/profile/EnhancedProfileEditor.tsx(976,3): error TS2300: Duplicate identifier 'AlertCircle'.
src/components/profile/EnhancedProfileEditor.tsx(977,3): error TS2300: Duplicate identifier 'CheckCircle'.
src/components/profile/EnhancedProfileEditor.tsx(978,3): error TS2300: Duplicate identifier 'Eye'.
src/components/profile/EnhancedProfileEditor.tsx(979,3): error TS2300: Duplicate identifier 'EyeOff'.
src/components/profile/EnhancedProfileEditor.tsx(980,3): error TS2300: Duplicate identifier 'Shield'.
src/components/profile/EnhancedProfileEditor.tsx(981,3): error TS2300: Duplicate identifier 'Settings'.
src/components/profile/EnhancedProfileEditor.tsx(982,3): error TS2300: Duplicate identifier 'Camera'.
src/components/profile/EnhancedProfileEditor.tsx(984,10): error TS2300: Duplicate identifier 'toast'.
src/components/profile/EnhancedProfileEditor.tsx(988,3): error TS2300: Duplicate identifier 'validateProfileField'.
src/components/profile/EnhancedProfileEditor.tsx(989,3): error TS2300: Duplicate identifier 'calculateProfileCompleteness'.
src/components/profile/EnhancedProfileEditor.tsx(990,3): error TS2300: Duplicate identifier 'ProfileValidationResult'.
src/components/profile/EnhancedProfileEditor.tsx(991,3): error TS2300: Duplicate identifier 'ProfileCompletenessReport'.
src/components/profile/EnhancedProfileEditor.tsx(995,10): error TS2300: Duplicate identifier 'IntegratedAvatarUpload'.
src/components/profile/EnhancedProfileEditor.tsx(998,7): error TS2451: Cannot redeclare block-scoped variable 'createProfileSchema'.
src/components/profile/EnhancedProfileEditor.tsx(1079,7): error TS2451: Cannot redeclare block-scoped variable 'TIMEZONE_OPTIONS'.
src/components/profile/EnhancedProfileEditor.tsx(1091,7): error TS2451: Cannot redeclare block-scoped variable 'LANGUAGE_OPTIONS'.
src/components/profile/EnhancedProfileEditor.tsx(1103,17): error TS2323: Cannot redeclare exported variable 'EnhancedProfileEditor'.
src/components/profile/EnhancedProfileEditor.tsx(1103,17): error TS2393: Duplicate function implementation.
src/components/profile/EnhancedProfileEditor.tsx(1130,5): error TS2322: Type 'Resolver<{ emailNotifications: { projectUpdates?: boolean; messageReceived?: boolean; weeklyReports?: boolean; systemAnnouncements?: boolean; }; profileSettings: { isPublic?: boolean; showEmail?: boolean; showPhone?: boolean; allowDirectMessages?: boolean; }; ... 5 more ...; language?: string; }, any, { ...; }>' is not assignable to type 'Resolver<{ emailNotifications: { projectUpdates: boolean; messageReceived: boolean; weeklyReports: boolean; systemAnnouncements: boolean; }; profileSettings: { isPublic: boolean; showEmail: boolean; showPhone: boolean; allowDirectMessages: boolean; }; ... 5 more ...; phone?: string; }, any, { ...; }>'.
  Types of parameters 'options' and 'options' are incompatible.
    Type 'ResolverOptions<{ emailNotifications: { projectUpdates: boolean; messageReceived: boolean; weeklyReports: boolean; systemAnnouncements: boolean; }; profileSettings: { isPublic: boolean; showEmail: boolean; showPhone: boolean; allowDirectMessages: boolean; }; ... 5 more ...; phone?: string; }>' is not assignable to type 'ResolverOptions<{ emailNotifications: { projectUpdates?: boolean; messageReceived?: boolean; weeklyReports?: boolean; systemAnnouncements?: boolean; }; profileSettings: { isPublic?: boolean; showEmail?: boolean; showPhone?: boolean; allowDirectMessages?: boolean; }; ... 5 more ...; language?: string; }>'.
      Type '{ projectUpdates?: boolean; messageReceived?: boolean; weeklyReports?: boolean; systemAnnouncements?: boolean; }' is not assignable to type '{ projectUpdates: boolean; messageReceived: boolean; weeklyReports: boolean; systemAnnouncements: boolean; }'.
        Property 'projectUpdates' is optional in type '{ projectUpdates?: boolean; messageReceived?: boolean; weeklyReports?: boolean; systemAnnouncements?: boolean; }' but required in type '{ projectUpdates: boolean; messageReceived: boolean; weeklyReports: boolean; systemAnnouncements: boolean; }'.
src/components/profile/EnhancedProfileEditor.tsx(1228,9): error TS2322: Type 'unknown' is not assignable to type 'string'.
src/components/profile/EnhancedProfileEditor.tsx(1232,9): error TS2322: Type 'unknown' is not assignable to type 'number'.
src/components/profile/EnhancedProfileEditor.tsx(1368,43): error TS2345: Argument of type '(data: { emailNotifications: { projectUpdates: boolean; messageReceived: boolean; weeklyReports: boolean; systemAnnouncements: boolean; }; profileSettings: { isPublic: boolean; showEmail: boolean; showPhone: boolean; allowDirectMessages: boolean; }; ... 5 more ...; phone?: string; }) => Promise<...>' is not assignable to parameter of type 'SubmitHandler<TFieldValues>'.
  Types of parameters 'data' and 'data' are incompatible.
    Type 'TFieldValues' is not assignable to type '{ emailNotifications: { projectUpdates: boolean; messageReceived: boolean; weeklyReports: boolean; systemAnnouncements: boolean; }; profileSettings: { isPublic: boolean; showEmail: boolean; showPhone: boolean; allowDirectMessages: boolean; }; ... 5 more ...; phone?: string; }'.
      Type 'FieldValues' is missing the following properties from type '{ emailNotifications: { projectUpdates: boolean; messageReceived: boolean; weeklyReports: boolean; systemAnnouncements: boolean; }; profileSettings: { isPublic: boolean; showEmail: boolean; showPhone: boolean; allowDirectMessages: boolean; }; ... 5 more ...; phone?: string; }': emailNotifications, profileSettings, name, email, and 3 more.
src/components/profile/EnhancedProfileEditor.tsx(1404,21): error TS2322: Type 'Control<{ emailNotifications: { projectUpdates: boolean; messageReceived: boolean; weeklyReports: boolean; systemAnnouncements: boolean; }; profileSettings: { isPublic: boolean; showEmail: boolean; showPhone: boolean; allowDirectMessages: boolean; }; ... 5 more ...; phone?: string; }, any, TFieldValues>' is not assignable to type 'Control<{ emailNotifications: { projectUpdates: boolean; messageReceived: boolean; weeklyReports: boolean; systemAnnouncements: boolean; }; profileSettings: { isPublic: boolean; showEmail: boolean; showPhone: boolean; allowDirectMessages: boolean; }; ... 5 more ...; phone?: string; }, any, { ...; }>'.
  The types of '_options.formControl.handleSubmit' are incompatible between these types.
    Type 'UseFormHandleSubmit<{ emailNotifications: { projectUpdates: boolean; messageReceived: boolean; weeklyReports: boolean; systemAnnouncements: boolean; }; profileSettings: { isPublic: boolean; showEmail: boolean; showPhone: boolean; allowDirectMessages: boolean; }; ... 5 more ...; phone?: string; }, TFieldValues>' is not assignable to type 'UseFormHandleSubmit<{ emailNotifications: { projectUpdates: boolean; messageReceived: boolean; weeklyReports: boolean; systemAnnouncements: boolean; }; profileSettings: { isPublic: boolean; showEmail: boolean; showPhone: boolean; allowDirectMessages: boolean; }; ... 5 more ...; phone?: string; }, { ...; }>'.
      Types of parameters 'onValid' and 'onValid' are incompatible.
        Types of parameters 'data' and 'data' are incompatible.
          Type 'TFieldValues' is not assignable to type '{ emailNotifications: { projectUpdates: boolean; messageReceived: boolean; weeklyReports: boolean; systemAnnouncements: boolean; }; profileSettings: { isPublic: boolean; showEmail: boolean; showPhone: boolean; allowDirectMessages: boolean; }; ... 5 more ...; phone?: string; }'.
            Type 'FieldValues' is missing the following properties from type '{ emailNotifications: { projectUpdates: boolean; messageReceived: boolean; weeklyReports: boolean; systemAnnouncements: boolean; }; profileSettings: { isPublic: boolean; showEmail: boolean; showPhone: boolean; allowDirectMessages: boolean; }; ... 5 more ...; phone?: string; }': emailNotifications, profileSettings, name, email, and 3 more.
src/components/profile/EnhancedProfileEditor.tsx(1427,21): error TS2322: Type 'Control<{ emailNotifications: { projectUpdates: boolean; messageReceived: boolean; weeklyReports: boolean; systemAnnouncements: boolean; }; profileSettings: { isPublic: boolean; showEmail: boolean; showPhone: boolean; allowDirectMessages: boolean; }; ... 5 more ...; phone?: string; }, any, TFieldValues>' is not assignable to type 'Control<{ emailNotifications: { projectUpdates: boolean; messageReceived: boolean; weeklyReports: boolean; systemAnnouncements: boolean; }; profileSettings: { isPublic: boolean; showEmail: boolean; showPhone: boolean; allowDirectMessages: boolean; }; ... 5 more ...; phone?: string; }, any, { ...; }>'.
  The types of '_options.formControl.handleSubmit' are incompatible between these types.
    Type 'UseFormHandleSubmit<{ emailNotifications: { projectUpdates: boolean; messageReceived: boolean; weeklyReports: boolean; systemAnnouncements: boolean; }; profileSettings: { isPublic: boolean; showEmail: boolean; showPhone: boolean; allowDirectMessages: boolean; }; ... 5 more ...; phone?: string; }, TFieldValues>' is not assignable to type 'UseFormHandleSubmit<{ emailNotifications: { projectUpdates: boolean; messageReceived: boolean; weeklyReports: boolean; systemAnnouncements: boolean; }; profileSettings: { isPublic: boolean; showEmail: boolean; showPhone: boolean; allowDirectMessages: boolean; }; ... 5 more ...; phone?: string; }, { ...; }>'.
      Types of parameters 'onValid' and 'onValid' are incompatible.
        Types of parameters 'data' and 'data' are incompatible.
          Type 'TFieldValues' is not assignable to type '{ emailNotifications: { projectUpdates: boolean; messageReceived: boolean; weeklyReports: boolean; systemAnnouncements: boolean; }; profileSettings: { isPublic: boolean; showEmail: boolean; showPhone: boolean; allowDirectMessages: boolean; }; ... 5 more ...; phone?: string; }'.
            Type 'FieldValues' is missing the following properties from type '{ emailNotifications: { projectUpdates: boolean; messageReceived: boolean; weeklyReports: boolean; systemAnnouncements: boolean; }; profileSettings: { isPublic: boolean; showEmail: boolean; showPhone: boolean; allowDirectMessages: boolean; }; ... 5 more ...; phone?: string; }': emailNotifications, profileSettings, name, email, and 3 more.
src/components/profile/EnhancedProfileEditor.tsx(1456,21): error TS2322: Type 'Control<{ emailNotifications: { projectUpdates: boolean; messageReceived: boolean; weeklyReports: boolean; systemAnnouncements: boolean; }; profileSettings: { isPublic: boolean; showEmail: boolean; showPhone: boolean; allowDirectMessages: boolean; }; ... 5 more ...; phone?: string; }, any, TFieldValues>' is not assignable to type 'Control<{ emailNotifications: { projectUpdates: boolean; messageReceived: boolean; weeklyReports: boolean; systemAnnouncements: boolean; }; profileSettings: { isPublic: boolean; showEmail: boolean; showPhone: boolean; allowDirectMessages: boolean; }; ... 5 more ...; phone?: string; }, any, { ...; }>'.
  The types of '_options.formControl.handleSubmit' are incompatible between these types.
    Type 'UseFormHandleSubmit<{ emailNotifications: { projectUpdates: boolean; messageReceived: boolean; weeklyReports: boolean; systemAnnouncements: boolean; }; profileSettings: { isPublic: boolean; showEmail: boolean; showPhone: boolean; allowDirectMessages: boolean; }; ... 5 more ...; phone?: string; }, TFieldValues>' is not assignable to type 'UseFormHandleSubmit<{ emailNotifications: { projectUpdates: boolean; messageReceived: boolean; weeklyReports: boolean; systemAnnouncements: boolean; }; profileSettings: { isPublic: boolean; showEmail: boolean; showPhone: boolean; allowDirectMessages: boolean; }; ... 5 more ...; phone?: string; }, { ...; }>'.
      Types of parameters 'onValid' and 'onValid' are incompatible.
        Types of parameters 'data' and 'data' are incompatible.
          Type 'TFieldValues' is not assignable to type '{ emailNotifications: { projectUpdates: boolean; messageReceived: boolean; weeklyReports: boolean; systemAnnouncements: boolean; }; profileSettings: { isPublic: boolean; showEmail: boolean; showPhone: boolean; allowDirectMessages: boolean; }; ... 5 more ...; phone?: string; }'.
            Type 'FieldValues' is missing the following properties from type '{ emailNotifications: { projectUpdates: boolean; messageReceived: boolean; weeklyReports: boolean; systemAnnouncements: boolean; }; profileSettings: { isPublic: boolean; showEmail: boolean; showPhone: boolean; allowDirectMessages: boolean; }; ... 5 more ...; phone?: string; }': emailNotifications, profileSettings, name, email, and 3 more.
src/components/profile/EnhancedProfileEditor.tsx(1479,21): error TS2322: Type 'Control<{ emailNotifications: { projectUpdates: boolean; messageReceived: boolean; weeklyReports: boolean; systemAnnouncements: boolean; }; profileSettings: { isPublic: boolean; showEmail: boolean; showPhone: boolean; allowDirectMessages: boolean; }; ... 5 more ...; phone?: string; }, any, TFieldValues>' is not assignable to type 'Control<{ emailNotifications: { projectUpdates: boolean; messageReceived: boolean; weeklyReports: boolean; systemAnnouncements: boolean; }; profileSettings: { isPublic: boolean; showEmail: boolean; showPhone: boolean; allowDirectMessages: boolean; }; ... 5 more ...; phone?: string; }, any, { ...; }>'.
  The types of '_options.formControl.handleSubmit' are incompatible between these types.
    Type 'UseFormHandleSubmit<{ emailNotifications: { projectUpdates: boolean; messageReceived: boolean; weeklyReports: boolean; systemAnnouncements: boolean; }; profileSettings: { isPublic: boolean; showEmail: boolean; showPhone: boolean; allowDirectMessages: boolean; }; ... 5 more ...; phone?: string; }, TFieldValues>' is not assignable to type 'UseFormHandleSubmit<{ emailNotifications: { projectUpdates: boolean; messageReceived: boolean; weeklyReports: boolean; systemAnnouncements: boolean; }; profileSettings: { isPublic: boolean; showEmail: boolean; showPhone: boolean; allowDirectMessages: boolean; }; ... 5 more ...; phone?: string; }, { ...; }>'.
      Types of parameters 'onValid' and 'onValid' are incompatible.
        Types of parameters 'data' and 'data' are incompatible.
          Type 'TFieldValues' is not assignable to type '{ emailNotifications: { projectUpdates: boolean; messageReceived: boolean; weeklyReports: boolean; systemAnnouncements: boolean; }; profileSettings: { isPublic: boolean; showEmail: boolean; showPhone: boolean; allowDirectMessages: boolean; }; ... 5 more ...; phone?: string; }'.
            Type 'FieldValues' is missing the following properties from type '{ emailNotifications: { projectUpdates: boolean; messageReceived: boolean; weeklyReports: boolean; systemAnnouncements: boolean; }; profileSettings: { isPublic: boolean; showEmail: boolean; showPhone: boolean; allowDirectMessages: boolean; }; ... 5 more ...; phone?: string; }': emailNotifications, profileSettings, name, email, and 3 more.
src/components/profile/EnhancedProfileEditor.tsx(1508,23): error TS2322: Type 'Control<{ emailNotifications: { projectUpdates: boolean; messageReceived: boolean; weeklyReports: boolean; systemAnnouncements: boolean; }; profileSettings: { isPublic: boolean; showEmail: boolean; showPhone: boolean; allowDirectMessages: boolean; }; ... 5 more ...; phone?: string; }, any, TFieldValues>' is not assignable to type 'Control<{ emailNotifications: { projectUpdates: boolean; messageReceived: boolean; weeklyReports: boolean; systemAnnouncements: boolean; }; profileSettings: { isPublic: boolean; showEmail: boolean; showPhone: boolean; allowDirectMessages: boolean; }; ... 5 more ...; phone?: string; }, any, { ...; }>'.
  The types of '_options.formControl.handleSubmit' are incompatible between these types.
    Type 'UseFormHandleSubmit<{ emailNotifications: { projectUpdates: boolean; messageReceived: boolean; weeklyReports: boolean; systemAnnouncements: boolean; }; profileSettings: { isPublic: boolean; showEmail: boolean; showPhone: boolean; allowDirectMessages: boolean; }; ... 5 more ...; phone?: string; }, TFieldValues>' is not assignable to type 'UseFormHandleSubmit<{ emailNotifications: { projectUpdates: boolean; messageReceived: boolean; weeklyReports: boolean; systemAnnouncements: boolean; }; profileSettings: { isPublic: boolean; showEmail: boolean; showPhone: boolean; allowDirectMessages: boolean; }; ... 5 more ...; phone?: string; }, { ...; }>'.
      Types of parameters 'onValid' and 'onValid' are incompatible.
        Types of parameters 'data' and 'data' are incompatible.
          Type 'TFieldValues' is not assignable to type '{ emailNotifications: { projectUpdates: boolean; messageReceived: boolean; weeklyReports: boolean; systemAnnouncements: boolean; }; profileSettings: { isPublic: boolean; showEmail: boolean; showPhone: boolean; allowDirectMessages: boolean; }; ... 5 more ...; phone?: string; }'.
            Type 'FieldValues' is missing the following properties from type '{ emailNotifications: { projectUpdates: boolean; messageReceived: boolean; weeklyReports: boolean; systemAnnouncements: boolean; }; profileSettings: { isPublic: boolean; showEmail: boolean; showPhone: boolean; allowDirectMessages: boolean; }; ... 5 more ...; phone?: string; }': emailNotifications, profileSettings, name, email, and 3 more.
src/components/profile/EnhancedProfileEditor.tsx(1509,23): error TS2322: Type '"company"' is not assignable to type '"title" | "name" | "email" | "phone" | "timezone" | "emailNotifications" | "profileSettings" | "language" | "emailNotifications.projectUpdates" | "emailNotifications.messageReceived" | ... 5 more ... | "profileSettings.allowDirectMessages"'.
src/components/profile/EnhancedProfileEditor.tsx(1518,30): error TS2322: Type '{ placeholder: string; onBlur: () => Promise<boolean>; onChange: (...event: any[]) => void; value: string | boolean | { projectUpdates: boolean; messageReceived: boolean; weeklyReports: boolean; systemAnnouncements: boolean; } | { ...; }; disabled?: boolean; name: "title" | ... 14 more ... | "profileSettings.allowDi...' is not assignable to type 'Omit<InputProps, "ref">'.
  Types of property 'value' are incompatible.
    Type 'string | boolean | { projectUpdates: boolean; messageReceived: boolean; weeklyReports: boolean; systemAnnouncements: boolean; } | { isPublic: boolean; showEmail: boolean; showPhone: boolean; allowDirectMessages: boolean; }' is not assignable to type 'string | number | readonly string[]'.
      Type 'boolean' is not assignable to type 'string | number | readonly string[]'.
src/components/profile/EnhancedProfileEditor.tsx(1534,23): error TS2322: Type 'Control<{ emailNotifications: { projectUpdates: boolean; messageReceived: boolean; weeklyReports: boolean; systemAnnouncements: boolean; }; profileSettings: { isPublic: boolean; showEmail: boolean; showPhone: boolean; allowDirectMessages: boolean; }; ... 5 more ...; phone?: string; }, any, TFieldValues>' is not assignable to type 'Control<{ emailNotifications: { projectUpdates: boolean; messageReceived: boolean; weeklyReports: boolean; systemAnnouncements: boolean; }; profileSettings: { isPublic: boolean; showEmail: boolean; showPhone: boolean; allowDirectMessages: boolean; }; ... 5 more ...; phone?: string; }, any, { ...; }>'.
  The types of '_options.formControl.handleSubmit' are incompatible between these types.
    Type 'UseFormHandleSubmit<{ emailNotifications: { projectUpdates: boolean; messageReceived: boolean; weeklyReports: boolean; systemAnnouncements: boolean; }; profileSettings: { isPublic: boolean; showEmail: boolean; showPhone: boolean; allowDirectMessages: boolean; }; ... 5 more ...; phone?: string; }, TFieldValues>' is not assignable to type 'UseFormHandleSubmit<{ emailNotifications: { projectUpdates: boolean; messageReceived: boolean; weeklyReports: boolean; systemAnnouncements: boolean; }; profileSettings: { isPublic: boolean; showEmail: boolean; showPhone: boolean; allowDirectMessages: boolean; }; ... 5 more ...; phone?: string; }, { ...; }>'.
      Types of parameters 'onValid' and 'onValid' are incompatible.
        Types of parameters 'data' and 'data' are incompatible.
          Type 'TFieldValues' is not assignable to type '{ emailNotifications: { projectUpdates: boolean; messageReceived: boolean; weeklyReports: boolean; systemAnnouncements: boolean; }; profileSettings: { isPublic: boolean; showEmail: boolean; showPhone: boolean; allowDirectMessages: boolean; }; ... 5 more ...; phone?: string; }'.
            Type 'FieldValues' is missing the following properties from type '{ emailNotifications: { projectUpdates: boolean; messageReceived: boolean; weeklyReports: boolean; systemAnnouncements: boolean; }; profileSettings: { isPublic: boolean; showEmail: boolean; showPhone: boolean; allowDirectMessages: boolean; }; ... 5 more ...; phone?: string; }': emailNotifications, profileSettings, name, email, and 3 more.
src/components/profile/EnhancedProfileEditor.tsx(1535,23): error TS2322: Type '"hourlyRate"' is not assignable to type '"title" | "name" | "email" | "phone" | "timezone" | "emailNotifications" | "profileSettings" | "language" | "emailNotifications.projectUpdates" | "emailNotifications.messageReceived" | ... 5 more ... | "profileSettings.allowDirectMessages"'.
src/components/profile/EnhancedProfileEditor.tsx(1549,32): error TS2322: Type '{ type: "number"; min: string; step: string; placeholder: string; className: string; disabled: boolean; onChange: (e: ChangeEvent<HTMLInputElement>) => void; onBlur: () => Promise<...>; value: string | ... 2 more ... | { ...; }; name: "title" | ... 14 more ... | "profileSettings.allowDirectMessages"; ref: RefCallBac...' is not assignable to type 'Omit<InputProps, "ref">'.
  Types of property 'value' are incompatible.
    Type 'string | boolean | { projectUpdates: boolean; messageReceived: boolean; weeklyReports: boolean; systemAnnouncements: boolean; } | { isPublic: boolean; showEmail: boolean; showPhone: boolean; allowDirectMessages: boolean; }' is not assignable to type 'string | number | readonly string[]'.
      Type 'boolean' is not assignable to type 'string | number | readonly string[]'.
src/components/profile/EnhancedProfileEditor.tsx(1576,25): error TS2322: Type 'Control<{ emailNotifications: { projectUpdates: boolean; messageReceived: boolean; weeklyReports: boolean; systemAnnouncements: boolean; }; profileSettings: { isPublic: boolean; showEmail: boolean; showPhone: boolean; allowDirectMessages: boolean; }; ... 5 more ...; phone?: string; }, any, TFieldValues>' is not assignable to type 'Control<{ emailNotifications: { projectUpdates: boolean; messageReceived: boolean; weeklyReports: boolean; systemAnnouncements: boolean; }; profileSettings: { isPublic: boolean; showEmail: boolean; showPhone: boolean; allowDirectMessages: boolean; }; ... 5 more ...; phone?: string; }, any, { ...; }>'.
  The types of '_options.formControl.handleSubmit' are incompatible between these types.
    Type 'UseFormHandleSubmit<{ emailNotifications: { projectUpdates: boolean; messageReceived: boolean; weeklyReports: boolean; systemAnnouncements: boolean; }; profileSettings: { isPublic: boolean; showEmail: boolean; showPhone: boolean; allowDirectMessages: boolean; }; ... 5 more ...; phone?: string; }, TFieldValues>' is not assignable to type 'UseFormHandleSubmit<{ emailNotifications: { projectUpdates: boolean; messageReceived: boolean; weeklyReports: boolean; systemAnnouncements: boolean; }; profileSettings: { isPublic: boolean; showEmail: boolean; showPhone: boolean; allowDirectMessages: boolean; }; ... 5 more ...; phone?: string; }, { ...; }>'.
      Types of parameters 'onValid' and 'onValid' are incompatible.
        Types of parameters 'data' and 'data' are incompatible.
          Type 'TFieldValues' is not assignable to type '{ emailNotifications: { projectUpdates: boolean; messageReceived: boolean; weeklyReports: boolean; systemAnnouncements: boolean; }; profileSettings: { isPublic: boolean; showEmail: boolean; showPhone: boolean; allowDirectMessages: boolean; }; ... 5 more ...; phone?: string; }'.
            Type 'FieldValues' is missing the following properties from type '{ emailNotifications: { projectUpdates: boolean; messageReceived: boolean; weeklyReports: boolean; systemAnnouncements: boolean; }; profileSettings: { isPublic: boolean; showEmail: boolean; showPhone: boolean; allowDirectMessages: boolean; }; ... 5 more ...; phone?: string; }': emailNotifications, profileSettings, name, email, and 3 more.
src/components/profile/EnhancedProfileEditor.tsx(1577,25): error TS2322: Type '"bio"' is not assignable to type '"title" | "name" | "email" | "phone" | "timezone" | "emailNotifications" | "profileSettings" | "language" | "emailNotifications.projectUpdates" | "emailNotifications.messageReceived" | ... 5 more ... | "profileSettings.allowDirectMessages"'.
src/components/profile/EnhancedProfileEditor.tsx(1582,32): error TS2322: Type '{ placeholder: string; rows: number; onChange: (...event: any[]) => void; onBlur: Noop; value: string | boolean | { projectUpdates: boolean; messageReceived: boolean; weeklyReports: boolean; systemAnnouncements: boolean; } | { ...; }; disabled?: boolean; name: "title" | ... 14 more ... | "profileSettings.allowDirect...' is not assignable to type 'TextareaHTMLAttributes<HTMLTextAreaElement>'.
  Types of property 'value' are incompatible.
    Type 'string | boolean | { projectUpdates: boolean; messageReceived: boolean; weeklyReports: boolean; systemAnnouncements: boolean; } | { isPublic: boolean; showEmail: boolean; showPhone: boolean; allowDirectMessages: boolean; }' is not assignable to type 'string | number | readonly string[]'.
      Type 'boolean' is not assignable to type 'string | number | readonly string[]'.
src/components/profile/EnhancedProfileEditor.tsx(1597,25): error TS2322: Type 'Control<{ emailNotifications: { projectUpdates: boolean; messageReceived: boolean; weeklyReports: boolean; systemAnnouncements: boolean; }; profileSettings: { isPublic: boolean; showEmail: boolean; showPhone: boolean; allowDirectMessages: boolean; }; ... 5 more ...; phone?: string; }, any, TFieldValues>' is not assignable to type 'Control<{ emailNotifications: { projectUpdates: boolean; messageReceived: boolean; weeklyReports: boolean; systemAnnouncements: boolean; }; profileSettings: { isPublic: boolean; showEmail: boolean; showPhone: boolean; allowDirectMessages: boolean; }; ... 5 more ...; phone?: string; }, any, { ...; }>'.
  The types of '_options.formControl.handleSubmit' are incompatible between these types.
    Type 'UseFormHandleSubmit<{ emailNotifications: { projectUpdates: boolean; messageReceived: boolean; weeklyReports: boolean; systemAnnouncements: boolean; }; profileSettings: { isPublic: boolean; showEmail: boolean; showPhone: boolean; allowDirectMessages: boolean; }; ... 5 more ...; phone?: string; }, TFieldValues>' is not assignable to type 'UseFormHandleSubmit<{ emailNotifications: { projectUpdates: boolean; messageReceived: boolean; weeklyReports: boolean; systemAnnouncements: boolean; }; profileSettings: { isPublic: boolean; showEmail: boolean; showPhone: boolean; allowDirectMessages: boolean; }; ... 5 more ...; phone?: string; }, { ...; }>'.
      Types of parameters 'onValid' and 'onValid' are incompatible.
        Types of parameters 'data' and 'data' are incompatible.
          Type 'TFieldValues' is not assignable to type '{ emailNotifications: { projectUpdates: boolean; messageReceived: boolean; weeklyReports: boolean; systemAnnouncements: boolean; }; profileSettings: { isPublic: boolean; showEmail: boolean; showPhone: boolean; allowDirectMessages: boolean; }; ... 5 more ...; phone?: string; }'.
            Type 'FieldValues' is missing the following properties from type '{ emailNotifications: { projectUpdates: boolean; messageReceived: boolean; weeklyReports: boolean; systemAnnouncements: boolean; }; profileSettings: { isPublic: boolean; showEmail: boolean; showPhone: boolean; allowDirectMessages: boolean; }; ... 5 more ...; phone?: string; }': emailNotifications, profileSettings, name, email, and 3 more.
src/components/profile/EnhancedProfileEditor.tsx(1598,25): error TS2322: Type '"portfolio"' is not assignable to type '"title" | "name" | "email" | "phone" | "timezone" | "emailNotifications" | "profileSettings" | "language" | "emailNotifications.projectUpdates" | "emailNotifications.messageReceived" | ... 5 more ... | "profileSettings.allowDirectMessages"'.
src/components/profile/EnhancedProfileEditor.tsx(1603,32): error TS2322: Type '{ type: "url"; placeholder: string; onChange: (...event: any[]) => void; onBlur: Noop; value: string | boolean | { projectUpdates: boolean; messageReceived: boolean; weeklyReports: boolean; systemAnnouncements: boolean; } | { ...; }; disabled?: boolean; name: "title" | ... 14 more ... | "profileSettings.allowDirectM...' is not assignable to type 'Omit<InputProps, "ref">'.
  Types of property 'value' are incompatible.
    Type 'string | boolean | { projectUpdates: boolean; messageReceived: boolean; weeklyReports: boolean; systemAnnouncements: boolean; } | { isPublic: boolean; showEmail: boolean; showPhone: boolean; allowDirectMessages: boolean; }' is not assignable to type 'string | number | readonly string[]'.
      Type 'boolean' is not assignable to type 'string | number | readonly string[]'.
src/components/profile/EnhancedProfileEditor.tsx(1669,21): error TS2322: Type 'Control<{ emailNotifications: { projectUpdates: boolean; messageReceived: boolean; weeklyReports: boolean; systemAnnouncements: boolean; }; profileSettings: { isPublic: boolean; showEmail: boolean; showPhone: boolean; allowDirectMessages: boolean; }; ... 5 more ...; phone?: string; }, any, TFieldValues>' is not assignable to type 'Control<{ emailNotifications: { projectUpdates: boolean; messageReceived: boolean; weeklyReports: boolean; systemAnnouncements: boolean; }; profileSettings: { isPublic: boolean; showEmail: boolean; showPhone: boolean; allowDirectMessages: boolean; }; ... 5 more ...; phone?: string; }, any, { ...; }>'.
  The types of '_options.formControl.handleSubmit' are incompatible between these types.
    Type 'UseFormHandleSubmit<{ emailNotifications: { projectUpdates: boolean; messageReceived: boolean; weeklyReports: boolean; systemAnnouncements: boolean; }; profileSettings: { isPublic: boolean; showEmail: boolean; showPhone: boolean; allowDirectMessages: boolean; }; ... 5 more ...; phone?: string; }, TFieldValues>' is not assignable to type 'UseFormHandleSubmit<{ emailNotifications: { projectUpdates: boolean; messageReceived: boolean; weeklyReports: boolean; systemAnnouncements: boolean; }; profileSettings: { isPublic: boolean; showEmail: boolean; showPhone: boolean; allowDirectMessages: boolean; }; ... 5 more ...; phone?: string; }, { ...; }>'.
      Types of parameters 'onValid' and 'onValid' are incompatible.
        Types of parameters 'data' and 'data' are incompatible.
          Type 'TFieldValues' is not assignable to type '{ emailNotifications: { projectUpdates: boolean; messageReceived: boolean; weeklyReports: boolean; systemAnnouncements: boolean; }; profileSettings: { isPublic: boolean; showEmail: boolean; showPhone: boolean; allowDirectMessages: boolean; }; ... 5 more ...; phone?: string; }'.
            Type 'FieldValues' is missing the following properties from type '{ emailNotifications: { projectUpdates: boolean; messageReceived: boolean; weeklyReports: boolean; systemAnnouncements: boolean; }; profileSettings: { isPublic: boolean; showEmail: boolean; showPhone: boolean; allowDirectMessages: boolean; }; ... 5 more ...; phone?: string; }': emailNotifications, profileSettings, name, email, and 3 more.
src/components/profile/EnhancedProfileEditor.tsx(1698,21): error TS2322: Type 'Control<{ emailNotifications: { projectUpdates: boolean; messageReceived: boolean; weeklyReports: boolean; systemAnnouncements: boolean; }; profileSettings: { isPublic: boolean; showEmail: boolean; showPhone: boolean; allowDirectMessages: boolean; }; ... 5 more ...; phone?: string; }, any, TFieldValues>' is not assignable to type 'Control<{ emailNotifications: { projectUpdates: boolean; messageReceived: boolean; weeklyReports: boolean; systemAnnouncements: boolean; }; profileSettings: { isPublic: boolean; showEmail: boolean; showPhone: boolean; allowDirectMessages: boolean; }; ... 5 more ...; phone?: string; }, any, { ...; }>'.
  The types of '_options.formControl.handleSubmit' are incompatible between these types.
    Type 'UseFormHandleSubmit<{ emailNotifications: { projectUpdates: boolean; messageReceived: boolean; weeklyReports: boolean; systemAnnouncements: boolean; }; profileSettings: { isPublic: boolean; showEmail: boolean; showPhone: boolean; allowDirectMessages: boolean; }; ... 5 more ...; phone?: string; }, TFieldValues>' is not assignable to type 'UseFormHandleSubmit<{ emailNotifications: { projectUpdates: boolean; messageReceived: boolean; weeklyReports: boolean; systemAnnouncements: boolean; }; profileSettings: { isPublic: boolean; showEmail: boolean; showPhone: boolean; allowDirectMessages: boolean; }; ... 5 more ...; phone?: string; }, { ...; }>'.
      Types of parameters 'onValid' and 'onValid' are incompatible.
        Types of parameters 'data' and 'data' are incompatible.
          Type 'TFieldValues' is not assignable to type '{ emailNotifications: { projectUpdates: boolean; messageReceived: boolean; weeklyReports: boolean; systemAnnouncements: boolean; }; profileSettings: { isPublic: boolean; showEmail: boolean; showPhone: boolean; allowDirectMessages: boolean; }; ... 5 more ...; phone?: string; }'.
            Type 'FieldValues' is missing the following properties from type '{ emailNotifications: { projectUpdates: boolean; messageReceived: boolean; weeklyReports: boolean; systemAnnouncements: boolean; }; profileSettings: { isPublic: boolean; showEmail: boolean; showPhone: boolean; allowDirectMessages: boolean; }; ... 5 more ...; phone?: string; }': emailNotifications, profileSettings, name, email, and 3 more.
src/components/profile/EnhancedProfileEditor.tsx(1733,27): error TS2322: Type 'Control<{ emailNotifications: { projectUpdates: boolean; messageReceived: boolean; weeklyReports: boolean; systemAnnouncements: boolean; }; profileSettings: { isPublic: boolean; showEmail: boolean; showPhone: boolean; allowDirectMessages: boolean; }; ... 5 more ...; phone?: string; }, any, TFieldValues>' is not assignable to type 'Control<{ emailNotifications: { projectUpdates: boolean; messageReceived: boolean; weeklyReports: boolean; systemAnnouncements: boolean; }; profileSettings: { isPublic: boolean; showEmail: boolean; showPhone: boolean; allowDirectMessages: boolean; }; ... 5 more ...; phone?: string; }, any, { ...; }>'.
  The types of '_options.formControl.handleSubmit' are incompatible between these types.
    Type 'UseFormHandleSubmit<{ emailNotifications: { projectUpdates: boolean; messageReceived: boolean; weeklyReports: boolean; systemAnnouncements: boolean; }; profileSettings: { isPublic: boolean; showEmail: boolean; showPhone: boolean; allowDirectMessages: boolean; }; ... 5 more ...; phone?: string; }, TFieldValues>' is not assignable to type 'UseFormHandleSubmit<{ emailNotifications: { projectUpdates: boolean; messageReceived: boolean; weeklyReports: boolean; systemAnnouncements: boolean; }; profileSettings: { isPublic: boolean; showEmail: boolean; showPhone: boolean; allowDirectMessages: boolean; }; ... 5 more ...; phone?: string; }, { ...; }>'.
      Types of parameters 'onValid' and 'onValid' are incompatible.
        Types of parameters 'data' and 'data' are incompatible.
          Type 'TFieldValues' is not assignable to type '{ emailNotifications: { projectUpdates: boolean; messageReceived: boolean; weeklyReports: boolean; systemAnnouncements: boolean; }; profileSettings: { isPublic: boolean; showEmail: boolean; showPhone: boolean; allowDirectMessages: boolean; }; ... 5 more ...; phone?: string; }'.
            Type 'FieldValues' is missing the following properties from type '{ emailNotifications: { projectUpdates: boolean; messageReceived: boolean; weeklyReports: boolean; systemAnnouncements: boolean; }; profileSettings: { isPublic: boolean; showEmail: boolean; showPhone: boolean; allowDirectMessages: boolean; }; ... 5 more ...; phone?: string; }': emailNotifications, profileSettings, name, email, and 3 more.
src/components/profile/EnhancedProfileEditor.tsx(1754,27): error TS2322: Type 'Control<{ emailNotifications: { projectUpdates: boolean; messageReceived: boolean; weeklyReports: boolean; systemAnnouncements: boolean; }; profileSettings: { isPublic: boolean; showEmail: boolean; showPhone: boolean; allowDirectMessages: boolean; }; ... 5 more ...; phone?: string; }, any, TFieldValues>' is not assignable to type 'Control<{ emailNotifications: { projectUpdates: boolean; messageReceived: boolean; weeklyReports: boolean; systemAnnouncements: boolean; }; profileSettings: { isPublic: boolean; showEmail: boolean; showPhone: boolean; allowDirectMessages: boolean; }; ... 5 more ...; phone?: string; }, any, { ...; }>'.
  The types of '_options.formControl.handleSubmit' are incompatible between these types.
    Type 'UseFormHandleSubmit<{ emailNotifications: { projectUpdates: boolean; messageReceived: boolean; weeklyReports: boolean; systemAnnouncements: boolean; }; profileSettings: { isPublic: boolean; showEmail: boolean; showPhone: boolean; allowDirectMessages: boolean; }; ... 5 more ...; phone?: string; }, TFieldValues>' is not assignable to type 'UseFormHandleSubmit<{ emailNotifications: { projectUpdates: boolean; messageReceived: boolean; weeklyReports: boolean; systemAnnouncements: boolean; }; profileSettings: { isPublic: boolean; showEmail: boolean; showPhone: boolean; allowDirectMessages: boolean; }; ... 5 more ...; phone?: string; }, { ...; }>'.
      Types of parameters 'onValid' and 'onValid' are incompatible.
        Types of parameters 'data' and 'data' are incompatible.
          Type 'TFieldValues' is not assignable to type '{ emailNotifications: { projectUpdates: boolean; messageReceived: boolean; weeklyReports: boolean; systemAnnouncements: boolean; }; profileSettings: { isPublic: boolean; showEmail: boolean; showPhone: boolean; allowDirectMessages: boolean; }; ... 5 more ...; phone?: string; }'.
            Type 'FieldValues' is missing the following properties from type '{ emailNotifications: { projectUpdates: boolean; messageReceived: boolean; weeklyReports: boolean; systemAnnouncements: boolean; }; profileSettings: { isPublic: boolean; showEmail: boolean; showPhone: boolean; allowDirectMessages: boolean; }; ... 5 more ...; phone?: string; }': emailNotifications, profileSettings, name, email, and 3 more.
src/components/profile/EnhancedProfileEditor.tsx(1775,27): error TS2322: Type 'Control<{ emailNotifications: { projectUpdates: boolean; messageReceived: boolean; weeklyReports: boolean; systemAnnouncements: boolean; }; profileSettings: { isPublic: boolean; showEmail: boolean; showPhone: boolean; allowDirectMessages: boolean; }; ... 5 more ...; phone?: string; }, any, TFieldValues>' is not assignable to type 'Control<{ emailNotifications: { projectUpdates: boolean; messageReceived: boolean; weeklyReports: boolean; systemAnnouncements: boolean; }; profileSettings: { isPublic: boolean; showEmail: boolean; showPhone: boolean; allowDirectMessages: boolean; }; ... 5 more ...; phone?: string; }, any, { ...; }>'.
  The types of '_options.formControl.handleSubmit' are incompatible between these types.
    Type 'UseFormHandleSubmit<{ emailNotifications: { projectUpdates: boolean; messageReceived: boolean; weeklyReports: boolean; systemAnnouncements: boolean; }; profileSettings: { isPublic: boolean; showEmail: boolean; showPhone: boolean; allowDirectMessages: boolean; }; ... 5 more ...; phone?: string; }, TFieldValues>' is not assignable to type 'UseFormHandleSubmit<{ emailNotifications: { projectUpdates: boolean; messageReceived: boolean; weeklyReports: boolean; systemAnnouncements: boolean; }; profileSettings: { isPublic: boolean; showEmail: boolean; showPhone: boolean; allowDirectMessages: boolean; }; ... 5 more ...; phone?: string; }, { ...; }>'.
      Types of parameters 'onValid' and 'onValid' are incompatible.
        Types of parameters 'data' and 'data' are incompatible.
          Type 'TFieldValues' is not assignable to type '{ emailNotifications: { projectUpdates: boolean; messageReceived: boolean; weeklyReports: boolean; systemAnnouncements: boolean; }; profileSettings: { isPublic: boolean; showEmail: boolean; showPhone: boolean; allowDirectMessages: boolean; }; ... 5 more ...; phone?: string; }'.
            Type 'FieldValues' is missing the following properties from type '{ emailNotifications: { projectUpdates: boolean; messageReceived: boolean; weeklyReports: boolean; systemAnnouncements: boolean; }; profileSettings: { isPublic: boolean; showEmail: boolean; showPhone: boolean; allowDirectMessages: boolean; }; ... 5 more ...; phone?: string; }': emailNotifications, profileSettings, name, email, and 3 more.
src/components/profile/EnhancedProfileEditor.tsx(1797,29): error TS2322: Type 'Control<{ emailNotifications: { projectUpdates: boolean; messageReceived: boolean; weeklyReports: boolean; systemAnnouncements: boolean; }; profileSettings: { isPublic: boolean; showEmail: boolean; showPhone: boolean; allowDirectMessages: boolean; }; ... 5 more ...; phone?: string; }, any, TFieldValues>' is not assignable to type 'Control<{ emailNotifications: { projectUpdates: boolean; messageReceived: boolean; weeklyReports: boolean; systemAnnouncements: boolean; }; profileSettings: { isPublic: boolean; showEmail: boolean; showPhone: boolean; allowDirectMessages: boolean; }; ... 5 more ...; phone?: string; }, any, { ...; }>'.
  The types of '_options.formControl.handleSubmit' are incompatible between these types.
    Type 'UseFormHandleSubmit<{ emailNotifications: { projectUpdates: boolean; messageReceived: boolean; weeklyReports: boolean; systemAnnouncements: boolean; }; profileSettings: { isPublic: boolean; showEmail: boolean; showPhone: boolean; allowDirectMessages: boolean; }; ... 5 more ...; phone?: string; }, TFieldValues>' is not assignable to type 'UseFormHandleSubmit<{ emailNotifications: { projectUpdates: boolean; messageReceived: boolean; weeklyReports: boolean; systemAnnouncements: boolean; }; profileSettings: { isPublic: boolean; showEmail: boolean; showPhone: boolean; allowDirectMessages: boolean; }; ... 5 more ...; phone?: string; }, { ...; }>'.
      Types of parameters 'onValid' and 'onValid' are incompatible.
        Types of parameters 'data' and 'data' are incompatible.
          Type 'TFieldValues' is not assignable to type '{ emailNotifications: { projectUpdates: boolean; messageReceived: boolean; weeklyReports: boolean; systemAnnouncements: boolean; }; profileSettings: { isPublic: boolean; showEmail: boolean; showPhone: boolean; allowDirectMessages: boolean; }; ... 5 more ...; phone?: string; }'.
            Type 'FieldValues' is missing the following properties from type '{ emailNotifications: { projectUpdates: boolean; messageReceived: boolean; weeklyReports: boolean; systemAnnouncements: boolean; }; profileSettings: { isPublic: boolean; showEmail: boolean; showPhone: boolean; allowDirectMessages: boolean; }; ... 5 more ...; phone?: string; }': emailNotifications, profileSettings, name, email, and 3 more.
src/components/profile/EnhancedProfileEditor.tsx(1798,29): error TS2820: Type '"profileSettings.showCompany"' is not assignable to type '"title" | "name" | "email" | "phone" | "timezone" | "emailNotifications" | "profileSettings" | "language" | "emailNotifications.projectUpdates" | "emailNotifications.messageReceived" | ... 5 more ... | "profileSettings.allowDirectMessages"'. Did you mean '"profileSettings.showEmail"'?
src/components/profile/EnhancedProfileEditor.tsx(1809,37): error TS2322: Type 'string | boolean | { projectUpdates: boolean; messageReceived: boolean; weeklyReports: boolean; systemAnnouncements: boolean; } | { isPublic: boolean; showEmail: boolean; showPhone: boolean; allowDirectMessages: boolean; }' is not assignable to type 'boolean'.
  Type 'string' is not assignable to type 'boolean'.
src/components/profile/EnhancedProfileEditor.tsx(1819,27): error TS2322: Type 'Control<{ emailNotifications: { projectUpdates: boolean; messageReceived: boolean; weeklyReports: boolean; systemAnnouncements: boolean; }; profileSettings: { isPublic: boolean; showEmail: boolean; showPhone: boolean; allowDirectMessages: boolean; }; ... 5 more ...; phone?: string; }, any, TFieldValues>' is not assignable to type 'Control<{ emailNotifications: { projectUpdates: boolean; messageReceived: boolean; weeklyReports: boolean; systemAnnouncements: boolean; }; profileSettings: { isPublic: boolean; showEmail: boolean; showPhone: boolean; allowDirectMessages: boolean; }; ... 5 more ...; phone?: string; }, any, { ...; }>'.
  The types of '_options.formControl.handleSubmit' are incompatible between these types.
    Type 'UseFormHandleSubmit<{ emailNotifications: { projectUpdates: boolean; messageReceived: boolean; weeklyReports: boolean; systemAnnouncements: boolean; }; profileSettings: { isPublic: boolean; showEmail: boolean; showPhone: boolean; allowDirectMessages: boolean; }; ... 5 more ...; phone?: string; }, TFieldValues>' is not assignable to type 'UseFormHandleSubmit<{ emailNotifications: { projectUpdates: boolean; messageReceived: boolean; weeklyReports: boolean; systemAnnouncements: boolean; }; profileSettings: { isPublic: boolean; showEmail: boolean; showPhone: boolean; allowDirectMessages: boolean; }; ... 5 more ...; phone?: string; }, { ...; }>'.
      Types of parameters 'onValid' and 'onValid' are incompatible.
        Types of parameters 'data' and 'data' are incompatible.
          Type 'TFieldValues' is not assignable to type '{ emailNotifications: { projectUpdates: boolean; messageReceived: boolean; weeklyReports: boolean; systemAnnouncements: boolean; }; profileSettings: { isPublic: boolean; showEmail: boolean; showPhone: boolean; allowDirectMessages: boolean; }; ... 5 more ...; phone?: string; }'.
            Type 'FieldValues' is missing the following properties from type '{ emailNotifications: { projectUpdates: boolean; messageReceived: boolean; weeklyReports: boolean; systemAnnouncements: boolean; }; profileSettings: { isPublic: boolean; showEmail: boolean; showPhone: boolean; allowDirectMessages: boolean; }; ... 5 more ...; phone?: string; }': emailNotifications, profileSettings, name, email, and 3 more.
src/components/profile/EnhancedProfileEditor.tsx(1860,23): error TS2322: Type 'Control<{ emailNotifications: { projectUpdates: boolean; messageReceived: boolean; weeklyReports: boolean; systemAnnouncements: boolean; }; profileSettings: { isPublic: boolean; showEmail: boolean; showPhone: boolean; allowDirectMessages: boolean; }; ... 5 more ...; phone?: string; }, any, TFieldValues>' is not assignable to type 'Control<{ emailNotifications: { projectUpdates: boolean; messageReceived: boolean; weeklyReports: boolean; systemAnnouncements: boolean; }; profileSettings: { isPublic: boolean; showEmail: boolean; showPhone: boolean; allowDirectMessages: boolean; }; ... 5 more ...; phone?: string; }, any, { ...; }>'.
  The types of '_options.formControl.handleSubmit' are incompatible between these types.
    Type 'UseFormHandleSubmit<{ emailNotifications: { projectUpdates: boolean; messageReceived: boolean; weeklyReports: boolean; systemAnnouncements: boolean; }; profileSettings: { isPublic: boolean; showEmail: boolean; showPhone: boolean; allowDirectMessages: boolean; }; ... 5 more ...; phone?: string; }, TFieldValues>' is not assignable to type 'UseFormHandleSubmit<{ emailNotifications: { projectUpdates: boolean; messageReceived: boolean; weeklyReports: boolean; systemAnnouncements: boolean; }; profileSettings: { isPublic: boolean; showEmail: boolean; showPhone: boolean; allowDirectMessages: boolean; }; ... 5 more ...; phone?: string; }, { ...; }>'.
      Types of parameters 'onValid' and 'onValid' are incompatible.
        Types of parameters 'data' and 'data' are incompatible.
          Type 'TFieldValues' is not assignable to type '{ emailNotifications: { projectUpdates: boolean; messageReceived: boolean; weeklyReports: boolean; systemAnnouncements: boolean; }; profileSettings: { isPublic: boolean; showEmail: boolean; showPhone: boolean; allowDirectMessages: boolean; }; ... 5 more ...; phone?: string; }'.
            Type 'FieldValues' is missing the following properties from type '{ emailNotifications: { projectUpdates: boolean; messageReceived: boolean; weeklyReports: boolean; systemAnnouncements: boolean; }; profileSettings: { isPublic: boolean; showEmail: boolean; showPhone: boolean; allowDirectMessages: boolean; }; ... 5 more ...; phone?: string; }': emailNotifications, profileSettings, name, email, and 3 more.
src/components/profile/EnhancedProfileEditor.tsx(1881,23): error TS2322: Type 'Control<{ emailNotifications: { projectUpdates: boolean; messageReceived: boolean; weeklyReports: boolean; systemAnnouncements: boolean; }; profileSettings: { isPublic: boolean; showEmail: boolean; showPhone: boolean; allowDirectMessages: boolean; }; ... 5 more ...; phone?: string; }, any, TFieldValues>' is not assignable to type 'Control<{ emailNotifications: { projectUpdates: boolean; messageReceived: boolean; weeklyReports: boolean; systemAnnouncements: boolean; }; profileSettings: { isPublic: boolean; showEmail: boolean; showPhone: boolean; allowDirectMessages: boolean; }; ... 5 more ...; phone?: string; }, any, { ...; }>'.
  The types of '_options.formControl.handleSubmit' are incompatible between these types.
    Type 'UseFormHandleSubmit<{ emailNotifications: { projectUpdates: boolean; messageReceived: boolean; weeklyReports: boolean; systemAnnouncements: boolean; }; profileSettings: { isPublic: boolean; showEmail: boolean; showPhone: boolean; allowDirectMessages: boolean; }; ... 5 more ...; phone?: string; }, TFieldValues>' is not assignable to type 'UseFormHandleSubmit<{ emailNotifications: { projectUpdates: boolean; messageReceived: boolean; weeklyReports: boolean; systemAnnouncements: boolean; }; profileSettings: { isPublic: boolean; showEmail: boolean; showPhone: boolean; allowDirectMessages: boolean; }; ... 5 more ...; phone?: string; }, { ...; }>'.
      Types of parameters 'onValid' and 'onValid' are incompatible.
        Types of parameters 'data' and 'data' are incompatible.
          Type 'TFieldValues' is not assignable to type '{ emailNotifications: { projectUpdates: boolean; messageReceived: boolean; weeklyReports: boolean; systemAnnouncements: boolean; }; profileSettings: { isPublic: boolean; showEmail: boolean; showPhone: boolean; allowDirectMessages: boolean; }; ... 5 more ...; phone?: string; }'.
            Type 'FieldValues' is missing the following properties from type '{ emailNotifications: { projectUpdates: boolean; messageReceived: boolean; weeklyReports: boolean; systemAnnouncements: boolean; }; profileSettings: { isPublic: boolean; showEmail: boolean; showPhone: boolean; allowDirectMessages: boolean; }; ... 5 more ...; phone?: string; }': emailNotifications, profileSettings, name, email, and 3 more.
src/components/profile/EnhancedProfileEditor.tsx(1903,25): error TS2322: Type 'Control<{ emailNotifications: { projectUpdates: boolean; messageReceived: boolean; weeklyReports: boolean; systemAnnouncements: boolean; }; profileSettings: { isPublic: boolean; showEmail: boolean; showPhone: boolean; allowDirectMessages: boolean; }; ... 5 more ...; phone?: string; }, any, TFieldValues>' is not assignable to type 'Control<{ emailNotifications: { projectUpdates: boolean; messageReceived: boolean; weeklyReports: boolean; systemAnnouncements: boolean; }; profileSettings: { isPublic: boolean; showEmail: boolean; showPhone: boolean; allowDirectMessages: boolean; }; ... 5 more ...; phone?: string; }, any, { ...; }>'.
  The types of '_options.formControl.handleSubmit' are incompatible between these types.
    Type 'UseFormHandleSubmit<{ emailNotifications: { projectUpdates: boolean; messageReceived: boolean; weeklyReports: boolean; systemAnnouncements: boolean; }; profileSettings: { isPublic: boolean; showEmail: boolean; showPhone: boolean; allowDirectMessages: boolean; }; ... 5 more ...; phone?: string; }, TFieldValues>' is not assignable to type 'UseFormHandleSubmit<{ emailNotifications: { projectUpdates: boolean; messageReceived: boolean; weeklyReports: boolean; systemAnnouncements: boolean; }; profileSettings: { isPublic: boolean; showEmail: boolean; showPhone: boolean; allowDirectMessages: boolean; }; ... 5 more ...; phone?: string; }, { ...; }>'.
      Types of parameters 'onValid' and 'onValid' are incompatible.
        Types of parameters 'data' and 'data' are incompatible.
          Type 'TFieldValues' is not assignable to type '{ emailNotifications: { projectUpdates: boolean; messageReceived: boolean; weeklyReports: boolean; systemAnnouncements: boolean; }; profileSettings: { isPublic: boolean; showEmail: boolean; showPhone: boolean; allowDirectMessages: boolean; }; ... 5 more ...; phone?: string; }'.
            Type 'FieldValues' is missing the following properties from type '{ emailNotifications: { projectUpdates: boolean; messageReceived: boolean; weeklyReports: boolean; systemAnnouncements: boolean; }; profileSettings: { isPublic: boolean; showEmail: boolean; showPhone: boolean; allowDirectMessages: boolean; }; ... 5 more ...; phone?: string; }': emailNotifications, profileSettings, name, email, and 3 more.
src/components/profile/EnhancedProfileEditor.tsx(1904,25): error TS2322: Type '"emailNotifications.timerReminders"' is not assignable to type '"title" | "name" | "email" | "phone" | "timezone" | "emailNotifications" | "profileSettings" | "language" | "emailNotifications.projectUpdates" | "emailNotifications.messageReceived" | ... 5 more ... | "profileSettings.allowDirectMessages"'.
src/components/profile/EnhancedProfileEditor.tsx(1915,33): error TS2322: Type 'string | boolean | { projectUpdates: boolean; messageReceived: boolean; weeklyReports: boolean; systemAnnouncements: boolean; } | { isPublic: boolean; showEmail: boolean; showPhone: boolean; allowDirectMessages: boolean; }' is not assignable to type 'boolean'.
  Type 'string' is not assignable to type 'boolean'.
src/components/profile/EnhancedProfileEditor.tsx(1925,23): error TS2322: Type 'Control<{ emailNotifications: { projectUpdates: boolean; messageReceived: boolean; weeklyReports: boolean; systemAnnouncements: boolean; }; profileSettings: { isPublic: boolean; showEmail: boolean; showPhone: boolean; allowDirectMessages: boolean; }; ... 5 more ...; phone?: string; }, any, TFieldValues>' is not assignable to type 'Control<{ emailNotifications: { projectUpdates: boolean; messageReceived: boolean; weeklyReports: boolean; systemAnnouncements: boolean; }; profileSettings: { isPublic: boolean; showEmail: boolean; showPhone: boolean; allowDirectMessages: boolean; }; ... 5 more ...; phone?: string; }, any, { ...; }>'.
  The types of '_options.formControl.handleSubmit' are incompatible between these types.
    Type 'UseFormHandleSubmit<{ emailNotifications: { projectUpdates: boolean; messageReceived: boolean; weeklyReports: boolean; systemAnnouncements: boolean; }; profileSettings: { isPublic: boolean; showEmail: boolean; showPhone: boolean; allowDirectMessages: boolean; }; ... 5 more ...; phone?: string; }, TFieldValues>' is not assignable to type 'UseFormHandleSubmit<{ emailNotifications: { projectUpdates: boolean; messageReceived: boolean; weeklyReports: boolean; systemAnnouncements: boolean; }; profileSettings: { isPublic: boolean; showEmail: boolean; showPhone: boolean; allowDirectMessages: boolean; }; ... 5 more ...; phone?: string; }, { ...; }>'.
      Types of parameters 'onValid' and 'onValid' are incompatible.
        Types of parameters 'data' and 'data' are incompatible.
          Type 'TFieldValues' is not assignable to type '{ emailNotifications: { projectUpdates: boolean; messageReceived: boolean; weeklyReports: boolean; systemAnnouncements: boolean; }; profileSettings: { isPublic: boolean; showEmail: boolean; showPhone: boolean; allowDirectMessages: boolean; }; ... 5 more ...; phone?: string; }'.
            Type 'FieldValues' is missing the following properties from type '{ emailNotifications: { projectUpdates: boolean; messageReceived: boolean; weeklyReports: boolean; systemAnnouncements: boolean; }; profileSettings: { isPublic: boolean; showEmail: boolean; showPhone: boolean; allowDirectMessages: boolean; }; ... 5 more ...; phone?: string; }': emailNotifications, profileSettings, name, email, and 3 more.
src/components/profile/EnhancedProfileEditor.tsx(1946,23): error TS2322: Type 'Control<{ emailNotifications: { projectUpdates: boolean; messageReceived: boolean; weeklyReports: boolean; systemAnnouncements: boolean; }; profileSettings: { isPublic: boolean; showEmail: boolean; showPhone: boolean; allowDirectMessages: boolean; }; ... 5 more ...; phone?: string; }, any, TFieldValues>' is not assignable to type 'Control<{ emailNotifications: { projectUpdates: boolean; messageReceived: boolean; weeklyReports: boolean; systemAnnouncements: boolean; }; profileSettings: { isPublic: boolean; showEmail: boolean; showPhone: boolean; allowDirectMessages: boolean; }; ... 5 more ...; phone?: string; }, any, { ...; }>'.
  The types of '_options.formControl.handleSubmit' are incompatible between these types.
    Type 'UseFormHandleSubmit<{ emailNotifications: { projectUpdates: boolean; messageReceived: boolean; weeklyReports: boolean; systemAnnouncements: boolean; }; profileSettings: { isPublic: boolean; showEmail: boolean; showPhone: boolean; allowDirectMessages: boolean; }; ... 5 more ...; phone?: string; }, TFieldValues>' is not assignable to type 'UseFormHandleSubmit<{ emailNotifications: { projectUpdates: boolean; messageReceived: boolean; weeklyReports: boolean; systemAnnouncements: boolean; }; profileSettings: { isPublic: boolean; showEmail: boolean; showPhone: boolean; allowDirectMessages: boolean; }; ... 5 more ...; phone?: string; }, { ...; }>'.
      Types of parameters 'onValid' and 'onValid' are incompatible.
        Types of parameters 'data' and 'data' are incompatible.
          Type 'TFieldValues' is not assignable to type '{ emailNotifications: { projectUpdates: boolean; messageReceived: boolean; weeklyReports: boolean; systemAnnouncements: boolean; }; profileSettings: { isPublic: boolean; showEmail: boolean; showPhone: boolean; allowDirectMessages: boolean; }; ... 5 more ...; phone?: string; }'.
            Type 'FieldValues' is missing the following properties from type '{ emailNotifications: { projectUpdates: boolean; messageReceived: boolean; weeklyReports: boolean; systemAnnouncements: boolean; }; profileSettings: { isPublic: boolean; showEmail: boolean; showPhone: boolean; allowDirectMessages: boolean; }; ... 5 more ...; phone?: string; }': emailNotifications, profileSettings, name, email, and 3 more.
src/components/profile/index.ts(22,1): error TS2308: Module '../../services/profileValidationService' has already exported a member named 'sendProfileCompletenessNotification'. Consider explicitly re-exporting to resolve the ambiguity.
src/components/profile/RoleBasedProfileEditor.tsx(190,5): error TS2322: Type 'Resolver<{ emailNotifications: { projectUpdates?: boolean; messageReceived?: boolean; weeklyReports?: boolean; systemAnnouncements?: boolean; profileChanges?: boolean; }; profileSettings: { isPublic?: boolean; showEmail?: boolean; showPhone?: boolean; allowDirectMessages?: boolean; }; ... 5 more ...; language?: stri...' is not assignable to type 'Resolver<{ emailNotifications: { projectUpdates: boolean; messageReceived: boolean; weeklyReports: boolean; systemAnnouncements: boolean; profileChanges: boolean; }; profileSettings: { isPublic: boolean; showEmail: boolean; showPhone: boolean; allowDirectMessages: boolean; }; ... 5 more ...; phone?: string; }, any, ...'.
  Types of parameters 'options' and 'options' are incompatible.
    Type 'ResolverOptions<{ emailNotifications: { projectUpdates: boolean; messageReceived: boolean; weeklyReports: boolean; systemAnnouncements: boolean; profileChanges: boolean; }; profileSettings: { isPublic: boolean; showEmail: boolean; showPhone: boolean; allowDirectMessages: boolean; }; ... 5 more ...; phone?: string; }>' is not assignable to type 'ResolverOptions<{ emailNotifications: { projectUpdates?: boolean; messageReceived?: boolean; weeklyReports?: boolean; systemAnnouncements?: boolean; profileChanges?: boolean; }; profileSettings: { isPublic?: boolean; showEmail?: boolean; showPhone?: boolean; allowDirectMessages?: boolean; }; ... 5 more ...; language...'.
      Type '{ projectUpdates?: boolean; messageReceived?: boolean; weeklyReports?: boolean; systemAnnouncements?: boolean; profileChanges?: boolean; }' is not assignable to type '{ projectUpdates: boolean; messageReceived: boolean; weeklyReports: boolean; systemAnnouncements: boolean; profileChanges: boolean; }'.
        Property 'projectUpdates' is optional in type '{ projectUpdates?: boolean; messageReceived?: boolean; weeklyReports?: boolean; systemAnnouncements?: boolean; profileChanges?: boolean; }' but required in type '{ projectUpdates: boolean; messageReceived: boolean; weeklyReports: boolean; systemAnnouncements: boolean; profileChanges: boolean; }'.
src/components/profile/RoleBasedProfileEditor.tsx(289,9): error TS2322: Type 'unknown' is not assignable to type 'string'.
src/components/profile/RoleBasedProfileEditor.tsx(293,9): error TS2322: Type 'unknown' is not assignable to type 'number'.
src/components/profile/RoleBasedProfileEditor.tsx(428,43): error TS2345: Argument of type '(data: { emailNotifications: { projectUpdates: boolean; messageReceived: boolean; weeklyReports: boolean; systemAnnouncements: boolean; profileChanges: boolean; }; profileSettings: { isPublic: boolean; showEmail: boolean; showPhone: boolean; allowDirectMessages: boolean; }; ... 5 more ...; phone?: string; }) => Prom...' is not assignable to parameter of type 'SubmitHandler<TFieldValues>'.
  Types of parameters 'data' and 'data' are incompatible.
    Type 'TFieldValues' is not assignable to type '{ emailNotifications: { projectUpdates: boolean; messageReceived: boolean; weeklyReports: boolean; systemAnnouncements: boolean; profileChanges: boolean; }; profileSettings: { isPublic: boolean; showEmail: boolean; showPhone: boolean; allowDirectMessages: boolean; }; ... 5 more ...; phone?: string; }'.
      Type 'FieldValues' is missing the following properties from type '{ emailNotifications: { projectUpdates: boolean; messageReceived: boolean; weeklyReports: boolean; systemAnnouncements: boolean; profileChanges: boolean; }; profileSettings: { isPublic: boolean; showEmail: boolean; showPhone: boolean; allowDirectMessages: boolean; }; ... 5 more ...; phone?: string; }': emailNotifications, profileSettings, name, email, and 3 more.
src/components/profile/RoleBasedProfileEditor.tsx(463,21): error TS2322: Type 'Control<{ emailNotifications: { projectUpdates: boolean; messageReceived: boolean; weeklyReports: boolean; systemAnnouncements: boolean; profileChanges: boolean; }; profileSettings: { isPublic: boolean; showEmail: boolean; showPhone: boolean; allowDirectMessages: boolean; }; ... 5 more ...; phone?: string; }, any, T...' is not assignable to type 'Control<{ emailNotifications: { projectUpdates: boolean; messageReceived: boolean; weeklyReports: boolean; systemAnnouncements: boolean; profileChanges: boolean; }; profileSettings: { isPublic: boolean; showEmail: boolean; showPhone: boolean; allowDirectMessages: boolean; }; ... 5 more ...; phone?: string; }, any, {...'.
  The types of '_options.formControl.handleSubmit' are incompatible between these types.
    Type 'import("D:/a7.1/a.7.1-s/node_modules/react-hook-form/dist/types/form").UseFormHandleSubmit<{ emailNotifications: { projectUpdates: boolean; messageReceived: boolean; weeklyReports: boolean; systemAnnouncements: boolean; profileChanges: boolean; }; profileSettings: { isPublic: boolean; showEmail: boolean; showPhone: ...' is not assignable to type 'import("D:/a7.1/a.7.1-s/node_modules/react-hook-form/dist/types/form").UseFormHandleSubmit<{ emailNotifications: { projectUpdates: boolean; messageReceived: boolean; weeklyReports: boolean; systemAnnouncements: boolean; profileChanges: boolean; }; profileSettings: { isPublic: boolean; showEmail: boolean; showPhone: ...'. Two different types with this name exist, but they are unrelated.
      Types of parameters 'onValid' and 'onValid' are incompatible.
        Types of parameters 'data' and 'data' are incompatible.
          Type 'TFieldValues' is not assignable to type '{ emailNotifications: { projectUpdates: boolean; messageReceived: boolean; weeklyReports: boolean; systemAnnouncements: boolean; profileChanges: boolean; }; profileSettings: { isPublic: boolean; showEmail: boolean; showPhone: boolean; allowDirectMessages: boolean; }; ... 5 more ...; phone?: string; }'.
            Type 'FieldValues' is missing the following properties from type '{ emailNotifications: { projectUpdates: boolean; messageReceived: boolean; weeklyReports: boolean; systemAnnouncements: boolean; profileChanges: boolean; }; profileSettings: { isPublic: boolean; showEmail: boolean; showPhone: boolean; allowDirectMessages: boolean; }; ... 5 more ...; phone?: string; }': emailNotifications, profileSettings, name, email, and 3 more.
src/components/profile/RoleBasedProfileEditor.tsx(486,21): error TS2322: Type 'Control<{ emailNotifications: { projectUpdates: boolean; messageReceived: boolean; weeklyReports: boolean; systemAnnouncements: boolean; profileChanges: boolean; }; profileSettings: { isPublic: boolean; showEmail: boolean; showPhone: boolean; allowDirectMessages: boolean; }; ... 5 more ...; phone?: string; }, any, T...' is not assignable to type 'Control<{ emailNotifications: { projectUpdates: boolean; messageReceived: boolean; weeklyReports: boolean; systemAnnouncements: boolean; profileChanges: boolean; }; profileSettings: { isPublic: boolean; showEmail: boolean; showPhone: boolean; allowDirectMessages: boolean; }; ... 5 more ...; phone?: string; }, any, {...'.
  The types of '_options.formControl.handleSubmit' are incompatible between these types.
    Type 'import("D:/a7.1/a.7.1-s/node_modules/react-hook-form/dist/types/form").UseFormHandleSubmit<{ emailNotifications: { projectUpdates: boolean; messageReceived: boolean; weeklyReports: boolean; systemAnnouncements: boolean; profileChanges: boolean; }; profileSettings: { isPublic: boolean; showEmail: boolean; showPhone: ...' is not assignable to type 'import("D:/a7.1/a.7.1-s/node_modules/react-hook-form/dist/types/form").UseFormHandleSubmit<{ emailNotifications: { projectUpdates: boolean; messageReceived: boolean; weeklyReports: boolean; systemAnnouncements: boolean; profileChanges: boolean; }; profileSettings: { isPublic: boolean; showEmail: boolean; showPhone: ...'. Two different types with this name exist, but they are unrelated.
      Types of parameters 'onValid' and 'onValid' are incompatible.
        Types of parameters 'data' and 'data' are incompatible.
          Type 'TFieldValues' is not assignable to type '{ emailNotifications: { projectUpdates: boolean; messageReceived: boolean; weeklyReports: boolean; systemAnnouncements: boolean; profileChanges: boolean; }; profileSettings: { isPublic: boolean; showEmail: boolean; showPhone: boolean; allowDirectMessages: boolean; }; ... 5 more ...; phone?: string; }'.
            Type 'FieldValues' is missing the following properties from type '{ emailNotifications: { projectUpdates: boolean; messageReceived: boolean; weeklyReports: boolean; systemAnnouncements: boolean; profileChanges: boolean; }; profileSettings: { isPublic: boolean; showEmail: boolean; showPhone: boolean; allowDirectMessages: boolean; }; ... 5 more ...; phone?: string; }': emailNotifications, profileSettings, name, email, and 3 more.
src/components/profile/RoleBasedProfileEditor.tsx(515,21): error TS2322: Type 'Control<{ emailNotifications: { projectUpdates: boolean; messageReceived: boolean; weeklyReports: boolean; systemAnnouncements: boolean; profileChanges: boolean; }; profileSettings: { isPublic: boolean; showEmail: boolean; showPhone: boolean; allowDirectMessages: boolean; }; ... 5 more ...; phone?: string; }, any, T...' is not assignable to type 'Control<{ emailNotifications: { projectUpdates: boolean; messageReceived: boolean; weeklyReports: boolean; systemAnnouncements: boolean; profileChanges: boolean; }; profileSettings: { isPublic: boolean; showEmail: boolean; showPhone: boolean; allowDirectMessages: boolean; }; ... 5 more ...; phone?: string; }, any, {...'.
  The types of '_options.formControl.handleSubmit' are incompatible between these types.
    Type 'import("D:/a7.1/a.7.1-s/node_modules/react-hook-form/dist/types/form").UseFormHandleSubmit<{ emailNotifications: { projectUpdates: boolean; messageReceived: boolean; weeklyReports: boolean; systemAnnouncements: boolean; profileChanges: boolean; }; profileSettings: { isPublic: boolean; showEmail: boolean; showPhone: ...' is not assignable to type 'import("D:/a7.1/a.7.1-s/node_modules/react-hook-form/dist/types/form").UseFormHandleSubmit<{ emailNotifications: { projectUpdates: boolean; messageReceived: boolean; weeklyReports: boolean; systemAnnouncements: boolean; profileChanges: boolean; }; profileSettings: { isPublic: boolean; showEmail: boolean; showPhone: ...'. Two different types with this name exist, but they are unrelated.
      Types of parameters 'onValid' and 'onValid' are incompatible.
        Types of parameters 'data' and 'data' are incompatible.
          Type 'TFieldValues' is not assignable to type '{ emailNotifications: { projectUpdates: boolean; messageReceived: boolean; weeklyReports: boolean; systemAnnouncements: boolean; profileChanges: boolean; }; profileSettings: { isPublic: boolean; showEmail: boolean; showPhone: boolean; allowDirectMessages: boolean; }; ... 5 more ...; phone?: string; }'.
            Type 'FieldValues' is missing the following properties from type '{ emailNotifications: { projectUpdates: boolean; messageReceived: boolean; weeklyReports: boolean; systemAnnouncements: boolean; profileChanges: boolean; }; profileSettings: { isPublic: boolean; showEmail: boolean; showPhone: boolean; allowDirectMessages: boolean; }; ... 5 more ...; phone?: string; }': emailNotifications, profileSettings, name, email, and 3 more.
src/components/profile/RoleBasedProfileEditor.tsx(538,21): error TS2322: Type 'Control<{ emailNotifications: { projectUpdates: boolean; messageReceived: boolean; weeklyReports: boolean; systemAnnouncements: boolean; profileChanges: boolean; }; profileSettings: { isPublic: boolean; showEmail: boolean; showPhone: boolean; allowDirectMessages: boolean; }; ... 5 more ...; phone?: string; }, any, T...' is not assignable to type 'Control<{ emailNotifications: { projectUpdates: boolean; messageReceived: boolean; weeklyReports: boolean; systemAnnouncements: boolean; profileChanges: boolean; }; profileSettings: { isPublic: boolean; showEmail: boolean; showPhone: boolean; allowDirectMessages: boolean; }; ... 5 more ...; phone?: string; }, any, {...'.
  The types of '_options.formControl.handleSubmit' are incompatible between these types.
    Type 'import("D:/a7.1/a.7.1-s/node_modules/react-hook-form/dist/types/form").UseFormHandleSubmit<{ emailNotifications: { projectUpdates: boolean; messageReceived: boolean; weeklyReports: boolean; systemAnnouncements: boolean; profileChanges: boolean; }; profileSettings: { isPublic: boolean; showEmail: boolean; showPhone: ...' is not assignable to type 'import("D:/a7.1/a.7.1-s/node_modules/react-hook-form/dist/types/form").UseFormHandleSubmit<{ emailNotifications: { projectUpdates: boolean; messageReceived: boolean; weeklyReports: boolean; systemAnnouncements: boolean; profileChanges: boolean; }; profileSettings: { isPublic: boolean; showEmail: boolean; showPhone: ...'. Two different types with this name exist, but they are unrelated.
      Types of parameters 'onValid' and 'onValid' are incompatible.
        Types of parameters 'data' and 'data' are incompatible.
          Type 'TFieldValues' is not assignable to type '{ emailNotifications: { projectUpdates: boolean; messageReceived: boolean; weeklyReports: boolean; systemAnnouncements: boolean; profileChanges: boolean; }; profileSettings: { isPublic: boolean; showEmail: boolean; showPhone: boolean; allowDirectMessages: boolean; }; ... 5 more ...; phone?: string; }'.
            Type 'FieldValues' is missing the following properties from type '{ emailNotifications: { projectUpdates: boolean; messageReceived: boolean; weeklyReports: boolean; systemAnnouncements: boolean; profileChanges: boolean; }; profileSettings: { isPublic: boolean; showEmail: boolean; showPhone: boolean; allowDirectMessages: boolean; }; ... 5 more ...; phone?: string; }': emailNotifications, profileSettings, name, email, and 3 more.
src/components/profile/RoleBasedProfileEditor.tsx(566,23): error TS2322: Type 'Control<{ emailNotifications: { projectUpdates: boolean; messageReceived: boolean; weeklyReports: boolean; systemAnnouncements: boolean; profileChanges: boolean; }; profileSettings: { isPublic: boolean; showEmail: boolean; showPhone: boolean; allowDirectMessages: boolean; }; ... 5 more ...; phone?: string; }, any, T...' is not assignable to type 'Control<{ emailNotifications: { projectUpdates: boolean; messageReceived: boolean; weeklyReports: boolean; systemAnnouncements: boolean; profileChanges: boolean; }; profileSettings: { isPublic: boolean; showEmail: boolean; showPhone: boolean; allowDirectMessages: boolean; }; ... 5 more ...; phone?: string; }, any, {...'.
  The types of '_options.formControl.handleSubmit' are incompatible between these types.
    Type 'import("D:/a7.1/a.7.1-s/node_modules/react-hook-form/dist/types/form").UseFormHandleSubmit<{ emailNotifications: { projectUpdates: boolean; messageReceived: boolean; weeklyReports: boolean; systemAnnouncements: boolean; profileChanges: boolean; }; profileSettings: { isPublic: boolean; showEmail: boolean; showPhone: ...' is not assignable to type 'import("D:/a7.1/a.7.1-s/node_modules/react-hook-form/dist/types/form").UseFormHandleSubmit<{ emailNotifications: { projectUpdates: boolean; messageReceived: boolean; weeklyReports: boolean; systemAnnouncements: boolean; profileChanges: boolean; }; profileSettings: { isPublic: boolean; showEmail: boolean; showPhone: ...'. Two different types with this name exist, but they are unrelated.
      Types of parameters 'onValid' and 'onValid' are incompatible.
        Types of parameters 'data' and 'data' are incompatible.
          Type 'TFieldValues' is not assignable to type '{ emailNotifications: { projectUpdates: boolean; messageReceived: boolean; weeklyReports: boolean; systemAnnouncements: boolean; profileChanges: boolean; }; profileSettings: { isPublic: boolean; showEmail: boolean; showPhone: boolean; allowDirectMessages: boolean; }; ... 5 more ...; phone?: string; }'.
            Type 'FieldValues' is missing the following properties from type '{ emailNotifications: { projectUpdates: boolean; messageReceived: boolean; weeklyReports: boolean; systemAnnouncements: boolean; profileChanges: boolean; }; profileSettings: { isPublic: boolean; showEmail: boolean; showPhone: boolean; allowDirectMessages: boolean; }; ... 5 more ...; phone?: string; }': emailNotifications, profileSettings, name, email, and 3 more.
src/components/profile/RoleBasedProfileEditor.tsx(567,23): error TS2322: Type '"company"' is not assignable to type '"title" | "name" | "email" | "phone" | "timezone" | "emailNotifications" | "profileSettings" | "language" | "emailNotifications.projectUpdates" | "emailNotifications.messageReceived" | ... 6 more ... | "emailNotifications.profileChanges"'.
src/components/profile/RoleBasedProfileEditor.tsx(576,30): error TS2322: Type '{ placeholder: string; onBlur: () => Promise<boolean>; onChange: (...event: any[]) => void; value: string | boolean | { projectUpdates: boolean; messageReceived: boolean; weeklyReports: boolean; systemAnnouncements: boolean; profileChanges: boolean; } | { ...; }; disabled?: boolean; name: "title" | ... 15 more ... |...' is not assignable to type 'Omit<InputProps, "ref">'.
  Types of property 'value' are incompatible.
    Type 'string | boolean | { projectUpdates: boolean; messageReceived: boolean; weeklyReports: boolean; systemAnnouncements: boolean; profileChanges: boolean; } | { isPublic: boolean; showEmail: boolean; showPhone: boolean; allowDirectMessages: boolean; }' is not assignable to type 'string | number | readonly string[]'.
      Type 'boolean' is not assignable to type 'string | number | readonly string[]'.
src/components/profile/RoleBasedProfileEditor.tsx(592,23): error TS2322: Type 'Control<{ emailNotifications: { projectUpdates: boolean; messageReceived: boolean; weeklyReports: boolean; systemAnnouncements: boolean; profileChanges: boolean; }; profileSettings: { isPublic: boolean; showEmail: boolean; showPhone: boolean; allowDirectMessages: boolean; }; ... 5 more ...; phone?: string; }, any, T...' is not assignable to type 'Control<{ emailNotifications: { projectUpdates: boolean; messageReceived: boolean; weeklyReports: boolean; systemAnnouncements: boolean; profileChanges: boolean; }; profileSettings: { isPublic: boolean; showEmail: boolean; showPhone: boolean; allowDirectMessages: boolean; }; ... 5 more ...; phone?: string; }, any, {...'.
  The types of '_options.formControl.handleSubmit' are incompatible between these types.
    Type 'import("D:/a7.1/a.7.1-s/node_modules/react-hook-form/dist/types/form").UseFormHandleSubmit<{ emailNotifications: { projectUpdates: boolean; messageReceived: boolean; weeklyReports: boolean; systemAnnouncements: boolean; profileChanges: boolean; }; profileSettings: { isPublic: boolean; showEmail: boolean; showPhone: ...' is not assignable to type 'import("D:/a7.1/a.7.1-s/node_modules/react-hook-form/dist/types/form").UseFormHandleSubmit<{ emailNotifications: { projectUpdates: boolean; messageReceived: boolean; weeklyReports: boolean; systemAnnouncements: boolean; profileChanges: boolean; }; profileSettings: { isPublic: boolean; showEmail: boolean; showPhone: ...'. Two different types with this name exist, but they are unrelated.
      Types of parameters 'onValid' and 'onValid' are incompatible.
        Types of parameters 'data' and 'data' are incompatible.
          Type 'TFieldValues' is not assignable to type '{ emailNotifications: { projectUpdates: boolean; messageReceived: boolean; weeklyReports: boolean; systemAnnouncements: boolean; profileChanges: boolean; }; profileSettings: { isPublic: boolean; showEmail: boolean; showPhone: boolean; allowDirectMessages: boolean; }; ... 5 more ...; phone?: string; }'.
            Type 'FieldValues' is missing the following properties from type '{ emailNotifications: { projectUpdates: boolean; messageReceived: boolean; weeklyReports: boolean; systemAnnouncements: boolean; profileChanges: boolean; }; profileSettings: { isPublic: boolean; showEmail: boolean; showPhone: boolean; allowDirectMessages: boolean; }; ... 5 more ...; phone?: string; }': emailNotifications, profileSettings, name, email, and 3 more.
src/components/profile/RoleBasedProfileEditor.tsx(593,23): error TS2322: Type '"hourlyRate"' is not assignable to type '"title" | "name" | "email" | "phone" | "timezone" | "emailNotifications" | "profileSettings" | "language" | "emailNotifications.projectUpdates" | "emailNotifications.messageReceived" | ... 6 more ... | "emailNotifications.profileChanges"'.
src/components/profile/RoleBasedProfileEditor.tsx(607,32): error TS2322: Type '{ type: "number"; min: string; step: string; placeholder: string; className: string; disabled: boolean; onChange: (e: ChangeEvent<HTMLInputElement>) => void; onBlur: () => Promise<...>; value: string | ... 2 more ... | { ...; }; name: "title" | ... 15 more ... | "emailNotifications.profileChanges"; ref: RefCallBack; }' is not assignable to type 'Omit<InputProps, "ref">'.
  Types of property 'value' are incompatible.
    Type 'string | boolean | { projectUpdates: boolean; messageReceived: boolean; weeklyReports: boolean; systemAnnouncements: boolean; profileChanges: boolean; } | { isPublic: boolean; showEmail: boolean; showPhone: boolean; allowDirectMessages: boolean; }' is not assignable to type 'string | number | readonly string[]'.
      Type 'boolean' is not assignable to type 'string | number | readonly string[]'.
src/components/profile/RoleBasedProfileEditor.tsx(634,25): error TS2322: Type 'Control<{ emailNotifications: { projectUpdates: boolean; messageReceived: boolean; weeklyReports: boolean; systemAnnouncements: boolean; profileChanges: boolean; }; profileSettings: { isPublic: boolean; showEmail: boolean; showPhone: boolean; allowDirectMessages: boolean; }; ... 5 more ...; phone?: string; }, any, T...' is not assignable to type 'Control<{ emailNotifications: { projectUpdates: boolean; messageReceived: boolean; weeklyReports: boolean; systemAnnouncements: boolean; profileChanges: boolean; }; profileSettings: { isPublic: boolean; showEmail: boolean; showPhone: boolean; allowDirectMessages: boolean; }; ... 5 more ...; phone?: string; }, any, {...'.
  The types of '_options.formControl.handleSubmit' are incompatible between these types.
    Type 'import("D:/a7.1/a.7.1-s/node_modules/react-hook-form/dist/types/form").UseFormHandleSubmit<{ emailNotifications: { projectUpdates: boolean; messageReceived: boolean; weeklyReports: boolean; systemAnnouncements: boolean; profileChanges: boolean; }; profileSettings: { isPublic: boolean; showEmail: boolean; showPhone: ...' is not assignable to type 'import("D:/a7.1/a.7.1-s/node_modules/react-hook-form/dist/types/form").UseFormHandleSubmit<{ emailNotifications: { projectUpdates: boolean; messageReceived: boolean; weeklyReports: boolean; systemAnnouncements: boolean; profileChanges: boolean; }; profileSettings: { isPublic: boolean; showEmail: boolean; showPhone: ...'. Two different types with this name exist, but they are unrelated.
      Types of parameters 'onValid' and 'onValid' are incompatible.
        Types of parameters 'data' and 'data' are incompatible.
          Type 'TFieldValues' is not assignable to type '{ emailNotifications: { projectUpdates: boolean; messageReceived: boolean; weeklyReports: boolean; systemAnnouncements: boolean; profileChanges: boolean; }; profileSettings: { isPublic: boolean; showEmail: boolean; showPhone: boolean; allowDirectMessages: boolean; }; ... 5 more ...; phone?: string; }'.
            Type 'FieldValues' is missing the following properties from type '{ emailNotifications: { projectUpdates: boolean; messageReceived: boolean; weeklyReports: boolean; systemAnnouncements: boolean; profileChanges: boolean; }; profileSettings: { isPublic: boolean; showEmail: boolean; showPhone: boolean; allowDirectMessages: boolean; }; ... 5 more ...; phone?: string; }': emailNotifications, profileSettings, name, email, and 3 more.
src/components/profile/RoleBasedProfileEditor.tsx(635,25): error TS2322: Type '"bio"' is not assignable to type '"title" | "name" | "email" | "phone" | "timezone" | "emailNotifications" | "profileSettings" | "language" | "emailNotifications.projectUpdates" | "emailNotifications.messageReceived" | ... 6 more ... | "emailNotifications.profileChanges"'.
src/components/profile/RoleBasedProfileEditor.tsx(640,32): error TS2322: Type '{ placeholder: string; rows: number; onChange: (...event: any[]) => void; onBlur: Noop; value: string | boolean | { projectUpdates: boolean; messageReceived: boolean; weeklyReports: boolean; systemAnnouncements: boolean; profileChanges: boolean; } | { ...; }; disabled?: boolean; name: "title" | ... 15 more ... | "em...' is not assignable to type 'TextareaHTMLAttributes<HTMLTextAreaElement>'.
  Types of property 'value' are incompatible.
    Type 'string | boolean | { projectUpdates: boolean; messageReceived: boolean; weeklyReports: boolean; systemAnnouncements: boolean; profileChanges: boolean; } | { isPublic: boolean; showEmail: boolean; showPhone: boolean; allowDirectMessages: boolean; }' is not assignable to type 'string | number | readonly string[]'.
      Type 'boolean' is not assignable to type 'string | number | readonly string[]'.
src/components/profile/RoleBasedProfileEditor.tsx(655,25): error TS2322: Type 'Control<{ emailNotifications: { projectUpdates: boolean; messageReceived: boolean; weeklyReports: boolean; systemAnnouncements: boolean; profileChanges: boolean; }; profileSettings: { isPublic: boolean; showEmail: boolean; showPhone: boolean; allowDirectMessages: boolean; }; ... 5 more ...; phone?: string; }, any, T...' is not assignable to type 'Control<{ emailNotifications: { projectUpdates: boolean; messageReceived: boolean; weeklyReports: boolean; systemAnnouncements: boolean; profileChanges: boolean; }; profileSettings: { isPublic: boolean; showEmail: boolean; showPhone: boolean; allowDirectMessages: boolean; }; ... 5 more ...; phone?: string; }, any, {...'.
  The types of '_options.formControl.handleSubmit' are incompatible between these types.
    Type 'import("D:/a7.1/a.7.1-s/node_modules/react-hook-form/dist/types/form").UseFormHandleSubmit<{ emailNotifications: { projectUpdates: boolean; messageReceived: boolean; weeklyReports: boolean; systemAnnouncements: boolean; profileChanges: boolean; }; profileSettings: { isPublic: boolean; showEmail: boolean; showPhone: ...' is not assignable to type 'import("D:/a7.1/a.7.1-s/node_modules/react-hook-form/dist/types/form").UseFormHandleSubmit<{ emailNotifications: { projectUpdates: boolean; messageReceived: boolean; weeklyReports: boolean; systemAnnouncements: boolean; profileChanges: boolean; }; profileSettings: { isPublic: boolean; showEmail: boolean; showPhone: ...'. Two different types with this name exist, but they are unrelated.
      Types of parameters 'onValid' and 'onValid' are incompatible.
        Types of parameters 'data' and 'data' are incompatible.
          Type 'TFieldValues' is not assignable to type '{ emailNotifications: { projectUpdates: boolean; messageReceived: boolean; weeklyReports: boolean; systemAnnouncements: boolean; profileChanges: boolean; }; profileSettings: { isPublic: boolean; showEmail: boolean; showPhone: boolean; allowDirectMessages: boolean; }; ... 5 more ...; phone?: string; }'.
            Type 'FieldValues' is missing the following properties from type '{ emailNotifications: { projectUpdates: boolean; messageReceived: boolean; weeklyReports: boolean; systemAnnouncements: boolean; profileChanges: boolean; }; profileSettings: { isPublic: boolean; showEmail: boolean; showPhone: boolean; allowDirectMessages: boolean; }; ... 5 more ...; phone?: string; }': emailNotifications, profileSettings, name, email, and 3 more.
src/components/profile/RoleBasedProfileEditor.tsx(656,25): error TS2322: Type '"portfolio"' is not assignable to type '"title" | "name" | "email" | "phone" | "timezone" | "emailNotifications" | "profileSettings" | "language" | "emailNotifications.projectUpdates" | "emailNotifications.messageReceived" | ... 6 more ... | "emailNotifications.profileChanges"'.
src/components/profile/RoleBasedProfileEditor.tsx(661,32): error TS2322: Type '{ type: "url"; placeholder: string; onChange: (...event: any[]) => void; onBlur: Noop; value: string | boolean | { projectUpdates: boolean; messageReceived: boolean; weeklyReports: boolean; systemAnnouncements: boolean; profileChanges: boolean; } | { ...; }; disabled?: boolean; name: "title" | ... 15 more ... | "ema...' is not assignable to type 'Omit<InputProps, "ref">'.
  Types of property 'value' are incompatible.
    Type 'string | boolean | { projectUpdates: boolean; messageReceived: boolean; weeklyReports: boolean; systemAnnouncements: boolean; profileChanges: boolean; } | { isPublic: boolean; showEmail: boolean; showPhone: boolean; allowDirectMessages: boolean; }' is not assignable to type 'string | number | readonly string[]'.
      Type 'boolean' is not assignable to type 'string | number | readonly string[]'.
src/components/profile/RoleBasedProfileEditor.tsx(726,21): error TS2322: Type 'Control<{ emailNotifications: { projectUpdates: boolean; messageReceived: boolean; weeklyReports: boolean; systemAnnouncements: boolean; profileChanges: boolean; }; profileSettings: { isPublic: boolean; showEmail: boolean; showPhone: boolean; allowDirectMessages: boolean; }; ... 5 more ...; phone?: string; }, any, T...' is not assignable to type 'Control<{ emailNotifications: { projectUpdates: boolean; messageReceived: boolean; weeklyReports: boolean; systemAnnouncements: boolean; profileChanges: boolean; }; profileSettings: { isPublic: boolean; showEmail: boolean; showPhone: boolean; allowDirectMessages: boolean; }; ... 5 more ...; phone?: string; }, any, {...'.
  The types of '_options.formControl.handleSubmit' are incompatible between these types.
    Type 'import("D:/a7.1/a.7.1-s/node_modules/react-hook-form/dist/types/form").UseFormHandleSubmit<{ emailNotifications: { projectUpdates: boolean; messageReceived: boolean; weeklyReports: boolean; systemAnnouncements: boolean; profileChanges: boolean; }; profileSettings: { isPublic: boolean; showEmail: boolean; showPhone: ...' is not assignable to type 'import("D:/a7.1/a.7.1-s/node_modules/react-hook-form/dist/types/form").UseFormHandleSubmit<{ emailNotifications: { projectUpdates: boolean; messageReceived: boolean; weeklyReports: boolean; systemAnnouncements: boolean; profileChanges: boolean; }; profileSettings: { isPublic: boolean; showEmail: boolean; showPhone: ...'. Two different types with this name exist, but they are unrelated.
      Types of parameters 'onValid' and 'onValid' are incompatible.
        Types of parameters 'data' and 'data' are incompatible.
          Type 'TFieldValues' is not assignable to type '{ emailNotifications: { projectUpdates: boolean; messageReceived: boolean; weeklyReports: boolean; systemAnnouncements: boolean; profileChanges: boolean; }; profileSettings: { isPublic: boolean; showEmail: boolean; showPhone: boolean; allowDirectMessages: boolean; }; ... 5 more ...; phone?: string; }'.
            Type 'FieldValues' is missing the following properties from type '{ emailNotifications: { projectUpdates: boolean; messageReceived: boolean; weeklyReports: boolean; systemAnnouncements: boolean; profileChanges: boolean; }; profileSettings: { isPublic: boolean; showEmail: boolean; showPhone: boolean; allowDirectMessages: boolean; }; ... 5 more ...; phone?: string; }': emailNotifications, profileSettings, name, email, and 3 more.
src/components/profile/RoleBasedProfileEditor.tsx(755,21): error TS2322: Type 'Control<{ emailNotifications: { projectUpdates: boolean; messageReceived: boolean; weeklyReports: boolean; systemAnnouncements: boolean; profileChanges: boolean; }; profileSettings: { isPublic: boolean; showEmail: boolean; showPhone: boolean; allowDirectMessages: boolean; }; ... 5 more ...; phone?: string; }, any, T...' is not assignable to type 'Control<{ emailNotifications: { projectUpdates: boolean; messageReceived: boolean; weeklyReports: boolean; systemAnnouncements: boolean; profileChanges: boolean; }; profileSettings: { isPublic: boolean; showEmail: boolean; showPhone: boolean; allowDirectMessages: boolean; }; ... 5 more ...; phone?: string; }, any, {...'.
  The types of '_options.formControl.handleSubmit' are incompatible between these types.
    Type 'import("D:/a7.1/a.7.1-s/node_modules/react-hook-form/dist/types/form").UseFormHandleSubmit<{ emailNotifications: { projectUpdates: boolean; messageReceived: boolean; weeklyReports: boolean; systemAnnouncements: boolean; profileChanges: boolean; }; profileSettings: { isPublic: boolean; showEmail: boolean; showPhone: ...' is not assignable to type 'import("D:/a7.1/a.7.1-s/node_modules/react-hook-form/dist/types/form").UseFormHandleSubmit<{ emailNotifications: { projectUpdates: boolean; messageReceived: boolean; weeklyReports: boolean; systemAnnouncements: boolean; profileChanges: boolean; }; profileSettings: { isPublic: boolean; showEmail: boolean; showPhone: ...'. Two different types with this name exist, but they are unrelated.
      Types of parameters 'onValid' and 'onValid' are incompatible.
        Types of parameters 'data' and 'data' are incompatible.
          Type 'TFieldValues' is not assignable to type '{ emailNotifications: { projectUpdates: boolean; messageReceived: boolean; weeklyReports: boolean; systemAnnouncements: boolean; profileChanges: boolean; }; profileSettings: { isPublic: boolean; showEmail: boolean; showPhone: boolean; allowDirectMessages: boolean; }; ... 5 more ...; phone?: string; }'.
            Type 'FieldValues' is missing the following properties from type '{ emailNotifications: { projectUpdates: boolean; messageReceived: boolean; weeklyReports: boolean; systemAnnouncements: boolean; profileChanges: boolean; }; profileSettings: { isPublic: boolean; showEmail: boolean; showPhone: boolean; allowDirectMessages: boolean; }; ... 5 more ...; phone?: string; }': emailNotifications, profileSettings, name, email, and 3 more.
src/components/profile/RoleBasedProfileEditor.tsx(791,29): error TS2322: Type 'Control<{ emailNotifications: { projectUpdates: boolean; messageReceived: boolean; weeklyReports: boolean; systemAnnouncements: boolean; profileChanges: boolean; }; profileSettings: { isPublic: boolean; showEmail: boolean; showPhone: boolean; allowDirectMessages: boolean; }; ... 5 more ...; phone?: string; }, any, T...' is not assignable to type 'Control<{ emailNotifications: { projectUpdates: boolean; messageReceived: boolean; weeklyReports: boolean; systemAnnouncements: boolean; profileChanges: boolean; }; profileSettings: { isPublic: boolean; showEmail: boolean; showPhone: boolean; allowDirectMessages: boolean; }; ... 5 more ...; phone?: string; }, any, {...'.
  The types of '_options.formControl.handleSubmit' are incompatible between these types.
    Type 'import("D:/a7.1/a.7.1-s/node_modules/react-hook-form/dist/types/form").UseFormHandleSubmit<{ emailNotifications: { projectUpdates: boolean; messageReceived: boolean; weeklyReports: boolean; systemAnnouncements: boolean; profileChanges: boolean; }; profileSettings: { isPublic: boolean; showEmail: boolean; showPhone: ...' is not assignable to type 'import("D:/a7.1/a.7.1-s/node_modules/react-hook-form/dist/types/form").UseFormHandleSubmit<{ emailNotifications: { projectUpdates: boolean; messageReceived: boolean; weeklyReports: boolean; systemAnnouncements: boolean; profileChanges: boolean; }; profileSettings: { isPublic: boolean; showEmail: boolean; showPhone: ...'. Two different types with this name exist, but they are unrelated.
      Types of parameters 'onValid' and 'onValid' are incompatible.
        Types of parameters 'data' and 'data' are incompatible.
          Type 'TFieldValues' is not assignable to type '{ emailNotifications: { projectUpdates: boolean; messageReceived: boolean; weeklyReports: boolean; systemAnnouncements: boolean; profileChanges: boolean; }; profileSettings: { isPublic: boolean; showEmail: boolean; showPhone: boolean; allowDirectMessages: boolean; }; ... 5 more ...; phone?: string; }'.
            Type 'FieldValues' is missing the following properties from type '{ emailNotifications: { projectUpdates: boolean; messageReceived: boolean; weeklyReports: boolean; systemAnnouncements: boolean; profileChanges: boolean; }; profileSettings: { isPublic: boolean; showEmail: boolean; showPhone: boolean; allowDirectMessages: boolean; }; ... 5 more ...; phone?: string; }': emailNotifications, profileSettings, name, email, and 3 more.
src/components/profile/RoleBasedProfileEditor.tsx(812,29): error TS2322: Type 'Control<{ emailNotifications: { projectUpdates: boolean; messageReceived: boolean; weeklyReports: boolean; systemAnnouncements: boolean; profileChanges: boolean; }; profileSettings: { isPublic: boolean; showEmail: boolean; showPhone: boolean; allowDirectMessages: boolean; }; ... 5 more ...; phone?: string; }, any, T...' is not assignable to type 'Control<{ emailNotifications: { projectUpdates: boolean; messageReceived: boolean; weeklyReports: boolean; systemAnnouncements: boolean; profileChanges: boolean; }; profileSettings: { isPublic: boolean; showEmail: boolean; showPhone: boolean; allowDirectMessages: boolean; }; ... 5 more ...; phone?: string; }, any, {...'.
  The types of '_options.formControl.handleSubmit' are incompatible between these types.
    Type 'import("D:/a7.1/a.7.1-s/node_modules/react-hook-form/dist/types/form").UseFormHandleSubmit<{ emailNotifications: { projectUpdates: boolean; messageReceived: boolean; weeklyReports: boolean; systemAnnouncements: boolean; profileChanges: boolean; }; profileSettings: { isPublic: boolean; showEmail: boolean; showPhone: ...' is not assignable to type 'import("D:/a7.1/a.7.1-s/node_modules/react-hook-form/dist/types/form").UseFormHandleSubmit<{ emailNotifications: { projectUpdates: boolean; messageReceived: boolean; weeklyReports: boolean; systemAnnouncements: boolean; profileChanges: boolean; }; profileSettings: { isPublic: boolean; showEmail: boolean; showPhone: ...'. Two different types with this name exist, but they are unrelated.
      Types of parameters 'onValid' and 'onValid' are incompatible.
        Types of parameters 'data' and 'data' are incompatible.
          Type 'TFieldValues' is not assignable to type '{ emailNotifications: { projectUpdates: boolean; messageReceived: boolean; weeklyReports: boolean; systemAnnouncements: boolean; profileChanges: boolean; }; profileSettings: { isPublic: boolean; showEmail: boolean; showPhone: boolean; allowDirectMessages: boolean; }; ... 5 more ...; phone?: string; }'.
            Type 'FieldValues' is missing the following properties from type '{ emailNotifications: { projectUpdates: boolean; messageReceived: boolean; weeklyReports: boolean; systemAnnouncements: boolean; profileChanges: boolean; }; profileSettings: { isPublic: boolean; showEmail: boolean; showPhone: boolean; allowDirectMessages: boolean; }; ... 5 more ...; phone?: string; }': emailNotifications, profileSettings, name, email, and 3 more.
src/components/profile/RoleBasedProfileEditor.tsx(833,29): error TS2322: Type 'Control<{ emailNotifications: { projectUpdates: boolean; messageReceived: boolean; weeklyReports: boolean; systemAnnouncements: boolean; profileChanges: boolean; }; profileSettings: { isPublic: boolean; showEmail: boolean; showPhone: boolean; allowDirectMessages: boolean; }; ... 5 more ...; phone?: string; }, any, T...' is not assignable to type 'Control<{ emailNotifications: { projectUpdates: boolean; messageReceived: boolean; weeklyReports: boolean; systemAnnouncements: boolean; profileChanges: boolean; }; profileSettings: { isPublic: boolean; showEmail: boolean; showPhone: boolean; allowDirectMessages: boolean; }; ... 5 more ...; phone?: string; }, any, {...'.
  The types of '_options.formControl.handleSubmit' are incompatible between these types.
    Type 'import("D:/a7.1/a.7.1-s/node_modules/react-hook-form/dist/types/form").UseFormHandleSubmit<{ emailNotifications: { projectUpdates: boolean; messageReceived: boolean; weeklyReports: boolean; systemAnnouncements: boolean; profileChanges: boolean; }; profileSettings: { isPublic: boolean; showEmail: boolean; showPhone: ...' is not assignable to type 'import("D:/a7.1/a.7.1-s/node_modules/react-hook-form/dist/types/form").UseFormHandleSubmit<{ emailNotifications: { projectUpdates: boolean; messageReceived: boolean; weeklyReports: boolean; systemAnnouncements: boolean; profileChanges: boolean; }; profileSettings: { isPublic: boolean; showEmail: boolean; showPhone: ...'. Two different types with this name exist, but they are unrelated.
      Types of parameters 'onValid' and 'onValid' are incompatible.
        Types of parameters 'data' and 'data' are incompatible.
          Type 'TFieldValues' is not assignable to type '{ emailNotifications: { projectUpdates: boolean; messageReceived: boolean; weeklyReports: boolean; systemAnnouncements: boolean; profileChanges: boolean; }; profileSettings: { isPublic: boolean; showEmail: boolean; showPhone: boolean; allowDirectMessages: boolean; }; ... 5 more ...; phone?: string; }'.
            Type 'FieldValues' is missing the following properties from type '{ emailNotifications: { projectUpdates: boolean; messageReceived: boolean; weeklyReports: boolean; systemAnnouncements: boolean; profileChanges: boolean; }; profileSettings: { isPublic: boolean; showEmail: boolean; showPhone: boolean; allowDirectMessages: boolean; }; ... 5 more ...; phone?: string; }': emailNotifications, profileSettings, name, email, and 3 more.
src/components/profile/RoleBasedProfileEditor.tsx(855,31): error TS2322: Type 'Control<{ emailNotifications: { projectUpdates: boolean; messageReceived: boolean; weeklyReports: boolean; systemAnnouncements: boolean; profileChanges: boolean; }; profileSettings: { isPublic: boolean; showEmail: boolean; showPhone: boolean; allowDirectMessages: boolean; }; ... 5 more ...; phone?: string; }, any, T...' is not assignable to type 'Control<{ emailNotifications: { projectUpdates: boolean; messageReceived: boolean; weeklyReports: boolean; systemAnnouncements: boolean; profileChanges: boolean; }; profileSettings: { isPublic: boolean; showEmail: boolean; showPhone: boolean; allowDirectMessages: boolean; }; ... 5 more ...; phone?: string; }, any, {...'.
  The types of '_options.formControl.handleSubmit' are incompatible between these types.
    Type 'import("D:/a7.1/a.7.1-s/node_modules/react-hook-form/dist/types/form").UseFormHandleSubmit<{ emailNotifications: { projectUpdates: boolean; messageReceived: boolean; weeklyReports: boolean; systemAnnouncements: boolean; profileChanges: boolean; }; profileSettings: { isPublic: boolean; showEmail: boolean; showPhone: ...' is not assignable to type 'import("D:/a7.1/a.7.1-s/node_modules/react-hook-form/dist/types/form").UseFormHandleSubmit<{ emailNotifications: { projectUpdates: boolean; messageReceived: boolean; weeklyReports: boolean; systemAnnouncements: boolean; profileChanges: boolean; }; profileSettings: { isPublic: boolean; showEmail: boolean; showPhone: ...'. Two different types with this name exist, but they are unrelated.
      Types of parameters 'onValid' and 'onValid' are incompatible.
        Types of parameters 'data' and 'data' are incompatible.
          Type 'TFieldValues' is not assignable to type '{ emailNotifications: { projectUpdates: boolean; messageReceived: boolean; weeklyReports: boolean; systemAnnouncements: boolean; profileChanges: boolean; }; profileSettings: { isPublic: boolean; showEmail: boolean; showPhone: boolean; allowDirectMessages: boolean; }; ... 5 more ...; phone?: string; }'.
            Type 'FieldValues' is missing the following properties from type '{ emailNotifications: { projectUpdates: boolean; messageReceived: boolean; weeklyReports: boolean; systemAnnouncements: boolean; profileChanges: boolean; }; profileSettings: { isPublic: boolean; showEmail: boolean; showPhone: boolean; allowDirectMessages: boolean; }; ... 5 more ...; phone?: string; }': emailNotifications, profileSettings, name, email, and 3 more.
src/components/profile/RoleBasedProfileEditor.tsx(856,31): error TS2820: Type '"profileSettings.showCompany"' is not assignable to type '"title" | "name" | "email" | "phone" | "timezone" | "emailNotifications" | "profileSettings" | "language" | "emailNotifications.projectUpdates" | "emailNotifications.messageReceived" | ... 6 more ... | "emailNotifications.profileChanges"'. Did you mean '"profileSettings.showEmail"'?
src/components/profile/RoleBasedProfileEditor.tsx(867,39): error TS2322: Type 'string | boolean | { projectUpdates: boolean; messageReceived: boolean; weeklyReports: boolean; systemAnnouncements: boolean; profileChanges: boolean; } | { isPublic: boolean; showEmail: boolean; showPhone: boolean; allowDirectMessages: boolean; }' is not assignable to type 'boolean'.
  Type 'string' is not assignable to type 'boolean'.
src/components/profile/RoleBasedProfileEditor.tsx(877,29): error TS2322: Type 'Control<{ emailNotifications: { projectUpdates: boolean; messageReceived: boolean; weeklyReports: boolean; systemAnnouncements: boolean; profileChanges: boolean; }; profileSettings: { isPublic: boolean; showEmail: boolean; showPhone: boolean; allowDirectMessages: boolean; }; ... 5 more ...; phone?: string; }, any, T...' is not assignable to type 'Control<{ emailNotifications: { projectUpdates: boolean; messageReceived: boolean; weeklyReports: boolean; systemAnnouncements: boolean; profileChanges: boolean; }; profileSettings: { isPublic: boolean; showEmail: boolean; showPhone: boolean; allowDirectMessages: boolean; }; ... 5 more ...; phone?: string; }, any, {...'.
  The types of '_options.formControl.handleSubmit' are incompatible between these types.
    Type 'import("D:/a7.1/a.7.1-s/node_modules/react-hook-form/dist/types/form").UseFormHandleSubmit<{ emailNotifications: { projectUpdates: boolean; messageReceived: boolean; weeklyReports: boolean; systemAnnouncements: boolean; profileChanges: boolean; }; profileSettings: { isPublic: boolean; showEmail: boolean; showPhone: ...' is not assignable to type 'import("D:/a7.1/a.7.1-s/node_modules/react-hook-form/dist/types/form").UseFormHandleSubmit<{ emailNotifications: { projectUpdates: boolean; messageReceived: boolean; weeklyReports: boolean; systemAnnouncements: boolean; profileChanges: boolean; }; profileSettings: { isPublic: boolean; showEmail: boolean; showPhone: ...'. Two different types with this name exist, but they are unrelated.
      Types of parameters 'onValid' and 'onValid' are incompatible.
        Types of parameters 'data' and 'data' are incompatible.
          Type 'TFieldValues' is not assignable to type '{ emailNotifications: { projectUpdates: boolean; messageReceived: boolean; weeklyReports: boolean; systemAnnouncements: boolean; profileChanges: boolean; }; profileSettings: { isPublic: boolean; showEmail: boolean; showPhone: boolean; allowDirectMessages: boolean; }; ... 5 more ...; phone?: string; }'.
            Type 'FieldValues' is missing the following properties from type '{ emailNotifications: { projectUpdates: boolean; messageReceived: boolean; weeklyReports: boolean; systemAnnouncements: boolean; profileChanges: boolean; }; profileSettings: { isPublic: boolean; showEmail: boolean; showPhone: boolean; allowDirectMessages: boolean; }; ... 5 more ...; phone?: string; }': emailNotifications, profileSettings, name, email, and 3 more.
src/components/profile/RoleBasedProfileEditor.tsx(918,23): error TS2322: Type 'Control<{ emailNotifications: { projectUpdates: boolean; messageReceived: boolean; weeklyReports: boolean; systemAnnouncements: boolean; profileChanges: boolean; }; profileSettings: { isPublic: boolean; showEmail: boolean; showPhone: boolean; allowDirectMessages: boolean; }; ... 5 more ...; phone?: string; }, any, T...' is not assignable to type 'Control<{ emailNotifications: { projectUpdates: boolean; messageReceived: boolean; weeklyReports: boolean; systemAnnouncements: boolean; profileChanges: boolean; }; profileSettings: { isPublic: boolean; showEmail: boolean; showPhone: boolean; allowDirectMessages: boolean; }; ... 5 more ...; phone?: string; }, any, {...'.
  The types of '_options.formControl.handleSubmit' are incompatible between these types.
    Type 'import("D:/a7.1/a.7.1-s/node_modules/react-hook-form/dist/types/form").UseFormHandleSubmit<{ emailNotifications: { projectUpdates: boolean; messageReceived: boolean; weeklyReports: boolean; systemAnnouncements: boolean; profileChanges: boolean; }; profileSettings: { isPublic: boolean; showEmail: boolean; showPhone: ...' is not assignable to type 'import("D:/a7.1/a.7.1-s/node_modules/react-hook-form/dist/types/form").UseFormHandleSubmit<{ emailNotifications: { projectUpdates: boolean; messageReceived: boolean; weeklyReports: boolean; systemAnnouncements: boolean; profileChanges: boolean; }; profileSettings: { isPublic: boolean; showEmail: boolean; showPhone: ...'. Two different types with this name exist, but they are unrelated.
      Types of parameters 'onValid' and 'onValid' are incompatible.
        Types of parameters 'data' and 'data' are incompatible.
          Type 'TFieldValues' is not assignable to type '{ emailNotifications: { projectUpdates: boolean; messageReceived: boolean; weeklyReports: boolean; systemAnnouncements: boolean; profileChanges: boolean; }; profileSettings: { isPublic: boolean; showEmail: boolean; showPhone: boolean; allowDirectMessages: boolean; }; ... 5 more ...; phone?: string; }'.
            Type 'FieldValues' is missing the following properties from type '{ emailNotifications: { projectUpdates: boolean; messageReceived: boolean; weeklyReports: boolean; systemAnnouncements: boolean; profileChanges: boolean; }; profileSettings: { isPublic: boolean; showEmail: boolean; showPhone: boolean; allowDirectMessages: boolean; }; ... 5 more ...; phone?: string; }': emailNotifications, profileSettings, name, email, and 3 more.
src/components/profile/RoleBasedProfileEditor.tsx(939,23): error TS2322: Type 'Control<{ emailNotifications: { projectUpdates: boolean; messageReceived: boolean; weeklyReports: boolean; systemAnnouncements: boolean; profileChanges: boolean; }; profileSettings: { isPublic: boolean; showEmail: boolean; showPhone: boolean; allowDirectMessages: boolean; }; ... 5 more ...; phone?: string; }, any, T...' is not assignable to type 'Control<{ emailNotifications: { projectUpdates: boolean; messageReceived: boolean; weeklyReports: boolean; systemAnnouncements: boolean; profileChanges: boolean; }; profileSettings: { isPublic: boolean; showEmail: boolean; showPhone: boolean; allowDirectMessages: boolean; }; ... 5 more ...; phone?: string; }, any, {...'.
  The types of '_options.formControl.handleSubmit' are incompatible between these types.
    Type 'import("D:/a7.1/a.7.1-s/node_modules/react-hook-form/dist/types/form").UseFormHandleSubmit<{ emailNotifications: { projectUpdates: boolean; messageReceived: boolean; weeklyReports: boolean; systemAnnouncements: boolean; profileChanges: boolean; }; profileSettings: { isPublic: boolean; showEmail: boolean; showPhone: ...' is not assignable to type 'import("D:/a7.1/a.7.1-s/node_modules/react-hook-form/dist/types/form").UseFormHandleSubmit<{ emailNotifications: { projectUpdates: boolean; messageReceived: boolean; weeklyReports: boolean; systemAnnouncements: boolean; profileChanges: boolean; }; profileSettings: { isPublic: boolean; showEmail: boolean; showPhone: ...'. Two different types with this name exist, but they are unrelated.
      Types of parameters 'onValid' and 'onValid' are incompatible.
        Types of parameters 'data' and 'data' are incompatible.
          Type 'TFieldValues' is not assignable to type '{ emailNotifications: { projectUpdates: boolean; messageReceived: boolean; weeklyReports: boolean; systemAnnouncements: boolean; profileChanges: boolean; }; profileSettings: { isPublic: boolean; showEmail: boolean; showPhone: boolean; allowDirectMessages: boolean; }; ... 5 more ...; phone?: string; }'.
            Type 'FieldValues' is missing the following properties from type '{ emailNotifications: { projectUpdates: boolean; messageReceived: boolean; weeklyReports: boolean; systemAnnouncements: boolean; profileChanges: boolean; }; profileSettings: { isPublic: boolean; showEmail: boolean; showPhone: boolean; allowDirectMessages: boolean; }; ... 5 more ...; phone?: string; }': emailNotifications, profileSettings, name, email, and 3 more.
src/components/profile/RoleBasedProfileEditor.tsx(961,25): error TS2322: Type 'Control<{ emailNotifications: { projectUpdates: boolean; messageReceived: boolean; weeklyReports: boolean; systemAnnouncements: boolean; profileChanges: boolean; }; profileSettings: { isPublic: boolean; showEmail: boolean; showPhone: boolean; allowDirectMessages: boolean; }; ... 5 more ...; phone?: string; }, any, T...' is not assignable to type 'Control<{ emailNotifications: { projectUpdates: boolean; messageReceived: boolean; weeklyReports: boolean; systemAnnouncements: boolean; profileChanges: boolean; }; profileSettings: { isPublic: boolean; showEmail: boolean; showPhone: boolean; allowDirectMessages: boolean; }; ... 5 more ...; phone?: string; }, any, {...'.
  The types of '_options.formControl.handleSubmit' are incompatible between these types.
    Type 'import("D:/a7.1/a.7.1-s/node_modules/react-hook-form/dist/types/form").UseFormHandleSubmit<{ emailNotifications: { projectUpdates: boolean; messageReceived: boolean; weeklyReports: boolean; systemAnnouncements: boolean; profileChanges: boolean; }; profileSettings: { isPublic: boolean; showEmail: boolean; showPhone: ...' is not assignable to type 'import("D:/a7.1/a.7.1-s/node_modules/react-hook-form/dist/types/form").UseFormHandleSubmit<{ emailNotifications: { projectUpdates: boolean; messageReceived: boolean; weeklyReports: boolean; systemAnnouncements: boolean; profileChanges: boolean; }; profileSettings: { isPublic: boolean; showEmail: boolean; showPhone: ...'. Two different types with this name exist, but they are unrelated.
      Types of parameters 'onValid' and 'onValid' are incompatible.
        Types of parameters 'data' and 'data' are incompatible.
          Type 'TFieldValues' is not assignable to type '{ emailNotifications: { projectUpdates: boolean; messageReceived: boolean; weeklyReports: boolean; systemAnnouncements: boolean; profileChanges: boolean; }; profileSettings: { isPublic: boolean; showEmail: boolean; showPhone: boolean; allowDirectMessages: boolean; }; ... 5 more ...; phone?: string; }'.
            Type 'FieldValues' is missing the following properties from type '{ emailNotifications: { projectUpdates: boolean; messageReceived: boolean; weeklyReports: boolean; systemAnnouncements: boolean; profileChanges: boolean; }; profileSettings: { isPublic: boolean; showEmail: boolean; showPhone: boolean; allowDirectMessages: boolean; }; ... 5 more ...; phone?: string; }': emailNotifications, profileSettings, name, email, and 3 more.
src/components/profile/RoleBasedProfileEditor.tsx(962,25): error TS2322: Type '"emailNotifications.timerReminders"' is not assignable to type '"title" | "name" | "email" | "phone" | "timezone" | "emailNotifications" | "profileSettings" | "language" | "emailNotifications.projectUpdates" | "emailNotifications.messageReceived" | ... 6 more ... | "emailNotifications.profileChanges"'.
src/components/profile/RoleBasedProfileEditor.tsx(973,33): error TS2322: Type 'string | boolean | { projectUpdates: boolean; messageReceived: boolean; weeklyReports: boolean; systemAnnouncements: boolean; profileChanges: boolean; } | { isPublic: boolean; showEmail: boolean; showPhone: boolean; allowDirectMessages: boolean; }' is not assignable to type 'boolean'.
  Type 'string' is not assignable to type 'boolean'.
src/components/profile/RoleBasedProfileEditor.tsx(983,23): error TS2322: Type 'Control<{ emailNotifications: { projectUpdates: boolean; messageReceived: boolean; weeklyReports: boolean; systemAnnouncements: boolean; profileChanges: boolean; }; profileSettings: { isPublic: boolean; showEmail: boolean; showPhone: boolean; allowDirectMessages: boolean; }; ... 5 more ...; phone?: string; }, any, T...' is not assignable to type 'Control<{ emailNotifications: { projectUpdates: boolean; messageReceived: boolean; weeklyReports: boolean; systemAnnouncements: boolean; profileChanges: boolean; }; profileSettings: { isPublic: boolean; showEmail: boolean; showPhone: boolean; allowDirectMessages: boolean; }; ... 5 more ...; phone?: string; }, any, {...'.
  The types of '_options.formControl.handleSubmit' are incompatible between these types.
    Type 'import("D:/a7.1/a.7.1-s/node_modules/react-hook-form/dist/types/form").UseFormHandleSubmit<{ emailNotifications: { projectUpdates: boolean; messageReceived: boolean; weeklyReports: boolean; systemAnnouncements: boolean; profileChanges: boolean; }; profileSettings: { isPublic: boolean; showEmail: boolean; showPhone: ...' is not assignable to type 'import("D:/a7.1/a.7.1-s/node_modules/react-hook-form/dist/types/form").UseFormHandleSubmit<{ emailNotifications: { projectUpdates: boolean; messageReceived: boolean; weeklyReports: boolean; systemAnnouncements: boolean; profileChanges: boolean; }; profileSettings: { isPublic: boolean; showEmail: boolean; showPhone: ...'. Two different types with this name exist, but they are unrelated.
      Types of parameters 'onValid' and 'onValid' are incompatible.
        Types of parameters 'data' and 'data' are incompatible.
          Type 'TFieldValues' is not assignable to type '{ emailNotifications: { projectUpdates: boolean; messageReceived: boolean; weeklyReports: boolean; systemAnnouncements: boolean; profileChanges: boolean; }; profileSettings: { isPublic: boolean; showEmail: boolean; showPhone: boolean; allowDirectMessages: boolean; }; ... 5 more ...; phone?: string; }'.
            Type 'FieldValues' is missing the following properties from type '{ emailNotifications: { projectUpdates: boolean; messageReceived: boolean; weeklyReports: boolean; systemAnnouncements: boolean; profileChanges: boolean; }; profileSettings: { isPublic: boolean; showEmail: boolean; showPhone: boolean; allowDirectMessages: boolean; }; ... 5 more ...; phone?: string; }': emailNotifications, profileSettings, name, email, and 3 more.
src/components/profile/RoleBasedProfileEditor.tsx(1004,23): error TS2322: Type 'Control<{ emailNotifications: { projectUpdates: boolean; messageReceived: boolean; weeklyReports: boolean; systemAnnouncements: boolean; profileChanges: boolean; }; profileSettings: { isPublic: boolean; showEmail: boolean; showPhone: boolean; allowDirectMessages: boolean; }; ... 5 more ...; phone?: string; }, any, T...' is not assignable to type 'Control<{ emailNotifications: { projectUpdates: boolean; messageReceived: boolean; weeklyReports: boolean; systemAnnouncements: boolean; profileChanges: boolean; }; profileSettings: { isPublic: boolean; showEmail: boolean; showPhone: boolean; allowDirectMessages: boolean; }; ... 5 more ...; phone?: string; }, any, {...'.
  The types of '_options.formControl.handleSubmit' are incompatible between these types.
    Type 'import("D:/a7.1/a.7.1-s/node_modules/react-hook-form/dist/types/form").UseFormHandleSubmit<{ emailNotifications: { projectUpdates: boolean; messageReceived: boolean; weeklyReports: boolean; systemAnnouncements: boolean; profileChanges: boolean; }; profileSettings: { isPublic: boolean; showEmail: boolean; showPhone: ...' is not assignable to type 'import("D:/a7.1/a.7.1-s/node_modules/react-hook-form/dist/types/form").UseFormHandleSubmit<{ emailNotifications: { projectUpdates: boolean; messageReceived: boolean; weeklyReports: boolean; systemAnnouncements: boolean; profileChanges: boolean; }; profileSettings: { isPublic: boolean; showEmail: boolean; showPhone: ...'. Two different types with this name exist, but they are unrelated.
      Types of parameters 'onValid' and 'onValid' are incompatible.
        Types of parameters 'data' and 'data' are incompatible.
          Type 'TFieldValues' is not assignable to type '{ emailNotifications: { projectUpdates: boolean; messageReceived: boolean; weeklyReports: boolean; systemAnnouncements: boolean; profileChanges: boolean; }; profileSettings: { isPublic: boolean; showEmail: boolean; showPhone: boolean; allowDirectMessages: boolean; }; ... 5 more ...; phone?: string; }'.
            Type 'FieldValues' is missing the following properties from type '{ emailNotifications: { projectUpdates: boolean; messageReceived: boolean; weeklyReports: boolean; systemAnnouncements: boolean; profileChanges: boolean; }; profileSettings: { isPublic: boolean; showEmail: boolean; showPhone: boolean; allowDirectMessages: boolean; }; ... 5 more ...; phone?: string; }': emailNotifications, profileSettings, name, email, and 3 more.
src/components/profile/RoleBasedProfileEditor.tsx(1025,23): error TS2322: Type 'Control<{ emailNotifications: { projectUpdates: boolean; messageReceived: boolean; weeklyReports: boolean; systemAnnouncements: boolean; profileChanges: boolean; }; profileSettings: { isPublic: boolean; showEmail: boolean; showPhone: boolean; allowDirectMessages: boolean; }; ... 5 more ...; phone?: string; }, any, T...' is not assignable to type 'Control<{ emailNotifications: { projectUpdates: boolean; messageReceived: boolean; weeklyReports: boolean; systemAnnouncements: boolean; profileChanges: boolean; }; profileSettings: { isPublic: boolean; showEmail: boolean; showPhone: boolean; allowDirectMessages: boolean; }; ... 5 more ...; phone?: string; }, any, {...'.
  The types of '_options.formControl.handleSubmit' are incompatible between these types.
    Type 'import("D:/a7.1/a.7.1-s/node_modules/react-hook-form/dist/types/form").UseFormHandleSubmit<{ emailNotifications: { projectUpdates: boolean; messageReceived: boolean; weeklyReports: boolean; systemAnnouncements: boolean; profileChanges: boolean; }; profileSettings: { isPublic: boolean; showEmail: boolean; showPhone: ...' is not assignable to type 'import("D:/a7.1/a.7.1-s/node_modules/react-hook-form/dist/types/form").UseFormHandleSubmit<{ emailNotifications: { projectUpdates: boolean; messageReceived: boolean; weeklyReports: boolean; systemAnnouncements: boolean; profileChanges: boolean; }; profileSettings: { isPublic: boolean; showEmail: boolean; showPhone: ...'. Two different types with this name exist, but they are unrelated.
      Types of parameters 'onValid' and 'onValid' are incompatible.
        Types of parameters 'data' and 'data' are incompatible.
          Type 'TFieldValues' is not assignable to type '{ emailNotifications: { projectUpdates: boolean; messageReceived: boolean; weeklyReports: boolean; systemAnnouncements: boolean; profileChanges: boolean; }; profileSettings: { isPublic: boolean; showEmail: boolean; showPhone: boolean; allowDirectMessages: boolean; }; ... 5 more ...; phone?: string; }'.
            Type 'FieldValues' is missing the following properties from type '{ emailNotifications: { projectUpdates: boolean; messageReceived: boolean; weeklyReports: boolean; systemAnnouncements: boolean; profileChanges: boolean; }; profileSettings: { isPublic: boolean; showEmail: boolean; showPhone: boolean; allowDirectMessages: boolean; }; ... 5 more ...; phone?: string; }': emailNotifications, profileSettings, name, email, and 3 more.
src/components/project/EnhancedProjectCreationDialog.tsx(63,5): error TS2322: Type 'Resolver<{ name: string; description: string; clientName: string; startDate: Date; status: ProjectStatus; budget?: number; allocatedHours?: number; endDate?: Date; tags?: string[]; }, any, { ...; }>' is not assignable to type 'Resolver<{ name: string; description: string; clientName: string; startDate: Date; status: ProjectStatus; tags: string[]; budget?: number; allocatedHours?: number; endDate?: Date; }, any, { ...; }>'.
  Types of parameters 'options' and 'options' are incompatible.
    Type 'ResolverOptions<{ name: string; description: string; clientName: string; startDate: Date; status: ProjectStatus; tags: string[]; budget?: number; allocatedHours?: number; endDate?: Date; }>' is not assignable to type 'ResolverOptions<{ name: string; description: string; clientName: string; startDate: Date; status: ProjectStatus; budget?: number; allocatedHours?: number; endDate?: Date; tags?: string[]; }>'.
      Type '{ name: string; description: string; clientName: string; startDate: Date; status: ProjectStatus; budget?: number; allocatedHours?: number; endDate?: Date; tags?: string[]; }' is not assignable to type '{ name: string; description: string; clientName: string; startDate: Date; status: ProjectStatus; tags: string[]; budget?: number; allocatedHours?: number; endDate?: Date; }'.
        Property 'tags' is optional in type '{ name: string; description: string; clientName: string; startDate: Date; status: ProjectStatus; budget?: number; allocatedHours?: number; endDate?: Date; tags?: string[]; }' but required in type '{ name: string; description: string; clientName: string; startDate: Date; status: ProjectStatus; tags: string[]; budget?: number; allocatedHours?: number; endDate?: Date; }'.
src/components/project/EnhancedProjectCreationDialog.tsx(72,29): error TS2339: Property 'PLANNING' does not exist on type 'typeof ProjectStatus'.
src/components/project/EnhancedProjectCreationDialog.tsx(134,36): error TS2345: Argument of type '(data: ProjectFormData) => Promise<void>' is not assignable to parameter of type 'SubmitHandler<TFieldValues>'.
  Types of parameters 'data' and 'data' are incompatible.
    Type 'TFieldValues' is not assignable to type '{ name: string; description: string; clientName: string; startDate: Date; status: ProjectStatus; tags: string[]; budget?: number; allocatedHours?: number; endDate?: Date; }'.
      Type 'FieldValues' is missing the following properties from type '{ name: string; description: string; clientName: string; startDate: Date; status: ProjectStatus; tags: string[]; budget?: number; allocatedHours?: number; endDate?: Date; }': name, description, clientName, startDate, and 2 more.
src/components/project/EnhancedProjectCreationDialog.tsx(166,41): error TS2345: Argument of type '(data: ProjectFormData) => Promise<void>' is not assignable to parameter of type 'SubmitHandler<TFieldValues>'.
  Types of parameters 'data' and 'data' are incompatible.
    Type 'TFieldValues' is not assignable to type '{ name: string; description: string; clientName: string; startDate: Date; status: ProjectStatus; tags: string[]; budget?: number; allocatedHours?: number; endDate?: Date; }'.
      Type 'FieldValues' is missing the following properties from type '{ name: string; description: string; clientName: string; startDate: Date; status: ProjectStatus; tags: string[]; budget?: number; allocatedHours?: number; endDate?: Date; }': name, description, clientName, startDate, and 2 more.
src/components/project/EnhancedProjectCreationDialog.tsx(355,52): error TS2339: Property 'PLANNING' does not exist on type 'typeof ProjectStatus'.
src/components/project/EnhancedProjectCreationDialog.tsx(356,52): error TS2339: Property 'IN_PROGRESS' does not exist on type 'typeof ProjectStatus'.
src/components/project/ProjectCreationDialog.tsx(29,5): error TS2353: Object literal may only specify known properties, and 'required_error' does not exist in type '{ error?: string | $ZodErrorMap<$ZodIssueInvalidType<unknown>>; message?: string; }'.
src/components/project/ProjectCreationDialog.tsx(99,5): error TS2322: Type '"deliverables"' is not assignable to type '"teamMembers" | "initialTasks"'.
src/components/project/ProjectCreationDialog.tsx(605,56): error TS2345: Argument of type 'string' is not assignable to parameter of type '{ title: string; estimatedHours: number; priority: "high" | "low" | "medium" | "urgent"; assignedTo: string; description?: string; } | { name: string; role: string; email: string; } | ({ title: string; estimatedHours: number; priority: "high" | ... 2 more ... | "urgent"; assignedTo: string; description?: string; } |...'.
src/components/project/ProjectDetailsView.tsx(112,9): error TS2322: Type '"active" | "pending" | "completed" | "cancelled" | "on-hold"' is not assignable to type 'ProjectStatus'.
  Type '"active"' is not assignable to type 'ProjectStatus'.
src/components/project/ProjectDetailsView.tsx(112,17): error TS2367: This comparison appears to be unintentional because the types 'ProjectStatus' and '"ACTIVE"' have no overlap.
src/components/project/ProjectDetailsView.tsx(133,15): error TS2367: This comparison appears to be unintentional because the types 'ProjectStatus' and '"active"' have no overlap.
src/components/project/ProjectDetailsView.tsx(134,15): error TS2367: This comparison appears to be unintentional because the types 'ProjectStatus' and '"completed"' have no overlap.
src/components/project/ProjectDetailsView.tsx(135,15): error TS2367: This comparison appears to be unintentional because the types 'ProjectStatus' and '"on-hold"' have no overlap.
src/components/project/ProjectDetailsView.tsx(136,15): error TS2367: This comparison appears to be unintentional because the types 'ProjectStatus' and '"cancelled"' have no overlap.
src/components/project/ProjectWorkflow.tsx(183,42): error TS2367: This comparison appears to be unintentional because the types 'ProjectStatus' and '"ACTIVE"' have no overlap.
src/components/timer/EnhancedTimerDisplay.performance.tsx(181,20): error TS2367: This comparison appears to be unintentional because the types '"running"' and '"paused"' have no overlap.
src/components/timer/EnhancedTimerDisplay.tsx(205,5): error TS2552: Cannot find name 'setTimerState'. Did you mean 'timerState'?
src/components/timer/EnhancedTimerDisplay.tsx(214,5): error TS2552: Cannot find name 'setTimerState'. Did you mean 'timerState'?
src/components/timer/EnhancedTimerDisplay.tsx(220,5): error TS2552: Cannot find name 'setTimerState'. Did you mean 'timerState'?
src/components/timer/ShadcnCountdownTimer.tsx(86,40): error TS2554: Expected 1 arguments, but got 2.
src/components/timer/ShadcnCountdownTimer.tsx(115,35): error TS2554: Expected 1 arguments, but got 2.
src/components/timer/ShadcnCountdownTimer.tsx(123,36): error TS2554: Expected 1 arguments, but got 2.
src/components/timer/ShadcnPersistentTimerPopup.tsx(195,41): error TS2554: Expected 1 arguments, but got 2.
src/components/timer/ShadcnPersistentTimerPopup.tsx(203,42): error TS2554: Expected 1 arguments, but got 2.
src/components/timer/StopTimerModal.performance.tsx(68,29): error TS2554: Expected 3 arguments, but got 2.
src/components/timer/StopTimerModal.tsx(282,21): error TS2322: Type '{ value: number; variant: string; className: string; style: { backgroundColor: string; borderColor: string; }; role: "progressbar"; "aria-valuemin": number; "aria-valuemax": number; "aria-valuenow": number; "aria-label": string; }' is not assignable to type 'IntrinsicAttributes & ProgressProps & RefAttributes<HTMLDivElement>'.
  Property 'variant' does not exist on type 'IntrinsicAttributes & ProgressProps & RefAttributes<HTMLDivElement>'.
src/components/timer/TimerSyncStatus.tsx(41,60): error TS2339: Property 'timerState' does not exist on type 'RealtimeTimerState'.
src/components/ui/bottom-sheet.tsx(69,11): error TS2430: Interface 'BottomSheetContentProps' incorrectly extends interface 'Omit<DialogContentProps & RefAttributes<HTMLDivElement>, "ref">'.
  Types of property 'onDragEnd' are incompatible.
    Type '(velocity: number) => void' is not assignable to type 'DragEventHandler<HTMLDivElement>'.
      Types of parameters 'velocity' and 'event' are incompatible.
        Type 'DragEvent<HTMLDivElement>' is not assignable to type 'number'.
src/components/ui/chart.tsx(109,3): error TS2339: Property 'payload' does not exist on type 'Omit<Props<ValueType, NameType>, PropertiesReadFromContext> & { active?: boolean; includeHidden?: boolean; allowEscapeViewBox?: AllowInDimension; ... 16 more ...; axisId?: AxisId; } & ClassAttributes<...> & HTMLAttributes<...> & { ...; }'.
src/components/ui/chart.tsx(114,3): error TS2339: Property 'label' does not exist on type 'Omit<Props<ValueType, NameType>, PropertiesReadFromContext> & { active?: boolean; includeHidden?: boolean; allowEscapeViewBox?: AllowInDimension; ... 16 more ...; axisId?: AxisId; } & ClassAttributes<...> & HTMLAttributes<...> & { ...; }'.
src/components/ui/chart.tsx(260,39): error TS2344: Type '"payload" | "verticalAlign"' does not satisfy the constraint '"string" | "children" | "style" | "clipPath" | "filter" | "mask" | "path" | "content" | "className" | "key" | "name" | "type" | "suppressHydrationWarning" | "id" | "lang" | "tabIndex" | ... 421 more ... | "onBBoxUpdate"'.
  Type '"payload"' is not assignable to type '"string" | "children" | "style" | "clipPath" | "filter" | "mask" | "path" | "content" | "className" | "key" | "name" | "type" | "suppressHydrationWarning" | "id" | "lang" | "tabIndex" | ... 421 more ... | "onBBoxUpdate"'.
src/components/ui/chart.tsx(266,17): error TS2339: Property 'length' does not exist on type 'unknown'.
src/components/ui/chart.tsx(278,16): error TS2339: Property 'map' does not exist on type 'unknown'.
src/components/ui/enhanced-modal-wrapper.tsx(79,7): error TS2322: Type '"default" | "solid" | "glass" | "minimal"' is not assignable to type '"default" | "glass" | "minimal"'.
  Type '"solid"' is not assignable to type '"default" | "glass" | "minimal"'.
src/components/ui/enhanced-modal-wrapper.tsx(80,7): error TS2322: Type '"auto" | "medium" | "full" | "half" | "fit" | "peek"' is not assignable to type '"auto" | "full" | "half" | "fit"'.
  Type '"medium"' is not assignable to type '"auto" | "full" | "half" | "fit"'.
src/components/ui/responsive-modal.tsx(106,31): error TS2322: Type '{ defaultChecked?: boolean; defaultValue?: string | number | readonly string[]; suppressContentEditableWarning?: boolean; suppressHydrationWarning?: boolean; accessKey?: string; autoCapitalize?: "none" | ... 5 more ... | (string & {}); ... 258 more ...; className: string; }' is not assignable to type 'IntrinsicAttributes & HTMLAttributes<HTMLDivElement>'.
  Property 'ref' does not exist on type 'IntrinsicAttributes & HTMLAttributes<HTMLDivElement>'.
src/components/ui/responsive-modal.tsx(109,24): error TS2322: Type '{ defaultChecked?: boolean; defaultValue?: string | number | readonly string[]; suppressContentEditableWarning?: boolean; suppressHydrationWarning?: boolean; accessKey?: string; autoCapitalize?: "none" | ... 5 more ... | (string & {}); ... 258 more ...; className: string; }' is not assignable to type 'IntrinsicAttributes & HTMLAttributes<HTMLDivElement>'.
  Property 'ref' does not exist on type 'IntrinsicAttributes & HTMLAttributes<HTMLDivElement>'.
src/components/ui/responsive-modal.tsx(121,31): error TS2322: Type '{ defaultChecked?: boolean; defaultValue?: string | number | readonly string[]; suppressContentEditableWarning?: boolean; suppressHydrationWarning?: boolean; accessKey?: string; autoCapitalize?: "none" | ... 5 more ... | (string & {}); ... 258 more ...; className: string; }' is not assignable to type 'IntrinsicAttributes & HTMLAttributes<HTMLDivElement>'.
  Property 'ref' does not exist on type 'IntrinsicAttributes & HTMLAttributes<HTMLDivElement>'.
src/components/ui/responsive-modal.tsx(124,24): error TS2322: Type '{ defaultChecked?: boolean; defaultValue?: string | number | readonly string[]; suppressContentEditableWarning?: boolean; suppressHydrationWarning?: boolean; accessKey?: string; autoCapitalize?: "none" | ... 5 more ... | (string & {}); ... 258 more ...; className: string; }' is not assignable to type 'IntrinsicAttributes & HTMLAttributes<HTMLDivElement>'.
  Property 'ref' does not exist on type 'IntrinsicAttributes & HTMLAttributes<HTMLDivElement>'.
src/contexts/AppContext.tsx(659,45): error TS2345: Argument of type 'ProjectCreationData' is not assignable to parameter of type 'Omit<Project, "id" | "createdAt" | "jobCards" | "updatedAt" | "projectNumber">'.
  Property 'status' is missing in type 'ProjectCreationData' but required in type 'Omit<Project, "id" | "createdAt" | "jobCards" | "updatedAt" | "projectNumber">'.
src/contexts/AppContext.tsx(756,5): error TS2353: Object literal may only specify known properties, and 'deleteUser' does not exist in type 'AppContextType'.
src/demo/components/enhanced-timer-demo.tsx(59,81): error TS17001: JSX elements cannot have multiple attributes with the same name.
src/demo/components/timer-modal-demo.tsx(72,14): error TS2345: Argument of type '"open"' is not assignable to parameter of type '"close" | "error" | "submit" | "file_select"'.
src/hooks/useCloudinaryUpload.ts(95,5): error TS2353: Object literal may only specify known properties, and 'uploadedAt' does not exist in type 'FileMetadata'.
src/pages/EnhancedDashboard.tsx(44,7): error TS2353: Object literal may only specify known properties, and 'description' does not exist in type 'DashboardWidget'.
src/pages/EnhancedDashboard.tsx(58,7): error TS2353: Object literal may only specify known properties, and 'description' does not exist in type 'DashboardWidget'.
src/pages/EnhancedDashboard.tsx(72,7): error TS2353: Object literal may only specify known properties, and 'description' does not exist in type 'DashboardWidget'.
src/pages/EnhancedDashboard.tsx(86,7): error TS2353: Object literal may only specify known properties, and 'description' does not exist in type 'DashboardWidget'.
src/pages/EnhancedDashboard.tsx(100,7): error TS2353: Object literal may only specify known properties, and 'description' does not exist in type 'DashboardWidget'.
src/pages/EnhancedDashboard.tsx(114,7): error TS2353: Object literal may only specify known properties, and 'description' does not exist in type 'DashboardWidget'.
src/services/cloudinaryFolderService.ts(377,7): error TS2739: Type '{ DOCUMENTS: number; IMAGES: number; ARCHIVES: number; SUBSTANTIATION: number; DELIVERABLES: number; PROFILE: number; SYSTEM: number; }' is missing the following properties from type 'Record<FileCategory, number>': DRAWINGS, PRESENTATIONS, SPREADSHEETS, VIDEOS, AUDIO
src/services/cloudinaryManagementService.ts(145,42): error TS2339: Property 'error' does not exist on type 'CloudinaryUploadResult'.
src/services/cloudinaryManagementService.ts(169,9): error TS2739: Type '{ level: FilePermissionLevel; allowDownload: true; allowShare: boolean; allowVersioning: boolean; }' is missing the following properties from type 'FilePermissions': allowDelete, allowComments
src/services/cloudinaryManagementService.ts(362,5): error TS2739: Type '{ totalFiles: number; folderSizes: Record<string, number>; filesByCategory: Record<FileCategory, number>; filesByRole: Record<UserRole, number>; }' is missing the following properties from type '{ totalFiles: number; totalSize: number; folderBreakdown: Record<string, { files: number; size: number; }>; categoryBreakdown: Record<FileCategory, number>; }': totalSize, folderBreakdown, categoryBreakdown
src/services/fileMetadataService.ts(326,7): error TS2739: Type '{ DOCUMENTS: number; IMAGES: number; ARCHIVES: number; SUBSTANTIATION: number; DELIVERABLES: number; PROFILE: number; SYSTEM: number; }' is missing the following properties from type 'Record<FileCategory, number>': DRAWINGS, PRESENTATIONS, SPREADSHEETS, VIDEOS, AUDIO
src/utils/cloudinaryHelpers.ts(258,5): error TS2741: Property 'categoryBreakdown' is missing in type '{ quotaUsed: number; quotaLimit: number; totalFiles: number; totalSize: number; filesByCategory: Record<FileCategory, number>; recentFiles: ProjectFile[]; }' but required in type '{ totalFiles: number; totalSize: number; quotaUsed: number; quotaLimit: number; categoryBreakdown: Record<FileCategory, number>; }'.
src/utils/cloudinaryHelpers.ts(270,7): error TS2739: Type '{ DOCUMENTS: number; IMAGES: number; ARCHIVES: number; SUBSTANTIATION: number; DELIVERABLES: number; PROFILE: number; SYSTEM: number; }' is missing the following properties from type 'Record<FileCategory, number>': DRAWINGS, PRESENTATIONS, SPREADSHEETS, VIDEOS, AUDIO
src/utils/fileAccessControl.ts(65,44): error TS2367: This comparison appears to be unintentional because the types 'UserRole.FREELANCER | UserRole.CLIENT' and 'UserRole.ADMIN' have no overlap.
src/utils/performance/cssOptimization.ts(73,67): error TS2345: Argument of type '"layout paint"' is not assignable to parameter of type 'ContainmentType'.
src/utils/performance/cssOptimization.ts(74,49): error TS2345: Argument of type '"layout paint"' is not assignable to parameter of type 'ContainmentType'.
src/utils/performance/cssOptimization.ts(92,58): error TS2345: Argument of type '"layout paint"' is not assignable to parameter of type 'ContainmentType'.
src/utils/performance/cssOptimization.ts(93,50): error TS2345: Argument of type '"layout paint"' is not assignable to parameter of type 'ContainmentType'.
